MONITOR_START_UTC=2026-09-01T08:18:22+00:00
ALLOWED_ROOT_PID=19168
INTERVAL_SECONDS=5.0
SAMPLE=1 UTC=2026-09-01T08:18:22+00:00 EXTERNAL_MATCH_COUNT=0
SAMPLE=2 UTC=2026-09-01T08:18:27+00:00 EXTERNAL_MATCH_COUNT=0
SAMPLE=3 UTC=2026-09-01T08:18:32+00:00 EXTERNAL_MATCH_COUNT=0
SAMPLE=4 UTC=2026-09-01T08:18:37+00:00 EXTERNAL_MATCH_COUNT=0
SAMPLE=5 UTC=2026-09-01T08:18:42+00:00 EXTERNAL_MATCH_COUNT=0
SAMPLE=6 UTC=2026-09-01T08:18:47+00:00 EXTERNAL_MATCH_COUNT=0
SAMPLE=7 UTC=2026-09-01T08:18:52+00:00 EXTERNAL_MATCH_COUNT=0
SAMPLE=8 UTC=2026-09-01T08:18:57+00:00 EXTERNAL_MATCH_COUNT=0
SAMPLE=9 UTC=2026-09-01T08:19:02+00:00 EXTERNAL_MATCH_COUNT=0
SAMPLE=10 UTC=2026-09-01T08:19:07+00:00 EXTERNAL_MATCH_COUNT=0
SAMPLE=11 UTC=2026-09-01T08:19:12+00:00 EXTERNAL_MATCH_COUNT=0
SAMPLE=12 UTC=2026-09-01T08:19:17+00:00 EXTERNAL_MATCH_COUNT=0
SAMPLE=13 UTC=2026-09-01T08:19:23+00:00 EXTERNAL_MATCH_COUNT=0
SAMPLE=14 UTC=2026-09-01T08:19:28+00:00 EXTERNAL_MATCH_COUNT=0
SAMPLE=15 UTC=2026-09-01T08:19:33+00:00 EXTERNAL_MATCH_COUNT=0
SAMPLE=16 UTC=2026-09-01T08:19:38+00:00 EXTERNAL_MATCH_COUNT=0
SAMPLE=17 UTC=2026-09-01T08:19:43+00:00 EXTERNAL_MATCH_COUNT=0
SAMPLE=18 UTC=2026-09-01T08:19:48+00:00 EXTERNAL_MATCH_COUNT=0
SAMPLE=19 UTC=2026-09-01T08:19:53+00:00 EXTERNAL_MATCH_COUNT=0
SAMPLE=20 UTC=2026-09-01T08:19:58+00:00 EXTERNAL_MATCH_COUNT=0
SAMPLE=21 UTC=2026-09-01T08:20:03+00:00 EXTERNAL_MATCH_COUNT=0
SAMPLE=22 UTC=2026-09-01T08:20:08+00:00 EXTERNAL_MATCH_COUNT=0
SAMPLE=23 UTC=2026-09-01T08:20:13+00:00 EXTERNAL_MATCH_COUNT=0
SAMPLE=24 UTC=2026-09-01T08:20:18+00:00 EXTERNAL_MATCH_COUNT=0
SAMPLE=25 UTC=2026-09-01T08:20:23+00:00 EXTERNAL_MATCH_COUNT=0
SAMPLE=26 UTC=2026-09-01T08:20:28+00:00 EXTERNAL_MATCH_COUNT=0
SAMPLE=27 UTC=2026-09-01T08:20:33+00:00 EXTERNAL_MATCH_COUNT=0
SAMPLE=28 UTC=2026-09-01T08:20:38+00:00 EXTERNAL_MATCH_COUNT=0
SAMPLE=29 UTC=2026-09-01T08:20:43+00:00 EXTERNAL_MATCH_COUNT=0
SAMPLE=30 UTC=2026-09-01T08:20:48+00:00 EXTERNAL_MATCH_COUNT=0
SAMPLE=31 UTC=2026-09-01T08:20:54+00:00 EXTERNAL_MATCH_COUNT=0
SAMPLE=32 UTC=2026-09-01T08:20:59+00:00 EXTERNAL_MATCH_COUNT=0
SAMPLE=33 UTC=2026-09-01T08:21:04+00:00 EXTERNAL_MATCH_COUNT=0
SAMPLE=34 UTC=2026-09-01T08:21:09+00:00 EXTERNAL_MATCH_COUNT=0
SAMPLE=35 UTC=2026-09-01T08:21:14+00:00 EXTERNAL_MATCH_COUNT=0
SAMPLE=36 UTC=2026-09-01T08:21:19+00:00 EXTERNAL_MATCH_COUNT=0
SAMPLE=37 UTC=2026-09-01T08:21:24+00:00 EXTERNAL_MATCH_COUNT=0
SAMPLE=38 UTC=2026-09-01T08:21:29+00:00 EXTERNAL_MATCH_COUNT=0
SAMPLE=39 UTC=2026-09-01T08:21:34+00:00 EXTERNAL_MATCH_COUNT=0
SAMPLE=40 UTC=2026-09-01T08:21:39+00:00 EXTERNAL_MATCH_COUNT=0
SAMPLE=41 UTC=2026-09-01T08:21:44+00:00 EXTERNAL_MATCH_COUNT=0
SAMPLE=42 UTC=2026-09-01T08:21:49+00:00 EXTERNAL_MATCH_COUNT=0
SAMPLE=43 UTC=2026-09-01T08:21:54+00:00 EXTERNAL_MATCH_COUNT=0
SAMPLE=44 UTC=2026-09-01T08:21:59+00:00 EXTERNAL_MATCH_COUNT=0
SAMPLE=45 UTC=2026-09-01T08:22:04+00:00 EXTERNAL_MATCH_COUNT=0
SAMPLE=46 UTC=2026-09-01T08:22:09+00:00 EXTERNAL_MATCH_COUNT=0
SAMPLE=47 UTC=2026-09-01T08:22:14+00:00 EXTERNAL_MATCH_COUNT=0
SAMPLE=48 UTC=2026-09-01T08:22:20+00:00 EXTERNAL_MATCH_COUNT=0
SAMPLE=49 UTC=2026-09-01T08:22:25+00:00 EXTERNAL_MATCH_COUNT=0
SAMPLE=50 UTC=2026-09-01T08:22:30+00:00 EXTERNAL_MATCH_COUNT=0
SAMPLE=51 UTC=2026-09-01T08:22:35+00:00 EXTERNAL_MATCH_COUNT=0
SAMPLE=52 UTC=2026-09-01T08:22:40+00:00 EXTERNAL_MATCH_COUNT=0
SAMPLE=53 UTC=2026-09-01T08:22:45+00:00 EXTERNAL_MATCH_COUNT=0
SAMPLE=54 UTC=2026-09-01T08:22:50+00:00 EXTERNAL_MATCH_COUNT=0
SAMPLE=55 UTC=2026-09-01T08:22:55+00:00 EXTERNAL_MATCH_COUNT=0
SAMPLE=56 UTC=2026-09-01T08:23:00+00:00 EXTERNAL_MATCH_COUNT=0
SAMPLE=57 UTC=2026-09-01T08:23:05+00:00 EXTERNAL_MATCH_COUNT=0
SAMPLE=58 UTC=2026-09-01T08:23:10+00:00 EXTERNAL_MATCH_COUNT=0
SAMPLE=59 UTC=2026-09-01T08:23:15+00:00 EXTERNAL_MATCH_COUNT=0
SAMPLE=60 UTC=2026-09-01T08:23:20+00:00 EXTERNAL_MATCH_COUNT=0
SAMPLE=61 UTC=2026-09-01T08:23:25+00:00 EXTERNAL_MATCH_COUNT=0
SAMPLE=62 UTC=2026-09-01T08:23:30+00:00 EXTERNAL_MATCH_COUNT=0
SAMPLE=63 UTC=2026-09-01T08:23:35+00:00 EXTERNAL_MATCH_COUNT=0
SAMPLE=64 UTC=2026-09-01T08:23:40+00:00 EXTERNAL_MATCH_COUNT=0
SAMPLE=65 UTC=2026-09-01T08:23:45+00:00 EXTERNAL_MATCH_COUNT=0
SAMPLE=66 UTC=2026-09-01T08:23:50+00:00 EXTERNAL_MATCH_COUNT=0
SAMPLE=67 UTC=2026-09-01T08:23:56+00:00 EXTERNAL_MATCH_COUNT=0
SAMPLE=68 UTC=2026-09-01T08:24:01+00:00 EXTERNAL_MATCH_COUNT=0
SAMPLE=69 UTC=2026-09-01T08:24:06+00:00 EXTERNAL_MATCH_COUNT=0
SAMPLE=70 UTC=2026-09-01T08:24:11+00:00 EXTERNAL_MATCH_COUNT=0
SAMPLE=71 UTC=2026-09-01T08:24:16+00:00 EXTERNAL_MATCH_COUNT=0
SAMPLE=72 UTC=2026-09-01T08:24:21+00:00 EXTERNAL_MATCH_COUNT=0
SAMPLE=73 UTC=2026-09-01T08:24:26+00:00 EXTERNAL_MATCH_COUNT=0
SAMPLE=74 UTC=2026-09-01T08:24:31+00:00 EXTERNAL_MATCH_COUNT=0
SAMPLE=75 UTC=2026-09-01T08:24:36+00:00 EXTERNAL_MATCH_COUNT=0
SAMPLE=76 UTC=2026-09-01T08:24:41+00:00 EXTERNAL_MATCH_COUNT=0
SAMPLE=77 UTC=2026-09-01T08:24:46+00:00 EXTERNAL_MATCH_COUNT=0
SAMPLE=78 UTC=2026-09-01T08:24:51+00:00 EXTERNAL_MATCH_COUNT=0
SAMPLE=79 UTC=2026-09-01T08:24:56+00:00 EXTERNAL_MATCH_COUNT=0
SAMPLE=80 UTC=2026-09-01T08:25:01+00:00 EXTERNAL_MATCH_COUNT=0
SAMPLE=81 UTC=2026-09-01T08:25:06+00:00 EXTERNAL_MATCH_COUNT=0
SAMPLE=82 UTC=2026-09-01T08:25:11+00:00 EXTERNAL_MATCH_COUNT=0
SAMPLE=83 UTC=2026-09-01T08:25:16+00:00 EXTERNAL_MATCH_COUNT=0
SAMPLE=84 UTC=2026-09-01T08:25:21+00:00 EXTERNAL_MATCH_COUNT=0
SAMPLE=85 UTC=2026-09-01T08:25:27+00:00 EXTERNAL_MATCH_COUNT=0
SAMPLE=86 UTC=2026-09-01T08:25:32+00:00 EXTERNAL_MATCH_COUNT=0
SAMPLE=87 UTC=2026-09-01T08:25:37+00:00 EXTERNAL_MATCH_COUNT=0
SAMPLE=88 UTC=2026-09-01T08:25:42+00:00 EXTERNAL_MATCH_COUNT=0
SAMPLE=89 UTC=2026-09-01T08:25:47+00:00 EXTERNAL_MATCH_COUNT=0
SAMPLE=90 UTC=2026-09-01T08:25:52+00:00 EXTERNAL_MATCH_COUNT=0
SAMPLE=91 UTC=2026-09-01T08:25:57+00:00 EXTERNAL_MATCH_COUNT=0
SAMPLE=92 UTC=2026-09-01T08:26:02+00:00 EXTERNAL_MATCH_COUNT=0
MONITOR_END_UTC=2026-09-01T08:26:02+00:00
MONITOR_SAMPLE_COUNT=92
MONITOR_UNIQUE_EXTERNAL_MATCH_COUNT=0
