[WebServer] (node:73530) Warning: The 'NO_COLOR' env is ignored due to the 'FORCE_COLOR' env being set.
[WebServer] (Use `node --trace-warnings ...` to show where the warning was created)
[WebServer] (node:73540) Warning: The 'NO_COLOR' env is ignored due to the 'FORCE_COLOR' env being set.
[WebServer] (Use `node --trace-warnings ...` to show where the warning was created)

Running 86 tests using 1 worker

(node:73555) Warning: The 'NO_COLOR' env is ignored due to the 'FORCE_COLOR' env being set.
(Use `node --trace-warnings ...` to show where the warning was created)
  ✓   1 [desktop-chromium] › e2e/home.spec.ts:12:3 › 宪法首页 /home/ › HOME-E2E-01 骨架与 SEO 基础：title / h1 / skip-link / canonical (391ms)
  ✓   2 [desktop-chromium] › e2e/home.spec.ts:36:3 › 宪法首页 /home/ › HOME-E2E-02 顶部导航：品牌 + 五栏目链接均带 base 前缀 (150ms)
  ✓   3 [desktop-chromium] › e2e/home.spec.ts:60:3 › 宪法首页 /home/ › HOME-E2E-03 主题切换：html.dark 写入 + localStorage 持久化 + 刷新不回退 (317ms)
  ✓   4 [desktop-chromium] › e2e/home.spec.ts:90:3 › 宪法首页 /home/ › HOME-E2E-04 Lab 证据区：两张 Demo 卡指向 /lab/ 详情页且海报可加载 (355ms)
  ✓   5 [desktop-chromium] › e2e/home.spec.ts:113:3 › 宪法首页 /home/（无 JS） › HOME-E2E-05 禁用 JS：内容完整可读，导航与 Lab 入口不依赖脚本 (154ms)
  ✓   6 [desktop-chromium] › e2e/lab-index.spec.ts:13:3 › Lab 索引页 › LAB-E2E-01 manifest 卡片：2 个 live 模块、LIVE 徽标、预算与技术要点行 (178ms)
  ✓   7 [desktop-chromium] › e2e/lab-index.spec.ts:39:3 › Lab 索引页 › LAB-E2E-02 海报可加载且 view-transition-name 与详情页舞台配对（§9.3 morph 注册表） (258ms)
  ✓   8 [desktop-chromium] › e2e/lab-index.spec.ts:58:3 › Lab 索引页 › LAB-E2E-03 导航链路：卡片进详情页、面包屑回首页 (368ms)
  ✓   9 [desktop-chromium] › e2e/lab-index.spec.ts:70:3 › Lab 索引页 › LAB-E2E-04 零 JS 静态页：禁用 JS 后卡片内容完整 (121ms)
  ✓  10 [desktop-chromium] › e2e/site-health.spec.ts:29:3 › 全站健康度 › SITE-E2E-01 内链爬取：已交付路由全部 200；待交付路由精确命中白名单且必须仍为 404 (316ms)
  ✓  11 [desktop-chromium] › e2e/site-health.spec.ts:65:3 › 全站健康度 › SITE-E2E-02 未知路由返回 404（GitHub Pages 语义） (71ms)
  ✓  12 [desktop-chromium] › e2e/site-health.spec.ts:76:3 › 全站健康度 › SITE-E2E-03 sitemap：索引可达，含 `/`+`/home/`+lab 路由；world-spike（已归档 noindex）必须剔除 (8ms)
  ✓  13 [desktop-chromium] › e2e/site-health.spec.ts:98:3 › 全站健康度 › SITE-E2E-04 world-spike 归档验证入口：烟测可加载且无未捕获异常 (616ms)
  ✓  14 [desktop-chromium] › e2e/tts-cockpit.spec.ts:9:3 › TTS 座舱可视化 › TTS-E2E-01 facade 生命周期：poster → 自动挂载 ready → 覆盖层淡出 → 控制面解除 inert (643ms)
  ✓  15 [desktop-chromium] › e2e/tts-cockpit.spec.ts:32:3 › TTS 座舱可视化 › TTS-E2E-02 播放全链路：speaking → done、逐词字幕点亮、时钟/进度/统计联动 (10.5s)
  ✓  16 [desktop-chromium] › e2e/tts-cockpit.spec.ts:61:3 › TTS 座舱可视化 › TTS-E2E-03 交互切换：语言/场景按钮 aria-pressed 联动 + URL replaceState 深链回写 (329ms)
  ✓  17 [desktop-chromium] › e2e/tts-cockpit.spec.ts:89:3 › TTS 座舱可视化 › TTS-E2E-04 深链 ?locale=ar-SA&scene=park：阿拉伯语 RTL 镜像 + 场景直达 (319ms)
  ✓  18 [desktop-chromium] › e2e/tts-cockpit.spec.ts:114:3 › TTS 座舱可视化 › TTS-E2E-05 非法深链 ?locale=xx-XX&scene=bogus：回退默认 zh-CN × nav 不崩溃 (204ms)
  ✓  19 [desktop-chromium] › e2e/tts-cockpit.spec.ts:127:3 › TTS 座舱可视化 › TTS-E2E-06 reduced-motion：自动挂载被拦（data-blocked）、零新增 JS chunk、显式点击仍可启动 (3.3s)
  ✓  20 [desktop-chromium] › e2e/tts-cockpit.spec.ts:164:3 › TTS 座舱可视化（无 JS） › TTS-E2E-07 禁用 JS：noscript 提示就位，页眉说明与脚注仍可读 (154ms)
(node:73798) Warning: The 'NO_COLOR' env is ignored due to the 'FORCE_COLOR' env being set.
(Use `node --trace-warnings ...` to show where the warning was created)
  ✓  21 [mobile-375] › e2e/mobile.spec.ts:10:3 › 移动端 375px › MOB-E2E-01 宪法首页 /home/：无水平溢出、导航横滚可用、主题切换触控目标 ≥ 44px (192ms)
  ✓  22 [mobile-375] › e2e/mobile.spec.ts:32:3 › 移动端 375px › MOB-E2E-02 tts-cockpit：pointerFine=false → 触屏不拦截自动挂载，仪表簇按断点隐藏 (276ms)
  ✓  23 [mobile-375] › e2e/mobile.spec.ts:47:3 › 移动端 375px › MOB-E2E-03 car-configurator：pointerFine=true → 触屏拦截自动挂载（data-blocked=pointer），显式启动仍可用 (13.6s)
(node:73943) Warning: The 'NO_COLOR' env is ignored due to the 'FORCE_COLOR' env being set.
(Use `node --trace-warnings ...` to show where the warning was created)
  ✓  24 [car-chromium] › e2e/car-configurator.spec.ts:53:3 › 3D 车辆配置器 › CAR-E2E-01 facade → ready：canvas 呈现、HUD 揭示、后端徽标显示实际渲染后端 (11.5s)
  ✓  25 [car-chromium] › e2e/car-configurator.spec.ts:87:3 › 3D 车辆配置器 › CAR-E2E-02 ?gl=1 强制 WebGL 2 回退（§9.2 保留参数），且交互后参数保持 (11.4s)
  ✓  26 [car-chromium] › e2e/car-configurator.spec.ts:99:3 › 3D 车辆配置器 › CAR-E2E-03 深链 ?paint=&wheels=&livery= 三参组合：选中态与 HUD 全部生效 (12.5s)
  ✓  27 [car-chromium] › e2e/car-configurator.spec.ts:110:3 › 3D 车辆配置器 › CAR-E2E-04 非法深链 ?paint=hotpink&wheels=square&livery=none：忽略并回默认配置 (11.4s)
  ✓  28 [car-chromium] › e2e/car-configurator.spec.ts:124:3 › 3D 车辆配置器 › CAR-E2E-05 交互链路：车漆/分区 Tab/轮毂切换 + URL 回写与默认值清理 (14.2s)
  ✓  29 [car-chromium] › e2e/car-configurator.spec.ts:159:3 › 3D 车辆配置器 › CAR-E2E-06 reduced-motion：自动挂载被拦、不拉 3D 资产；显式启动逃生门可用 (8.9s)
  ✓  30 [car-chromium] › e2e/car-configurator.spec.ts:192:3 › 3D 车辆配置器（无 JS） › CAR-E2E-07 禁用 JS：noscript 提示就位，技术说明/署名静态可读 (156ms)
(node:74773) Warning: The 'NO_COLOR' env is ignored due to the 'FORCE_COLOR' env being set.
(Use `node --trace-warnings ...` to show where the warning was created)
  ✓  31 [world-chromium] › e2e/cyber-city-audio.spec.ts:46:3 › 科技城音效层 @phase0（CC-AUD-C1 · world-chromium 串行 project） › CITY-AUD-01 首手势前零 AudioContext → CTA 解锁 + 变形音计数 → 静音钮持久（localStorage 还原/写回）→ 驾驶引擎层激活 (2.2m)
  ✓  32 [world-chromium] › e2e/cyber-city-bgm.spec.ts:106:3 › 科技城 BGM 氛围垫 @phase0（CC-BGM-C1 · world-chromium 串行 project） › CITY-BGM-01 用例1（无种子挂载）：懒创建回归 + 样式门 + 默认 OFF + 开关钮持久 + user 埋点 + 主静音优先 + 驾驶 ducking + 零音频请求 (2.6m)
  ✓  33 [world-chromium] › e2e/cyber-city-bgm.spec.ts:209:3 › 科技城 BGM 氛围垫 @phase0（CC-BGM-C1 · world-chromium 串行 project） › CITY-BGM-01 用例2（种子 world-bgm-on=1 挂载）：解锁沿自动恢复播放（E）+ restore 埋点（H 后半） (1.8m)
  ✓  34 [world-chromium] › e2e/cyber-city-explore.spec.ts:285:3 › 科技城探索计数 n/12（CC-FXN-C4 · world-chromium 串行 project） › CITY-EXP-01 探索计数闭环：深链发现 → 驾驶 +1 → 重复进圈去重 → reload 持久还原（埋点互证） (7.7m)
  ✓  35 [world-chromium] › e2e/cyber-city-explore.spec.ts:429:3 › 科技城探索计数 n/12（CC-FXN-C4 · world-chromium 串行 project） › CITY-EXP-02 恒等门 + reduced-motion + 完成反馈：robot_idle 隐藏 → 11/12 还原呈现 → 末点集齐完成态（埋点互证） (3.8m)
  ✓  36 [world-chromium] › e2e/cyber-city-explore.spec.ts:540:3 › 科技城目标线 v0（CC-FXN-C5 · world-chromium 串行 project） › CITY-QST-01 目标线闭环：深链出生链首站到站 → 链推进 shown 步进 → 距离读数 → 折叠偏好（埋点互证） (1.5m)
  ✓  37 [world-chromium] › e2e/cyber-city-explore.spec.ts:628:3 › 科技城目标线 v0（CC-FXN-C5 · world-chromium 串行 project） › CITY-QST-02 恒等门 + car_ready 激活 + idle-30s 消费：robot_idle 隐藏零事件 → shown 链首 → 空闲 nudge 呈现（输入即收） (6.9m)
  ✓  38 [world-chromium] › e2e/cyber-city-feedback.spec.ts:104:3 › 科技城驾驶反馈包（CC-FXN-C2/C6 · world-chromium 串行 project） › CITY-FB-01…09 反馈全链：恒等门 → boost/刹车双沿 → 悬挂跳脉冲 → respawn toast → 翻车倒计时 → 测速牌驶越 (4.0m)
  ✓  39 [world-chromium] › e2e/cyber-city-feedback.spec.ts:299:3 › 科技城驾驶反馈包（CC-FXN-C2/C6 · world-chromium 串行 project） › CITY-FB-05 reduced-motion：恒等门生效 + boost/toast 静态呈现不剥夺 (1.7m)
  ✓  40 [world-chromium] › e2e/cyber-city-feedback.spec.ts:349:3 › 科技城驾驶反馈包（CC-FXN-C2/C6 · world-chromium 串行 project） › CITY-FB-06 灰盒碰撞脉冲：W 直行撞锥桶 → 碰撞 ×N 脉冲与 HUD 计数同拍呈现 (23.1s)
  ✓  41 [world-chromium] › e2e/cyber-city-feedback.spec.ts:406:3 › 科技城键位卡/首驶引导（CC-FXN-C1 · world-chromium 串行 project） › CITY-HINT-01 键位卡全链：恒等门 → car_ready 全键位浮现 → 首驶阅读窗 → 淡出 → H/按钮再唤出（埋点互证） (3.6m)
  ✓  42 [world-chromium] › e2e/cyber-city-feedback.spec.ts:504:3 › 科技城触屏文案分稿（CC-FXN-C1 · pointer: coarse） › CITY-HINT-02 触屏分文案：摇杆口径键位卡（零键盘键位）+「操作说明」召回按钮 + env.touch 互证 (2.3m)
  ✓  43 [world-chromium] › e2e/cyber-city-minimap.spec.ts:177:3 › 科技城 M 键小地图（CC-NAV-C1 · world-chromium 串行 project） › CITY-NAV-01 全链：M/Esc 开合（壳菜单零双响）→ Tab+Enter 选楼传送 → E 确认进站路由链 + 埋点 seq 序 (2.1m)
  ✓  44 [world-chromium] › e2e/cyber-city-minimap.spec.ts:287:3 › 科技城 M 键小地图（CC-NAV-C1 · world-chromium 串行 project） › CITY-NAV-02 恒等门：robot_idle 按 M 零反应/零面板 DOM/钮 hidden → 键位卡含 M 地图 → driving 态 M 开合 (2.9m)
  ✓  45 [world-chromium] › e2e/cyber-city-minimap.spec.ts:362:3 › 科技城小地图触屏/reduced-motion（CC-NAV-C1 · world-chromium 串行 project） › CITY-NAV-03 触屏+直切：HUD 钮点按开合（reduced-motion 即达终态）→ pin 点按传送落 parkingBay (1.5m)
  ✓  46 [world-chromium] › e2e/cyber-city-observability.spec.ts:362:3 › 科技城可观测性 @phase0（CC-OBS-C2 · world-chromium 串行 project） › CITY-OBS-01 漏斗全走 @funnel：ritual 动线 + V 往返 + R 重生 + 驾驶进 POI + E 进站取证 (7.8m)
  ✓  47 [world-chromium] › e2e/cyber-city-observability.spec.ts:484:3 › 科技城可观测性 @phase0（CC-OBS-C2 · world-chromium 串行 project） › CITY-OBS-01b 锥桶补充取证：灰盒直线撞桩 → cone-hit 事件 + coneHits 计数互证 (17.5s)
  ✓  48 [world-chromium] › e2e/cyber-city-observability.spec.ts:536:3 › 科技城可观测性 @phase0（CC-OBS-C2 · world-chromium 串行 project） › CITY-OBS-02 导出面契约：__worldSession 仅 dump 一键 + env 落定 + 纯快照语义 (49.2s)
  ✓  49 [world-chromium] › e2e/cyber-city-observability.spec.ts:591:3 › 科技城可观测性 @phase0（CC-OBS-C2 · world-chromium 串行 project） › CITY-OBS-03 dispose 合同：卸载前可取证 + 卸载时 console 摘要一次（table×2 + [session] 一行） (43.4s)
  ✓  50 [world-chromium] › e2e/cyber-city-observability.spec.ts:638:3 › 科技城可观测性 @phase0（CC-OBS-C2 · world-chromium 串行 project） › CITY-OBS-04 ring 溢出：520 条桥事件 → 丢最旧不失真；白名单外拒收 + 告警 (46.0s)
  ✓  51 [world-chromium] › e2e/cyber-city-observability.spec.ts:691:3 › 科技城可观测性 @phase0（CC-OBS-C2 · world-chromium 串行 project） › CITY-OBS-05 #debug 面板：无 hash 零 debug 请求；有 hash 面板只读 + tail + 导出下载 (2.6m)
  ✓  52 [world-chromium] › e2e/cyber-city-observability.spec.ts:745:3 › 科技城可观测性 @phase0（CC-OBS-C2 · world-chromium 串行 project） › CITY-OBS-06 冒烟脚本：function-smoke 消费 OBS-01/01b dump → 漏斗满额 + 覆盖齐 + 末行机读 (213ms)
  ✓  53 [world-chromium] › e2e/cyber-city-poi-arrival.spec.ts:159:3 › 科技城 POI 进站前奏（CC-FXN-C3 · world-chromium 串行 project） › CITY-PA-01 前奏时序：圈内 E → world-poi/shot-apply seq 序 → 定帧后 navigate 被拦（跳转前取证） (1.4m)
  ✓  54 [world-chromium] › e2e/cyber-city-poi-arrival.spec.ts:228:3 › 科技城 POI 进站前奏（CC-FXN-C3 · world-chromium 串行 project） › CITY-PA-02 驾驶中断：前奏窗内压 W → shot-interrupt{by:drive} seq 序 + 相机回跟随 + 零 navigate (1.2m)
  ✓  55 [world-chromium] › e2e/cyber-city-poi-arrival.spec.ts:285:3 › 科技城 POI 进站前奏（CC-FXN-C3 · world-chromium 串行 project） › CITY-PA-03 reduced-motion：直切定帧（零 tween）+ world-poi 照常 + 进站路径可完成 (1.0m)
  ✓  56 [world-chromium] › e2e/cyber-city-poi-arrival.spec.ts:338:3 › 科技城 POI 进站前奏（CC-FXN-C3 · world-chromium 串行 project） › CITY-PA-04 恒等门：robot_idle 期 E 完全不可达（零事件 + View 零触碰） (1.7m)
  ✓  57 [world-chromium] › e2e/cyber-city-signage.spec.ts:96:3 › 招牌叙事 v2 验收（CC-VIS-X3；world-chromium 串行） › CITY-SIGN-01 首幕 stagger：装配台账武装 + 全序点亮完成自摘（6 通道 × 150ms） (1.2m)
  ✓  58 [world-chromium] › e2e/cyber-city-signage.spec.ts:128:3 › 招牌叙事 v2 验收（CC-VIS-X3；world-chromium 串行） › CITY-SIGN-02 ?city=1 直出终态：零 stagger 瞬态 + 三层招牌/广告板网格逐名清点 (40.0s)
  ✓  59 [world-chromium] › e2e/cyber-city-signage.spec.ts:174:3 › 招牌叙事 v2 验收（CC-VIS-X3；world-chromium 串行） › CITY-SIGN-03 reduced-motion 首幕：stagger 不武装、直出终态零瞬态 (46.6s)
  ✓  60 [world-chromium] › e2e/cyber-city.spec.ts:147:3 › 科技城 @phase0 世界剧本（CC-E7 绿灯 · world-chromium 串行 project） › CITY-E2E-01 壳静态段合同：load 事件前零 world 字节 + HTML 零 world 静态标签 + 定位语/poster/noscript 就位 (137ms)
  ✓  61 [world-chromium] › e2e/cyber-city.spec.ts:175:3 › 科技城 @phase0 世界剧本（CC-E7 绿灯 · world-chromium 串行 project） › CITY-E2E-02 跳过出口：domcontentloaded 即可点 + Tab 第一焦点 → /home/ 落地零 world 字节 (704ms)
  ✓  62 [world-chromium] › e2e/cyber-city.spec.ts:207:3 › 科技城 @phase0 世界剧本（CC-E7 绿灯 · world-chromium 串行 project） › CITY-E2E-03 变形仪式：robot_idle → transforming（CTA disabled）→ car_ready，落地即刻 WASD 可开 (2.3m)
  ✓  63 [world-chromium] › e2e/cyber-city.spec.ts:252:3 › 科技城 @phase0 世界剧本（CC-E7 绿灯 · world-chromium 串行 project） › CITY-E2E-04 reduced-motion：不自动挂载零 world 字节；显式进入 → 终态直出；变形为即时切换 + 文字状态提示 (1.5m)
  ✓  64 [world-chromium] › e2e/cyber-city.spec.ts:287:3 › 科技城 @phase0 世界剧本（CC-E7 绿灯 · world-chromium 串行 project） › CITY-E2E-05 ?gl=1 回退：后端徽标 WebGL 2，变形仪式在回退腿同样可播，零未捕获异常 (1.8m)
  ✓  65 [world-chromium] › e2e/cyber-city.spec.ts:315:3 › 科技城 @phase0 世界剧本（CC-E7 绿灯 · world-chromium 串行 project） › CITY-E2E-06 机器人可见计时：poster 先显（LCP 不等 GLB），world-reveal 计时采集留档 (3.4m)
  ✘  66 [world-chromium] › e2e/cyber-city.spec.ts:347:3 › 科技城 @phase0 世界剧本（CC-E7 绿灯 · world-chromium 串行 project） › CITY-VEH-01/02/03/04/06 驾驶双视角：robot_idle 门禁 → car_ready 切 FPV 不触发 driving → FPV 驾驶 → V 往返 (19.4m)
  -  67 [world-chromium] › e2e/cyber-city.spec.ts:434:3 › 科技城 @phase0 世界剧本（CC-E7 绿灯 · world-chromium 串行 project） › CITY-VEH-05 reduced-motion：instant swap 至 car_ready 后 V 切换仍可往返
(node:80166) Warning: The 'NO_COLOR' env is ignored due to the 'FORCE_COLOR' env being set.
(Use `node --trace-warnings ...` to show where the warning was created)
  ✓  68 [world-chromium] › e2e/cyber-city.spec.ts:481:1 › CITY-VEH-07 相机注册表：drive_third/drive_fpv 登记（spec §7.1 冻结值）+ View 注册表消费 + ritual_idle 冻结守卫 (8ms)
(node:80167) Warning: The 'NO_COLOR' env is ignored due to the 'FORCE_COLOR' env being set.
(Use `node --trace-warnings ...` to show where the warning was created)
  ✓  69 [world-chromium] › e2e/world-spike.spec.ts:118:3 › world Spike 灰盒试验场 › WS-E2E-01 壳页静态合同：noindex+canonical→/、标题、逃生链接、poster、点击前零 world 字节 (3.5s)
  ✘  70 [world-chromium] › e2e/world-spike.spec.ts:165:3 › world Spike 灰盒试验场 › WS-E2E-02 进入试验场：显式启动 → ready，HUD/徽标/遥测揭示，资产仅在点击后拉取 (3.5m)
(node:80377) Warning: The 'NO_COLOR' env is ignored due to the 'FORCE_COLOR' env being set.
(Use `node --trace-warnings ...` to show where the warning was created)
  ✓  71 [world-chromium] › e2e/world-spike.spec.ts:221:3 › world Spike 灰盒试验场 › WS-E2E-03 WASD 可驾驶：W 加速、空格刹停、R 复位、Shift boost、A 左转、提示消隐 (1.4m)
  ✓  72 [world-chromium] › e2e/world-spike.spec.ts:293:3 › world Spike 灰盒试验场 › WS-E2E-04 锥桶碰撞 + R 复位闭环：直线撞桩 → 计数/HUD 联动 → 复位清零 (28.9s)
  ✓  73 [world-chromium] › e2e/world-spike.spec.ts:351:3 › world Spike 灰盒试验场 › WS-E2E-05 深链：?gl=1 强制 WebGL 2；白名单外参数忽略且 URL 不被改写 (15.9s)
  ✓  74 [world-chromium] › e2e/world-spike.spec.ts:368:3 › world Spike 灰盒试验场 › WS-E2E-11 ?vehicle=kinematic 运动学回退档：同壳同 HUD 可驾驶、遥测上报回退腿、零异常 (19.5s)
  ✓  75 [world-chromium] › e2e/world-spike.spec.ts:396:3 › world Spike 灰盒试验场 › WS-E2E-06 reduced-motion：静态壳保持零加载，显式「进入」逃生门照常工作 (15.4s)
  ✓  76 [world-chromium] › e2e/world-spike.spec.ts:420:3 › world Spike 灰盒试验场 › WS-E2E-07 dispose 再挂载：离页释放零异常，返回后可再次进入并驾驶 (32.6s)
  ✓  77 [world-chromium] › e2e/world-spike.spec.ts:463:3 › world Spike 灰盒试验场 › WS-E2E-08 快速切页：加载中弃页 + 全站五路由快切，零未捕获异常，终局仍可进入 (16.6s)
  ✓  78 [world-chromium] › e2e/world-spike.spec.ts:506:3 › world Spike（移动端 375px 触屏） › WS-E2E-09 触屏摇杆驾驶：随车 3D 摇杆遥测、真触摸驱动、复位按钮、无水平溢出 (19.3s)
  ✓  79 [world-chromium] › e2e/world-spike.spec.ts:579:3 › world Spike（无 JS） › WS-E2E-10 禁用 JS：noscript 提示就位，操作说明与署名静态可读，壳保持 idle (192ms)


  1) [world-chromium] › e2e/cyber-city.spec.ts:347:3 › 科技城 @phase0 世界剧本（CC-E7 绿灯 · world-chromium 串行 project） › CITY-VEH-01/02/03/04/06 驾驶双视角：robot_idle 门禁 → car_ready 切 FPV 不触发 driving → FPV 驾驶 → V 往返 

    Test timeout of 600000ms exceeded.

    Error: expect(locator).toHaveAttribute(expected) failed

    Locator:  locator('[data-world-host]')
    Expected: "ready"
    Received: "loading"
    Timeout:  210000ms

    Call log:
      - Expect "toHaveAttribute" with timeout 210000ms
      - waiting for locator('[data-world-host]')
        7 × locator resolved to <div class="world" data-state="idle" data-world-host="" data-astro-cid-lcdefpme="">…</div>
          - unexpected value "idle"
        14 × locator resolved to <div class="world" data-world-host="" data-state="loading" data-astro-cid-lcdefpme="">…</div>
           - unexpected value "loading"


      355 |     await page.goto(PAGE_URL);
      356 |     const host = page.locator(SEL.host);
    > 357 |     await expect(host).toHaveAttribute('data-state', 'ready', { timeout: MOUNT_TIMEOUT });
          |                        ^
      358 |     await expect(host).toHaveAttribute('data-world-state', 'robot_idle', { timeout: 120_000 });
      359 |
      360 |     // —— CITY-VEH-02：robot_idle 门禁（恒等）——V 被 filters 闸门物理拦截
        at /private/tmp/x2-104-full-r1/e2e/cyber-city.spec.ts:357:24

    Error Context: test-results/cyber-city-科技城-phase0-世界剧本-17ac9-不触发-driving-→-FPV-驾驶-→-V-往返-world-chromium/error-context.md

    attachment #2: trace (application/zip) ─────────────────────────────────────────────────────────
    test-results/cyber-city-科技城-phase0-世界剧本-17ac9-不触发-driving-→-FPV-驾驶-→-V-往返-world-chromium/trace.zip
    Usage:

        pnpm exec playwright show-trace test-results/cyber-city-科技城-phase0-世界剧本-17ac9-不触发-driving-→-FPV-驾驶-→-V-往返-world-chromium/trace.zip

    ────────────────────────────────────────────────────────────────────────────────────────────────

  2) [world-chromium] › e2e/world-spike.spec.ts:165:3 › world Spike 灰盒试验场 › WS-E2E-02 进入试验场：显式启动 → ready，HUD/徽标/遥测揭示，资产仅在点击后拉取 

    Error: expect(locator).toHaveAttribute(expected) failed

    Locator:  locator('[data-ws-host]')
    Expected: "ready"
    Received: "loading"
    Timeout:  150000ms

    Call log:
      - Expect "toHaveAttribute" with timeout 150000ms
      - waiting for locator('[data-ws-host]')
        5 × locator resolved to <div class="ws-host" data-ws-host="" data-state="loading" data-astro-cid-la5u2mgn="">…</div>
          - unexpected value "loading"


      103 |   await expect(host).toHaveAttribute('data-state', 'idle');
      104 |   await page.locator('[data-ws-start]').click();
    > 105 |   await expect(host).toHaveAttribute('data-state', 'ready', { timeout: MOUNT_TIMEOUT });
          |                      ^
      106 | }
      107 |
      108 | /** 驾驶/帧率遥测落盘（integration 报告的数据源） */
        at enterWorld (/private/tmp/x2-104-full-r1/e2e/world-spike.spec.ts:105:22)
        at /private/tmp/x2-104-full-r1/e2e/world-spike.spec.ts:173:5

    attachment #1: video (video/webm) ──────────────────────────────────────────────────────────────
    test-results/world-spike-world-Spike-灰盒-13c52-ready，HUD-徽标-遥测揭示，资产仅在点击后拉取-world-chromium/video.webm
    ────────────────────────────────────────────────────────────────────────────────────────────────

    Error Context: test-results/world-spike-world-Spike-灰盒-13c52-ready，HUD-徽标-遥测揭示，资产仅在点击后拉取-world-chromium/error-context.md

    attachment #3: trace (application/zip) ─────────────────────────────────────────────────────────
    test-results/world-spike-world-Spike-灰盒-13c52-ready，HUD-徽标-遥测揭示，资产仅在点击后拉取-world-chromium/trace.zip
    Usage:

        pnpm exec playwright show-trace test-results/world-spike-world-Spike-灰盒-13c52-ready，HUD-徽标-遥测揭示，资产仅在点击后拉取-world-chromium/trace.zip

    ────────────────────────────────────────────────────────────────────────────────────────────────

  Slow test file: [world-chromium] › e2e/cyber-city-explore.spec.ts (19.9m)
  Slow test file: [world-chromium] › e2e/cyber-city-observability.spec.ts (13.1m)
  Slow test file: [world-chromium] › e2e/cyber-city-feedback.spec.ts (12.0m)
  Slow test file: [world-chromium] › e2e/cyber-city-minimap.spec.ts (6.4m)
  Slow test file: [world-chromium] › e2e/cyber-city-poi-arrival.spec.ts (5.3m)
  Consider running tests from slow files in parallel. See: https://playwright.dev/docs/test-parallel
  2 failed
    [world-chromium] › e2e/cyber-city.spec.ts:347:3 › 科技城 @phase0 世界剧本（CC-E7 绿灯 · world-chromium 串行 project） › CITY-VEH-01/02/03/04/06 驾驶双视角：robot_idle 门禁 → car_ready 切 FPV 不触发 driving → FPV 驾驶 → V 往返 
    [world-chromium] › e2e/world-spike.spec.ts:165:3 › world Spike 灰盒试验场 › WS-E2E-02 进入试验场：显式启动 → ready，HUD/徽标/遥测揭示，资产仅在点击后拉取 
  8 did not run
  76 passed (1.7h)
EXIT=1
