MONITOR_START_UTC=2026-09-01T11:31:35+00:00
ALLOWED_ROOT_PID=73514
INTERVAL_SECONDS=5.0
SAMPLE=1 UTC=2026-09-01T11:31:35+00:00 EXTERNAL_MATCH_COUNT=0
SAMPLE=2 UTC=2026-09-01T11:31:40+00:00 EXTERNAL_MATCH_COUNT=0
SAMPLE=3 UTC=2026-09-01T11:31:45+00:00 EXTERNAL_MATCH_COUNT=0
SAMPLE=4 UTC=2026-09-01T11:31:50+00:00 EXTERNAL_MATCH_COUNT=0
SAMPLE=5 UTC=2026-09-01T11:31:55+00:00 EXTERNAL_MATCH_COUNT=0
SAMPLE=6 UTC=2026-09-01T11:32:00+00:00 EXTERNAL_MATCH_COUNT=0
SAMPLE=7 UTC=2026-09-01T11:32:05+00:00 EXTERNAL_MATCH_COUNT=0
SAMPLE=8 UTC=2026-09-01T11:32:10+00:00 EXTERNAL_MATCH_COUNT=0
SAMPLE=9 UTC=2026-09-01T11:32:15+00:00 EXTERNAL_MATCH_COUNT=0
SAMPLE=10 UTC=2026-09-01T11:32:20+00:00 EXTERNAL_MATCH_COUNT=0
SAMPLE=11 UTC=2026-09-01T11:32:25+00:00 EXTERNAL_MATCH_COUNT=0
SAMPLE=12 UTC=2026-09-01T11:32:30+00:00 EXTERNAL_MATCH_COUNT=0
SAMPLE=13 UTC=2026-09-01T11:32:35+00:00 EXTERNAL_MATCH_COUNT=0
SAMPLE=14 UTC=2026-09-01T11:32:40+00:00 EXTERNAL_MATCH_COUNT=0
SAMPLE=15 UTC=2026-09-01T11:32:46+00:00 EXTERNAL_MATCH_COUNT=0
SAMPLE=16 UTC=2026-09-01T11:32:51+00:00 EXTERNAL_MATCH_COUNT=0
SAMPLE=17 UTC=2026-09-01T11:32:56+00:00 EXTERNAL_MATCH_COUNT=0
SAMPLE=18 UTC=2026-09-01T11:33:01+00:00 EXTERNAL_MATCH_COUNT=0
SAMPLE=19 UTC=2026-09-01T11:33:06+00:00 EXTERNAL_MATCH_COUNT=0
SAMPLE=20 UTC=2026-09-01T11:33:11+00:00 EXTERNAL_MATCH_COUNT=0
SAMPLE=21 UTC=2026-09-01T11:33:16+00:00 EXTERNAL_MATCH_COUNT=0
SAMPLE=22 UTC=2026-09-01T11:33:21+00:00 EXTERNAL_MATCH_COUNT=0
SAMPLE=23 UTC=2026-09-01T11:33:26+00:00 EXTERNAL_MATCH_COUNT=0
SAMPLE=24 UTC=2026-09-01T11:33:31+00:00 EXTERNAL_MATCH_COUNT=0
SAMPLE=25 UTC=2026-09-01T11:33:36+00:00 EXTERNAL_MATCH_COUNT=0
SAMPLE=26 UTC=2026-09-01T11:33:41+00:00 EXTERNAL_MATCH_COUNT=0
SAMPLE=27 UTC=2026-09-01T11:33:46+00:00 EXTERNAL_MATCH_COUNT=0
SAMPLE=28 UTC=2026-09-01T11:33:51+00:00 EXTERNAL_MATCH_COUNT=0
SAMPLE=29 UTC=2026-09-01T11:33:56+00:00 EXTERNAL_MATCH_COUNT=0
SAMPLE=30 UTC=2026-09-01T11:34:01+00:00 EXTERNAL_MATCH_COUNT=0
SAMPLE=31 UTC=2026-09-01T11:34:06+00:00 EXTERNAL_MATCH_COUNT=0
SAMPLE=32 UTC=2026-09-01T11:34:11+00:00 EXTERNAL_MATCH_COUNT=0
SAMPLE=33 UTC=2026-09-01T11:34:17+00:00 EXTERNAL_MATCH_COUNT=0
SAMPLE=34 UTC=2026-09-01T11:34:22+00:00 EXTERNAL_MATCH_COUNT=0
SAMPLE=35 UTC=2026-09-01T11:34:27+00:00 EXTERNAL_MATCH_COUNT=0
SAMPLE=36 UTC=2026-09-01T11:34:32+00:00 EXTERNAL_MATCH_COUNT=0
SAMPLE=37 UTC=2026-09-01T11:34:37+00:00 EXTERNAL_MATCH_COUNT=0
SAMPLE=38 UTC=2026-09-01T11:34:42+00:00 EXTERNAL_MATCH_COUNT=0
SAMPLE=39 UTC=2026-09-01T11:34:47+00:00 EXTERNAL_MATCH_COUNT=0
SAMPLE=40 UTC=2026-09-01T11:34:52+00:00 EXTERNAL_MATCH_COUNT=0
SAMPLE=41 UTC=2026-09-01T11:34:57+00:00 EXTERNAL_MATCH_COUNT=0
SAMPLE=42 UTC=2026-09-01T11:35:02+00:00 EXTERNAL_MATCH_COUNT=0
SAMPLE=43 UTC=2026-09-01T11:35:07+00:00 EXTERNAL_MATCH_COUNT=0
SAMPLE=44 UTC=2026-09-01T11:35:12+00:00 EXTERNAL_MATCH_COUNT=0
SAMPLE=45 UTC=2026-09-01T11:35:17+00:00 EXTERNAL_MATCH_COUNT=0
SAMPLE=46 UTC=2026-09-01T11:35:22+00:00 EXTERNAL_MATCH_COUNT=0
SAMPLE=47 UTC=2026-09-01T11:35:27+00:00 EXTERNAL_MATCH_COUNT=0
SAMPLE=48 UTC=2026-09-01T11:35:32+00:00 EXTERNAL_MATCH_COUNT=0
SAMPLE=49 UTC=2026-09-01T11:35:37+00:00 EXTERNAL_MATCH_COUNT=0
SAMPLE=50 UTC=2026-09-01T11:35:43+00:00 EXTERNAL_MATCH_COUNT=0
SAMPLE=51 UTC=2026-09-01T11:35:48+00:00 EXTERNAL_MATCH_COUNT=0
SAMPLE=52 UTC=2026-09-01T11:35:53+00:00 EXTERNAL_MATCH_COUNT=0
SAMPLE=53 UTC=2026-09-01T11:35:58+00:00 EXTERNAL_MATCH_COUNT=0
SAMPLE=54 UTC=2026-09-01T11:36:03+00:00 EXTERNAL_MATCH_COUNT=0
SAMPLE=55 UTC=2026-09-01T11:36:08+00:00 EXTERNAL_MATCH_COUNT=0
SAMPLE=56 UTC=2026-09-01T11:36:13+00:00 EXTERNAL_MATCH_COUNT=0
SAMPLE=57 UTC=2026-09-01T11:36:18+00:00 EXTERNAL_MATCH_COUNT=0
SAMPLE=58 UTC=2026-09-01T11:36:23+00:00 EXTERNAL_MATCH_COUNT=0
SAMPLE=59 UTC=2026-09-01T11:36:28+00:00 EXTERNAL_MATCH_COUNT=0
SAMPLE=60 UTC=2026-09-01T11:36:33+00:00 EXTERNAL_MATCH_COUNT=0
SAMPLE=61 UTC=2026-09-01T11:36:38+00:00 EXTERNAL_MATCH_COUNT=0
SAMPLE=62 UTC=2026-09-01T11:36:43+00:00 EXTERNAL_MATCH_COUNT=0
SAMPLE=63 UTC=2026-09-01T11:36:48+00:00 EXTERNAL_MATCH_COUNT=0
SAMPLE=64 UTC=2026-09-01T11:36:53+00:00 EXTERNAL_MATCH_COUNT=0
SAMPLE=65 UTC=2026-09-01T11:36:58+00:00 EXTERNAL_MATCH_COUNT=0
SAMPLE=66 UTC=2026-09-01T11:37:03+00:00 EXTERNAL_MATCH_COUNT=0
SAMPLE=67 UTC=2026-09-01T11:37:08+00:00 EXTERNAL_MATCH_COUNT=0
SAMPLE=68 UTC=2026-09-01T11:37:13+00:00 EXTERNAL_MATCH_COUNT=0
SAMPLE=69 UTC=2026-09-01T11:37:19+00:00 EXTERNAL_MATCH_COUNT=0
SAMPLE=70 UTC=2026-09-01T11:37:24+00:00 EXTERNAL_MATCH_COUNT=0
SAMPLE=71 UTC=2026-09-01T11:37:29+00:00 EXTERNAL_MATCH_COUNT=0
SAMPLE=72 UTC=2026-09-01T11:37:34+00:00 EXTERNAL_MATCH_COUNT=0
SAMPLE=73 UTC=2026-09-01T11:37:39+00:00 EXTERNAL_MATCH_COUNT=0
SAMPLE=74 UTC=2026-09-01T11:37:44+00:00 EXTERNAL_MATCH_COUNT=0
SAMPLE=75 UTC=2026-09-01T11:37:49+00:00 EXTERNAL_MATCH_COUNT=0
SAMPLE=76 UTC=2026-09-01T11:37:54+00:00 EXTERNAL_MATCH_COUNT=0
SAMPLE=77 UTC=2026-09-01T11:37:59+00:00 EXTERNAL_MATCH_COUNT=0
SAMPLE=78 UTC=2026-09-01T11:38:04+00:00 EXTERNAL_MATCH_COUNT=0
SAMPLE=79 UTC=2026-09-01T11:38:09+00:00 EXTERNAL_MATCH_COUNT=0
SAMPLE=80 UTC=2026-09-01T11:38:14+00:00 EXTERNAL_MATCH_COUNT=0
SAMPLE=81 UTC=2026-09-01T11:38:19+00:00 EXTERNAL_MATCH_COUNT=0
SAMPLE=82 UTC=2026-09-01T11:38:24+00:00 EXTERNAL_MATCH_COUNT=0
SAMPLE=83 UTC=2026-09-01T11:38:29+00:00 EXTERNAL_MATCH_COUNT=0
SAMPLE=84 UTC=2026-09-01T11:38:35+00:00 EXTERNAL_MATCH_COUNT=0
SAMPLE=85 UTC=2026-09-01T11:38:40+00:00 EXTERNAL_MATCH_COUNT=0
SAMPLE=86 UTC=2026-09-01T11:38:45+00:00 EXTERNAL_MATCH_COUNT=0
SAMPLE=87 UTC=2026-09-01T11:38:50+00:00 EXTERNAL_MATCH_COUNT=0
SAMPLE=88 UTC=2026-09-01T11:38:55+00:00 EXTERNAL_MATCH_COUNT=0
SAMPLE=89 UTC=2026-09-01T11:39:00+00:00 EXTERNAL_MATCH_COUNT=0
SAMPLE=90 UTC=2026-09-01T11:39:05+00:00 EXTERNAL_MATCH_COUNT=0
SAMPLE=91 UTC=2026-09-01T11:39:10+00:00 EXTERNAL_MATCH_COUNT=0
SAMPLE=92 UTC=2026-09-01T11:39:15+00:00 EXTERNAL_MATCH_COUNT=0
SAMPLE=93 UTC=2026-09-01T11:39:20+00:00 EXTERNAL_MATCH_COUNT=0
SAMPLE=94 UTC=2026-09-01T11:39:25+00:00 EXTERNAL_MATCH_COUNT=0
SAMPLE=95 UTC=2026-09-01T11:39:30+00:00 EXTERNAL_MATCH_COUNT=0
SAMPLE=96 UTC=2026-09-01T11:39:35+00:00 EXTERNAL_MATCH_COUNT=0
SAMPLE=97 UTC=2026-09-01T11:39:40+00:00 EXTERNAL_MATCH_COUNT=0
SAMPLE=98 UTC=2026-09-01T11:39:45+00:00 EXTERNAL_MATCH_COUNT=0
SAMPLE=99 UTC=2026-09-01T11:39:50+00:00 EXTERNAL_MATCH_COUNT=0
SAMPLE=100 UTC=2026-09-01T11:39:55+00:00 EXTERNAL_MATCH_COUNT=0
SAMPLE=101 UTC=2026-09-01T11:40:00+00:00 EXTERNAL_MATCH_COUNT=0
SAMPLE=102 UTC=2026-09-01T11:40:05+00:00 EXTERNAL_MATCH_COUNT=0
SAMPLE=103 UTC=2026-09-01T11:40:10+00:00 EXTERNAL_MATCH_COUNT=0
SAMPLE=104 UTC=2026-09-01T11:40:16+00:00 EXTERNAL_MATCH_COUNT=0
SAMPLE=105 UTC=2026-09-01T11:40:21+00:00 EXTERNAL_MATCH_COUNT=0
SAMPLE=106 UTC=2026-09-01T11:40:26+00:00 EXTERNAL_MATCH_COUNT=0
SAMPLE=107 UTC=2026-09-01T11:40:31+00:00 EXTERNAL_MATCH_COUNT=0
SAMPLE=108 UTC=2026-09-01T11:40:36+00:00 EXTERNAL_MATCH_COUNT=0
SAMPLE=109 UTC=2026-09-01T11:40:41+00:00 EXTERNAL_MATCH_COUNT=0
SAMPLE=110 UTC=2026-09-01T11:40:46+00:00 EXTERNAL_MATCH_COUNT=0
SAMPLE=111 UTC=2026-09-01T11:40:51+00:00 EXTERNAL_MATCH_COUNT=0
SAMPLE=112 UTC=2026-09-01T11:40:56+00:00 EXTERNAL_MATCH_COUNT=0
SAMPLE=113 UTC=2026-09-01T11:41:01+00:00 EXTERNAL_MATCH_COUNT=0
SAMPLE=114 UTC=2026-09-01T11:41:06+00:00 EXTERNAL_MATCH_COUNT=0
SAMPLE=115 UTC=2026-09-01T11:41:11+00:00 EXTERNAL_MATCH_COUNT=0
SAMPLE=116 UTC=2026-09-01T11:41:16+00:00 EXTERNAL_MATCH_COUNT=0
SAMPLE=117 UTC=2026-09-01T11:41:21+00:00 EXTERNAL_MATCH_COUNT=0
SAMPLE=118 UTC=2026-09-01T11:41:26+00:00 EXTERNAL_MATCH_COUNT=0
SAMPLE=119 UTC=2026-09-01T11:41:31+00:00 EXTERNAL_MATCH_COUNT=0
SAMPLE=120 UTC=2026-09-01T11:41:36+00:00 EXTERNAL_MATCH_COUNT=0
SAMPLE=121 UTC=2026-09-01T11:41:42+00:00 EXTERNAL_MATCH_COUNT=0
SAMPLE=122 UTC=2026-09-01T11:41:47+00:00 EXTERNAL_MATCH_COUNT=0
SAMPLE=123 UTC=2026-09-01T11:41:52+00:00 EXTERNAL_MATCH_COUNT=0
SAMPLE=124 UTC=2026-09-01T11:41:57+00:00 EXTERNAL_MATCH_COUNT=0
SAMPLE=125 UTC=2026-09-01T11:42:02+00:00 EXTERNAL_MATCH_COUNT=0
SAMPLE=126 UTC=2026-09-01T11:42:07+00:00 EXTERNAL_MATCH_COUNT=0
SAMPLE=127 UTC=2026-09-01T11:42:12+00:00 EXTERNAL_MATCH_COUNT=0
SAMPLE=128 UTC=2026-09-01T11:42:17+00:00 EXTERNAL_MATCH_COUNT=0
SAMPLE=129 UTC=2026-09-01T11:42:22+00:00 EXTERNAL_MATCH_COUNT=0
SAMPLE=130 UTC=2026-09-01T11:42:27+00:00 EXTERNAL_MATCH_COUNT=0
SAMPLE=131 UTC=2026-09-01T11:42:32+00:00 EXTERNAL_MATCH_COUNT=0
SAMPLE=132 UTC=2026-09-01T11:42:37+00:00 EXTERNAL_MATCH_COUNT=0
SAMPLE=133 UTC=2026-09-01T11:42:42+00:00 EXTERNAL_MATCH_COUNT=0
SAMPLE=134 UTC=2026-09-01T11:42:47+00:00 EXTERNAL_MATCH_COUNT=0
SAMPLE=135 UTC=2026-09-01T11:42:52+00:00 EXTERNAL_MATCH_COUNT=0
SAMPLE=136 UTC=2026-09-01T11:42:57+00:00 EXTERNAL_MATCH_COUNT=0
SAMPLE=137 UTC=2026-09-01T11:43:02+00:00 EXTERNAL_MATCH_COUNT=0
SAMPLE=138 UTC=2026-09-01T11:43:08+00:00 EXTERNAL_MATCH_COUNT=0
SAMPLE=139 UTC=2026-09-01T11:43:13+00:00 EXTERNAL_MATCH_COUNT=0
SAMPLE=140 UTC=2026-09-01T11:43:18+00:00 EXTERNAL_MATCH_COUNT=0
SAMPLE=141 UTC=2026-09-01T11:43:23+00:00 EXTERNAL_MATCH_COUNT=0
SAMPLE=142 UTC=2026-09-01T11:43:28+00:00 EXTERNAL_MATCH_COUNT=0
SAMPLE=143 UTC=2026-09-01T11:43:33+00:00 EXTERNAL_MATCH_COUNT=0
SAMPLE=144 UTC=2026-09-01T11:43:38+00:00 EXTERNAL_MATCH_COUNT=0
SAMPLE=145 UTC=2026-09-01T11:43:43+00:00 EXTERNAL_MATCH_COUNT=0
SAMPLE=146 UTC=2026-09-01T11:43:48+00:00 EXTERNAL_MATCH_COUNT=0
SAMPLE=147 UTC=2026-09-01T11:43:53+00:00 EXTERNAL_MATCH_COUNT=0
SAMPLE=148 UTC=2026-09-01T11:43:58+00:00 EXTERNAL_MATCH_COUNT=0
SAMPLE=149 UTC=2026-09-01T11:44:03+00:00 EXTERNAL_MATCH_COUNT=0
SAMPLE=150 UTC=2026-09-01T11:44:08+00:00 EXTERNAL_MATCH_COUNT=0
SAMPLE=151 UTC=2026-09-01T11:44:13+00:00 EXTERNAL_MATCH_COUNT=0
SAMPLE=152 UTC=2026-09-01T11:44:19+00:00 EXTERNAL_MATCH_COUNT=0
SAMPLE=153 UTC=2026-09-01T11:44:24+00:00 EXTERNAL_MATCH_COUNT=0
SAMPLE=154 UTC=2026-09-01T11:44:29+00:00 EXTERNAL_MATCH_COUNT=0
SAMPLE=155 UTC=2026-09-01T11:44:34+00:00 EXTERNAL_MATCH_COUNT=0
SAMPLE=156 UTC=2026-09-01T11:44:39+00:00 EXTERNAL_MATCH_COUNT=0
SAMPLE=157 UTC=2026-09-01T11:44:44+00:00 EXTERNAL_MATCH_COUNT=0
SAMPLE=158 UTC=2026-09-01T11:44:49+00:00 EXTERNAL_MATCH_COUNT=0
SAMPLE=159 UTC=2026-09-01T11:44:54+00:00 EXTERNAL_MATCH_COUNT=0
SAMPLE=160 UTC=2026-09-01T11:44:59+00:00 EXTERNAL_MATCH_COUNT=0
SAMPLE=161 UTC=2026-09-01T11:45:04+00:00 EXTERNAL_MATCH_COUNT=0
SAMPLE=162 UTC=2026-09-01T11:45:09+00:00 EXTERNAL_MATCH_COUNT=0
SAMPLE=163 UTC=2026-09-01T11:45:14+00:00 EXTERNAL_MATCH_COUNT=0
SAMPLE=164 UTC=2026-09-01T11:45:19+00:00 EXTERNAL_MATCH_COUNT=0
SAMPLE=165 UTC=2026-09-01T11:45:24+00:00 EXTERNAL_MATCH_COUNT=0
SAMPLE=166 UTC=2026-09-01T11:45:29+00:00 EXTERNAL_MATCH_COUNT=0
SAMPLE=167 UTC=2026-09-01T11:45:35+00:00 EXTERNAL_MATCH_COUNT=0
SAMPLE=168 UTC=2026-09-01T11:45:40+00:00 EXTERNAL_MATCH_COUNT=0
SAMPLE=169 UTC=2026-09-01T11:45:45+00:00 EXTERNAL_MATCH_COUNT=0
SAMPLE=170 UTC=2026-09-01T11:45:50+00:00 EXTERNAL_MATCH_COUNT=0
SAMPLE=171 UTC=2026-09-01T11:45:55+00:00 EXTERNAL_MATCH_COUNT=0
SAMPLE=172 UTC=2026-09-01T11:46:00+00:00 EXTERNAL_MATCH_COUNT=0
SAMPLE=173 UTC=2026-09-01T11:46:05+00:00 EXTERNAL_MATCH_COUNT=0
SAMPLE=174 UTC=2026-09-01T11:46:10+00:00 EXTERNAL_MATCH_COUNT=0
SAMPLE=175 UTC=2026-09-01T11:46:15+00:00 EXTERNAL_MATCH_COUNT=0
SAMPLE=176 UTC=2026-09-01T11:46:20+00:00 EXTERNAL_MATCH_COUNT=0
SAMPLE=177 UTC=2026-09-01T11:46:25+00:00 EXTERNAL_MATCH_COUNT=0
SAMPLE=178 UTC=2026-09-01T11:46:30+00:00 EXTERNAL_MATCH_COUNT=0
SAMPLE=179 UTC=2026-09-01T11:46:35+00:00 EXTERNAL_MATCH_COUNT=0
SAMPLE=180 UTC=2026-09-01T11:46:40+00:00 EXTERNAL_MATCH_COUNT=0
SAMPLE=181 UTC=2026-09-01T11:46:45+00:00 EXTERNAL_MATCH_COUNT=0
SAMPLE=182 UTC=2026-09-01T11:46:50+00:00 EXTERNAL_MATCH_COUNT=0
SAMPLE=183 UTC=2026-09-01T11:46:56+00:00 EXTERNAL_MATCH_COUNT=0
SAMPLE=184 UTC=2026-09-01T11:47:01+00:00 EXTERNAL_MATCH_COUNT=0
SAMPLE=185 UTC=2026-09-01T11:47:06+00:00 EXTERNAL_MATCH_COUNT=0
SAMPLE=186 UTC=2026-09-01T11:47:11+00:00 EXTERNAL_MATCH_COUNT=0
SAMPLE=187 UTC=2026-09-01T11:47:16+00:00 EXTERNAL_MATCH_COUNT=0
SAMPLE=188 UTC=2026-09-01T11:47:21+00:00 EXTERNAL_MATCH_COUNT=0
SAMPLE=189 UTC=2026-09-01T11:47:26+00:00 EXTERNAL_MATCH_COUNT=0
SAMPLE=190 UTC=2026-09-01T11:47:31+00:00 EXTERNAL_MATCH_COUNT=0
SAMPLE=191 UTC=2026-09-01T11:47:36+00:00 EXTERNAL_MATCH_COUNT=0
SAMPLE=192 UTC=2026-09-01T11:47:41+00:00 EXTERNAL_MATCH_COUNT=0
SAMPLE=193 UTC=2026-09-01T11:47:46+00:00 EXTERNAL_MATCH_COUNT=0
SAMPLE=194 UTC=2026-09-01T11:47:51+00:00 EXTERNAL_MATCH_COUNT=0
SAMPLE=195 UTC=2026-09-01T11:47:56+00:00 EXTERNAL_MATCH_COUNT=0
SAMPLE=196 UTC=2026-09-01T11:48:02+00:00 EXTERNAL_MATCH_COUNT=0
SAMPLE=197 UTC=2026-09-01T11:48:07+00:00 EXTERNAL_MATCH_COUNT=0
SAMPLE=198 UTC=2026-09-01T11:48:12+00:00 EXTERNAL_MATCH_COUNT=0
SAMPLE=199 UTC=2026-09-01T11:48:17+00:00 EXTERNAL_MATCH_COUNT=0
SAMPLE=200 UTC=2026-09-01T11:48:22+00:00 EXTERNAL_MATCH_COUNT=0
SAMPLE=201 UTC=2026-09-01T11:48:27+00:00 EXTERNAL_MATCH_COUNT=0
SAMPLE=202 UTC=2026-09-01T11:48:32+00:00 EXTERNAL_MATCH_COUNT=0
SAMPLE=203 UTC=2026-09-01T11:48:37+00:00 EXTERNAL_MATCH_COUNT=0
SAMPLE=204 UTC=2026-09-01T11:48:42+00:00 EXTERNAL_MATCH_COUNT=0
SAMPLE=205 UTC=2026-09-01T11:48:47+00:00 EXTERNAL_MATCH_COUNT=0
SAMPLE=206 UTC=2026-09-01T11:48:52+00:00 EXTERNAL_MATCH_COUNT=0
SAMPLE=207 UTC=2026-09-01T11:48:57+00:00 EXTERNAL_MATCH_COUNT=0
SAMPLE=208 UTC=2026-09-01T11:49:02+00:00 EXTERNAL_MATCH_COUNT=0
SAMPLE=209 UTC=2026-09-01T11:49:07+00:00 EXTERNAL_MATCH_COUNT=0
SAMPLE=210 UTC=2026-09-01T11:49:13+00:00 EXTERNAL_MATCH_COUNT=0
SAMPLE=211 UTC=2026-09-01T11:49:18+00:00 EXTERNAL_MATCH_COUNT=0
SAMPLE=212 UTC=2026-09-01T11:49:23+00:00 EXTERNAL_MATCH_COUNT=0
SAMPLE=213 UTC=2026-09-01T11:49:28+00:00 EXTERNAL_MATCH_COUNT=0
SAMPLE=214 UTC=2026-09-01T11:49:33+00:00 EXTERNAL_MATCH_COUNT=0
SAMPLE=215 UTC=2026-09-01T11:49:38+00:00 EXTERNAL_MATCH_COUNT=0
SAMPLE=216 UTC=2026-09-01T11:49:43+00:00 EXTERNAL_MATCH_COUNT=0
SAMPLE=217 UTC=2026-09-01T11:49:48+00:00 EXTERNAL_MATCH_COUNT=0
SAMPLE=218 UTC=2026-09-01T11:49:53+00:00 EXTERNAL_MATCH_COUNT=0
SAMPLE=219 UTC=2026-09-01T11:49:58+00:00 EXTERNAL_MATCH_COUNT=0
SAMPLE=220 UTC=2026-09-01T11:50:03+00:00 EXTERNAL_MATCH_COUNT=0
SAMPLE=221 UTC=2026-09-01T11:50:08+00:00 EXTERNAL_MATCH_COUNT=0
SAMPLE=222 UTC=2026-09-01T11:50:13+00:00 EXTERNAL_MATCH_COUNT=0
SAMPLE=223 UTC=2026-09-01T11:50:18+00:00 EXTERNAL_MATCH_COUNT=0
SAMPLE=224 UTC=2026-09-01T11:50:23+00:00 EXTERNAL_MATCH_COUNT=0
SAMPLE=225 UTC=2026-09-01T11:50:28+00:00 EXTERNAL_MATCH_COUNT=0
SAMPLE=226 UTC=2026-09-01T11:50:33+00:00 EXTERNAL_MATCH_COUNT=0
SAMPLE=227 UTC=2026-09-01T11:50:38+00:00 EXTERNAL_MATCH_COUNT=0
SAMPLE=228 UTC=2026-09-01T11:50:44+00:00 EXTERNAL_MATCH_COUNT=0
SAMPLE=229 UTC=2026-09-01T11:50:49+00:00 EXTERNAL_MATCH_COUNT=0
SAMPLE=230 UTC=2026-09-01T11:50:54+00:00 EXTERNAL_MATCH_COUNT=0
SAMPLE=231 UTC=2026-09-01T11:50:59+00:00 EXTERNAL_MATCH_COUNT=0
SAMPLE=232 UTC=2026-09-01T11:51:04+00:00 EXTERNAL_MATCH_COUNT=0
SAMPLE=233 UTC=2026-09-01T11:51:09+00:00 EXTERNAL_MATCH_COUNT=0
SAMPLE=234 UTC=2026-09-01T11:51:14+00:00 EXTERNAL_MATCH_COUNT=0
SAMPLE=235 UTC=2026-09-01T11:51:19+00:00 EXTERNAL_MATCH_COUNT=0
SAMPLE=236 UTC=2026-09-01T11:51:24+00:00 EXTERNAL_MATCH_COUNT=0
SAMPLE=237 UTC=2026-09-01T11:51:29+00:00 EXTERNAL_MATCH_COUNT=0
SAMPLE=238 UTC=2026-09-01T11:51:34+00:00 EXTERNAL_MATCH_COUNT=0
SAMPLE=239 UTC=2026-09-01T11:51:39+00:00 EXTERNAL_MATCH_COUNT=0
SAMPLE=240 UTC=2026-09-01T11:51:44+00:00 EXTERNAL_MATCH_COUNT=0
SAMPLE=241 UTC=2026-09-01T11:51:49+00:00 EXTERNAL_MATCH_COUNT=0
SAMPLE=242 UTC=2026-09-01T11:51:54+00:00 EXTERNAL_MATCH_COUNT=0
SAMPLE=243 UTC=2026-09-01T11:51:59+00:00 EXTERNAL_MATCH_COUNT=0
SAMPLE=244 UTC=2026-09-01T11:52:04+00:00 EXTERNAL_MATCH_COUNT=0
SAMPLE=245 UTC=2026-09-01T11:52:09+00:00 EXTERNAL_MATCH_COUNT=0
SAMPLE=246 UTC=2026-09-01T11:52:15+00:00 EXTERNAL_MATCH_COUNT=0
SAMPLE=247 UTC=2026-09-01T11:52:20+00:00 EXTERNAL_MATCH_COUNT=0
SAMPLE=248 UTC=2026-09-01T11:52:25+00:00 EXTERNAL_MATCH_COUNT=0
SAMPLE=249 UTC=2026-09-01T11:52:30+00:00 EXTERNAL_MATCH_COUNT=0
SAMPLE=250 UTC=2026-09-01T11:52:35+00:00 EXTERNAL_MATCH_COUNT=0
SAMPLE=251 UTC=2026-09-01T11:52:40+00:00 EXTERNAL_MATCH_COUNT=0
SAMPLE=252 UTC=2026-09-01T11:52:45+00:00 EXTERNAL_MATCH_COUNT=0
SAMPLE=253 UTC=2026-09-01T11:52:50+00:00 EXTERNAL_MATCH_COUNT=0
SAMPLE=254 UTC=2026-09-01T11:52:55+00:00 EXTERNAL_MATCH_COUNT=0
SAMPLE=255 UTC=2026-09-01T11:53:00+00:00 EXTERNAL_MATCH_COUNT=0
SAMPLE=256 UTC=2026-09-01T11:53:05+00:00 EXTERNAL_MATCH_COUNT=0
SAMPLE=257 UTC=2026-09-01T11:53:10+00:00 EXTERNAL_MATCH_COUNT=0
SAMPLE=258 UTC=2026-09-01T11:53:15+00:00 EXTERNAL_MATCH_COUNT=0
SAMPLE=259 UTC=2026-09-01T11:53:20+00:00 EXTERNAL_MATCH_COUNT=0
SAMPLE=260 UTC=2026-09-01T11:53:25+00:00 EXTERNAL_MATCH_COUNT=0
SAMPLE=261 UTC=2026-09-01T11:53:30+00:00 EXTERNAL_MATCH_COUNT=0
SAMPLE=262 UTC=2026-09-01T11:53:35+00:00 EXTERNAL_MATCH_COUNT=0
SAMPLE=263 UTC=2026-09-01T11:53:40+00:00 EXTERNAL_MATCH_COUNT=0
SAMPLE=264 UTC=2026-09-01T11:53:46+00:00 EXTERNAL_MATCH_COUNT=0
SAMPLE=265 UTC=2026-09-01T11:53:51+00:00 EXTERNAL_MATCH_COUNT=0
SAMPLE=266 UTC=2026-09-01T11:53:56+00:00 EXTERNAL_MATCH_COUNT=0
SAMPLE=267 UTC=2026-09-01T11:54:01+00:00 EXTERNAL_MATCH_COUNT=0
SAMPLE=268 UTC=2026-09-01T11:54:06+00:00 EXTERNAL_MATCH_COUNT=0
SAMPLE=269 UTC=2026-09-01T11:54:11+00:00 EXTERNAL_MATCH_COUNT=0
SAMPLE=270 UTC=2026-09-01T11:54:16+00:00 EXTERNAL_MATCH_COUNT=0
SAMPLE=271 UTC=2026-09-01T11:54:21+00:00 EXTERNAL_MATCH_COUNT=0
SAMPLE=272 UTC=2026-09-01T11:54:26+00:00 EXTERNAL_MATCH_COUNT=0
SAMPLE=273 UTC=2026-09-01T11:54:31+00:00 EXTERNAL_MATCH_COUNT=0
SAMPLE=274 UTC=2026-09-01T11:54:36+00:00 EXTERNAL_MATCH_COUNT=0
SAMPLE=275 UTC=2026-09-01T11:54:41+00:00 EXTERNAL_MATCH_COUNT=0
SAMPLE=276 UTC=2026-09-01T11:54:46+00:00 EXTERNAL_MATCH_COUNT=0
SAMPLE=277 UTC=2026-09-01T11:54:51+00:00 EXTERNAL_MATCH_COUNT=0
SAMPLE=278 UTC=2026-09-01T11:54:56+00:00 EXTERNAL_MATCH_COUNT=0
SAMPLE=279 UTC=2026-09-01T11:55:01+00:00 EXTERNAL_MATCH_COUNT=0
SAMPLE=280 UTC=2026-09-01T11:55:06+00:00 EXTERNAL_MATCH_COUNT=0
SAMPLE=281 UTC=2026-09-01T11:55:11+00:00 EXTERNAL_MATCH_COUNT=0
SAMPLE=282 UTC=2026-09-01T11:55:16+00:00 EXTERNAL_MATCH_COUNT=0
SAMPLE=283 UTC=2026-09-01T11:55:22+00:00 EXTERNAL_MATCH_COUNT=0
SAMPLE=284 UTC=2026-09-01T11:55:27+00:00 EXTERNAL_MATCH_COUNT=0
SAMPLE=285 UTC=2026-09-01T11:55:32+00:00 EXTERNAL_MATCH_COUNT=0
SAMPLE=286 UTC=2026-09-01T11:55:37+00:00 EXTERNAL_MATCH_COUNT=0
SAMPLE=287 UTC=2026-09-01T11:55:42+00:00 EXTERNAL_MATCH_COUNT=0
SAMPLE=288 UTC=2026-09-01T11:55:47+00:00 EXTERNAL_MATCH_COUNT=0
SAMPLE=289 UTC=2026-09-01T11:55:52+00:00 EXTERNAL_MATCH_COUNT=0
SAMPLE=290 UTC=2026-09-01T11:55:57+00:00 EXTERNAL_MATCH_COUNT=0
SAMPLE=291 UTC=2026-09-01T11:56:02+00:00 EXTERNAL_MATCH_COUNT=0
SAMPLE=292 UTC=2026-09-01T11:56:07+00:00 EXTERNAL_MATCH_COUNT=0
SAMPLE=293 UTC=2026-09-01T11:56:12+00:00 EXTERNAL_MATCH_COUNT=0
SAMPLE=294 UTC=2026-09-01T11:56:17+00:00 EXTERNAL_MATCH_COUNT=0
SAMPLE=295 UTC=2026-09-01T11:56:22+00:00 EXTERNAL_MATCH_COUNT=0
SAMPLE=296 UTC=2026-09-01T11:56:27+00:00 EXTERNAL_MATCH_COUNT=0
SAMPLE=297 UTC=2026-09-01T11:56:32+00:00 EXTERNAL_MATCH_COUNT=0
SAMPLE=298 UTC=2026-09-01T11:56:37+00:00 EXTERNAL_MATCH_COUNT=0
SAMPLE=299 UTC=2026-09-01T11:56:42+00:00 EXTERNAL_MATCH_COUNT=0
SAMPLE=300 UTC=2026-09-01T11:56:47+00:00 EXTERNAL_MATCH_COUNT=0
SAMPLE=301 UTC=2026-09-01T11:56:52+00:00 EXTERNAL_MATCH_COUNT=0
SAMPLE=302 UTC=2026-09-01T11:56:58+00:00 EXTERNAL_MATCH_COUNT=0
SAMPLE=303 UTC=2026-09-01T11:57:03+00:00 EXTERNAL_MATCH_COUNT=0
SAMPLE=304 UTC=2026-09-01T11:57:08+00:00 EXTERNAL_MATCH_COUNT=0
SAMPLE=305 UTC=2026-09-01T11:57:13+00:00 EXTERNAL_MATCH_COUNT=0
SAMPLE=306 UTC=2026-09-01T11:57:18+00:00 EXTERNAL_MATCH_COUNT=0
SAMPLE=307 UTC=2026-09-01T11:57:23+00:00 EXTERNAL_MATCH_COUNT=0
SAMPLE=308 UTC=2026-09-01T11:57:28+00:00 EXTERNAL_MATCH_COUNT=0
SAMPLE=309 UTC=2026-09-01T11:57:33+00:00 EXTERNAL_MATCH_COUNT=0
SAMPLE=310 UTC=2026-09-01T11:57:38+00:00 EXTERNAL_MATCH_COUNT=0
SAMPLE=311 UTC=2026-09-01T11:57:43+00:00 EXTERNAL_MATCH_COUNT=0
SAMPLE=312 UTC=2026-09-01T11:57:48+00:00 EXTERNAL_MATCH_COUNT=0
SAMPLE=313 UTC=2026-09-01T11:57:53+00:00 EXTERNAL_MATCH_COUNT=0
SAMPLE=314 UTC=2026-09-01T11:57:58+00:00 EXTERNAL_MATCH_COUNT=0
SAMPLE=315 UTC=2026-09-01T11:58:03+00:00 EXTERNAL_MATCH_COUNT=0
SAMPLE=316 UTC=2026-09-01T11:58:08+00:00 EXTERNAL_MATCH_COUNT=0
SAMPLE=317 UTC=2026-09-01T11:58:13+00:00 EXTERNAL_MATCH_COUNT=0
SAMPLE=318 UTC=2026-09-01T11:58:18+00:00 EXTERNAL_MATCH_COUNT=0
SAMPLE=319 UTC=2026-09-01T11:58:23+00:00 EXTERNAL_MATCH_COUNT=0
SAMPLE=320 UTC=2026-09-01T11:58:28+00:00 EXTERNAL_MATCH_COUNT=0
SAMPLE=321 UTC=2026-09-01T11:58:33+00:00 EXTERNAL_MATCH_COUNT=0
SAMPLE=322 UTC=2026-09-01T11:58:39+00:00 EXTERNAL_MATCH_COUNT=0
SAMPLE=323 UTC=2026-09-01T11:58:44+00:00 EXTERNAL_MATCH_COUNT=0
SAMPLE=324 UTC=2026-09-01T11:58:49+00:00 EXTERNAL_MATCH_COUNT=0
SAMPLE=325 UTC=2026-09-01T11:58:54+00:00 EXTERNAL_MATCH_COUNT=0
SAMPLE=326 UTC=2026-09-01T11:58:59+00:00 EXTERNAL_MATCH_COUNT=0
SAMPLE=327 UTC=2026-09-01T11:59:04+00:00 EXTERNAL_MATCH_COUNT=0
SAMPLE=328 UTC=2026-09-01T11:59:09+00:00 EXTERNAL_MATCH_COUNT=0
SAMPLE=329 UTC=2026-09-01T11:59:14+00:00 EXTERNAL_MATCH_COUNT=0
SAMPLE=330 UTC=2026-09-01T11:59:19+00:00 EXTERNAL_MATCH_COUNT=0
SAMPLE=331 UTC=2026-09-01T11:59:24+00:00 EXTERNAL_MATCH_COUNT=0
SAMPLE=332 UTC=2026-09-01T11:59:29+00:00 EXTERNAL_MATCH_COUNT=0
SAMPLE=333 UTC=2026-09-01T11:59:34+00:00 EXTERNAL_MATCH_COUNT=0
SAMPLE=334 UTC=2026-09-01T11:59:39+00:00 EXTERNAL_MATCH_COUNT=0
SAMPLE=335 UTC=2026-09-01T11:59:44+00:00 EXTERNAL_MATCH_COUNT=0
SAMPLE=336 UTC=2026-09-01T11:59:49+00:00 EXTERNAL_MATCH_COUNT=0
SAMPLE=337 UTC=2026-09-01T11:59:54+00:00 EXTERNAL_MATCH_COUNT=0
SAMPLE=338 UTC=2026-09-01T12:00:00+00:00 EXTERNAL_MATCH_COUNT=0
SAMPLE=339 UTC=2026-09-01T12:00:05+00:00 EXTERNAL_MATCH_COUNT=0
SAMPLE=340 UTC=2026-09-01T12:00:10+00:00 EXTERNAL_MATCH_COUNT=0
SAMPLE=341 UTC=2026-09-01T12:00:15+00:00 EXTERNAL_MATCH_COUNT=0
SAMPLE=342 UTC=2026-09-01T12:00:20+00:00 EXTERNAL_MATCH_COUNT=0
SAMPLE=343 UTC=2026-09-01T12:00:25+00:00 EXTERNAL_MATCH_COUNT=0
SAMPLE=344 UTC=2026-09-01T12:00:30+00:00 EXTERNAL_MATCH_COUNT=0
SAMPLE=345 UTC=2026-09-01T12:00:35+00:00 EXTERNAL_MATCH_COUNT=0
SAMPLE=346 UTC=2026-09-01T12:00:40+00:00 EXTERNAL_MATCH_COUNT=0
SAMPLE=347 UTC=2026-09-01T12:00:45+00:00 EXTERNAL_MATCH_COUNT=0
SAMPLE=348 UTC=2026-09-01T12:00:50+00:00 EXTERNAL_MATCH_COUNT=0
SAMPLE=349 UTC=2026-09-01T12:00:55+00:00 EXTERNAL_MATCH_COUNT=0
SAMPLE=350 UTC=2026-09-01T12:01:00+00:00 EXTERNAL_MATCH_COUNT=0
SAMPLE=351 UTC=2026-09-01T12:01:05+00:00 EXTERNAL_MATCH_COUNT=0
SAMPLE=352 UTC=2026-09-01T12:01:10+00:00 EXTERNAL_MATCH_COUNT=0
SAMPLE=353 UTC=2026-09-01T12:01:15+00:00 EXTERNAL_MATCH_COUNT=0
SAMPLE=354 UTC=2026-09-01T12:01:20+00:00 EXTERNAL_MATCH_COUNT=0
SAMPLE=355 UTC=2026-09-01T12:01:25+00:00 EXTERNAL_MATCH_COUNT=0
SAMPLE=356 UTC=2026-09-01T12:01:31+00:00 EXTERNAL_MATCH_COUNT=0
SAMPLE=357 UTC=2026-09-01T12:01:36+00:00 EXTERNAL_MATCH_COUNT=0
SAMPLE=358 UTC=2026-09-01T12:01:41+00:00 EXTERNAL_MATCH_COUNT=0
SAMPLE=359 UTC=2026-09-01T12:01:46+00:00 EXTERNAL_MATCH_COUNT=0
SAMPLE=360 UTC=2026-09-01T12:01:51+00:00 EXTERNAL_MATCH_COUNT=0
SAMPLE=361 UTC=2026-09-01T12:01:56+00:00 EXTERNAL_MATCH_COUNT=0
SAMPLE=362 UTC=2026-09-01T12:02:01+00:00 EXTERNAL_MATCH_COUNT=0
SAMPLE=363 UTC=2026-09-01T12:02:06+00:00 EXTERNAL_MATCH_COUNT=0
SAMPLE=364 UTC=2026-09-01T12:02:11+00:00 EXTERNAL_MATCH_COUNT=0
SAMPLE=365 UTC=2026-09-01T12:02:16+00:00 EXTERNAL_MATCH_COUNT=0
SAMPLE=366 UTC=2026-09-01T12:02:21+00:00 EXTERNAL_MATCH_COUNT=0
SAMPLE=367 UTC=2026-09-01T12:02:26+00:00 EXTERNAL_MATCH_COUNT=0
SAMPLE=368 UTC=2026-09-01T12:02:31+00:00 EXTERNAL_MATCH_COUNT=0
SAMPLE=369 UTC=2026-09-01T12:02:36+00:00 EXTERNAL_MATCH_COUNT=0
SAMPLE=370 UTC=2026-09-01T12:02:41+00:00 EXTERNAL_MATCH_COUNT=0
SAMPLE=371 UTC=2026-09-01T12:02:46+00:00 EXTERNAL_MATCH_COUNT=0
SAMPLE=372 UTC=2026-09-01T12:02:52+00:00 EXTERNAL_MATCH_COUNT=0
SAMPLE=373 UTC=2026-09-01T12:02:57+00:00 EXTERNAL_MATCH_COUNT=0
SAMPLE=374 UTC=2026-09-01T12:03:02+00:00 EXTERNAL_MATCH_COUNT=0
SAMPLE=375 UTC=2026-09-01T12:03:07+00:00 EXTERNAL_MATCH_COUNT=0
SAMPLE=376 UTC=2026-09-01T12:03:12+00:00 EXTERNAL_MATCH_COUNT=0
SAMPLE=377 UTC=2026-09-01T12:03:17+00:00 EXTERNAL_MATCH_COUNT=0
SAMPLE=378 UTC=2026-09-01T12:03:22+00:00 EXTERNAL_MATCH_COUNT=0
SAMPLE=379 UTC=2026-09-01T12:03:27+00:00 EXTERNAL_MATCH_COUNT=0
SAMPLE=380 UTC=2026-09-01T12:03:32+00:00 EXTERNAL_MATCH_COUNT=0
SAMPLE=381 UTC=2026-09-01T12:03:37+00:00 EXTERNAL_MATCH_COUNT=0
SAMPLE=382 UTC=2026-09-01T12:03:42+00:00 EXTERNAL_MATCH_COUNT=0
SAMPLE=383 UTC=2026-09-01T12:03:47+00:00 EXTERNAL_MATCH_COUNT=0
SAMPLE=384 UTC=2026-09-01T12:03:52+00:00 EXTERNAL_MATCH_COUNT=0
SAMPLE=385 UTC=2026-09-01T12:03:58+00:00 EXTERNAL_MATCH_COUNT=0
SAMPLE=386 UTC=2026-09-01T12:04:03+00:00 EXTERNAL_MATCH_COUNT=0
SAMPLE=387 UTC=2026-09-01T12:04:08+00:00 EXTERNAL_MATCH_COUNT=0
SAMPLE=388 UTC=2026-09-01T12:04:13+00:00 EXTERNAL_MATCH_COUNT=0
SAMPLE=389 UTC=2026-09-01T12:04:18+00:00 EXTERNAL_MATCH_COUNT=0
SAMPLE=390 UTC=2026-09-01T12:04:23+00:00 EXTERNAL_MATCH_COUNT=0
SAMPLE=391 UTC=2026-09-01T12:04:28+00:00 EXTERNAL_MATCH_COUNT=0
SAMPLE=392 UTC=2026-09-01T12:04:33+00:00 EXTERNAL_MATCH_COUNT=0
SAMPLE=393 UTC=2026-09-01T12:04:38+00:00 EXTERNAL_MATCH_COUNT=0
SAMPLE=394 UTC=2026-09-01T12:04:43+00:00 EXTERNAL_MATCH_COUNT=0
SAMPLE=395 UTC=2026-09-01T12:04:48+00:00 EXTERNAL_MATCH_COUNT=0
SAMPLE=396 UTC=2026-09-01T12:04:53+00:00 EXTERNAL_MATCH_COUNT=0
SAMPLE=397 UTC=2026-09-01T12:04:59+00:00 EXTERNAL_MATCH_COUNT=0
SAMPLE=398 UTC=2026-09-01T12:05:04+00:00 EXTERNAL_MATCH_COUNT=0
SAMPLE=399 UTC=2026-09-01T12:05:09+00:00 EXTERNAL_MATCH_COUNT=0
SAMPLE=400 UTC=2026-09-01T12:05:14+00:00 EXTERNAL_MATCH_COUNT=0
SAMPLE=401 UTC=2026-09-01T12:05:19+00:00 EXTERNAL_MATCH_COUNT=0
SAMPLE=402 UTC=2026-09-01T12:05:24+00:00 EXTERNAL_MATCH_COUNT=0
SAMPLE=403 UTC=2026-09-01T12:05:29+00:00 EXTERNAL_MATCH_COUNT=0
SAMPLE=404 UTC=2026-09-01T12:05:34+00:00 EXTERNAL_MATCH_COUNT=0
SAMPLE=405 UTC=2026-09-01T12:05:39+00:00 EXTERNAL_MATCH_COUNT=0
SAMPLE=406 UTC=2026-09-01T12:05:44+00:00 EXTERNAL_MATCH_COUNT=0
SAMPLE=407 UTC=2026-09-01T12:05:49+00:00 EXTERNAL_MATCH_COUNT=0
SAMPLE=408 UTC=2026-09-01T12:05:54+00:00 EXTERNAL_MATCH_COUNT=0
SAMPLE=409 UTC=2026-09-01T12:05:59+00:00 EXTERNAL_MATCH_COUNT=0
SAMPLE=410 UTC=2026-09-01T12:06:04+00:00 EXTERNAL_MATCH_COUNT=0
SAMPLE=411 UTC=2026-09-01T12:06:09+00:00 EXTERNAL_MATCH_COUNT=0
SAMPLE=412 UTC=2026-09-01T12:06:14+00:00 EXTERNAL_MATCH_COUNT=0
SAMPLE=413 UTC=2026-09-01T12:06:19+00:00 EXTERNAL_MATCH_COUNT=0
SAMPLE=414 UTC=2026-09-01T12:06:24+00:00 EXTERNAL_MATCH_COUNT=0
SAMPLE=415 UTC=2026-09-01T12:06:30+00:00 EXTERNAL_MATCH_COUNT=0
SAMPLE=416 UTC=2026-09-01T12:06:35+00:00 EXTERNAL_MATCH_COUNT=0
SAMPLE=417 UTC=2026-09-01T12:06:40+00:00 EXTERNAL_MATCH_COUNT=0
SAMPLE=418 UTC=2026-09-01T12:06:45+00:00 EXTERNAL_MATCH_COUNT=0
SAMPLE=419 UTC=2026-09-01T12:06:50+00:00 EXTERNAL_MATCH_COUNT=0
SAMPLE=420 UTC=2026-09-01T12:06:55+00:00 EXTERNAL_MATCH_COUNT=0
SAMPLE=421 UTC=2026-09-01T12:07:00+00:00 EXTERNAL_MATCH_COUNT=0
SAMPLE=422 UTC=2026-09-01T12:07:05+00:00 EXTERNAL_MATCH_COUNT=0
SAMPLE=423 UTC=2026-09-01T12:07:10+00:00 EXTERNAL_MATCH_COUNT=0
SAMPLE=424 UTC=2026-09-01T12:07:15+00:00 EXTERNAL_MATCH_COUNT=0
SAMPLE=425 UTC=2026-09-01T12:07:20+00:00 EXTERNAL_MATCH_COUNT=0
SAMPLE=426 UTC=2026-09-01T12:07:25+00:00 EXTERNAL_MATCH_COUNT=0
SAMPLE=427 UTC=2026-09-01T12:07:30+00:00 EXTERNAL_MATCH_COUNT=0
SAMPLE=428 UTC=2026-09-01T12:07:35+00:00 EXTERNAL_MATCH_COUNT=0
SAMPLE=429 UTC=2026-09-01T12:07:40+00:00 EXTERNAL_MATCH_COUNT=0
SAMPLE=430 UTC=2026-09-01T12:07:45+00:00 EXTERNAL_MATCH_COUNT=0
SAMPLE=431 UTC=2026-09-01T12:07:51+00:00 EXTERNAL_MATCH_COUNT=0
SAMPLE=432 UTC=2026-09-01T12:07:56+00:00 EXTERNAL_MATCH_COUNT=0
SAMPLE=433 UTC=2026-09-01T12:08:01+00:00 EXTERNAL_MATCH_COUNT=0
SAMPLE=434 UTC=2026-09-01T12:08:06+00:00 EXTERNAL_MATCH_COUNT=0
SAMPLE=435 UTC=2026-09-01T12:08:11+00:00 EXTERNAL_MATCH_COUNT=0
SAMPLE=436 UTC=2026-09-01T12:08:16+00:00 EXTERNAL_MATCH_COUNT=0
SAMPLE=437 UTC=2026-09-01T12:08:21+00:00 EXTERNAL_MATCH_COUNT=0
SAMPLE=438 UTC=2026-09-01T12:08:26+00:00 EXTERNAL_MATCH_COUNT=0
SAMPLE=439 UTC=2026-09-01T12:08:31+00:00 EXTERNAL_MATCH_COUNT=0
SAMPLE=440 UTC=2026-09-01T12:08:36+00:00 EXTERNAL_MATCH_COUNT=0
SAMPLE=441 UTC=2026-09-01T12:08:41+00:00 EXTERNAL_MATCH_COUNT=0
SAMPLE=442 UTC=2026-09-01T12:08:46+00:00 EXTERNAL_MATCH_COUNT=0
SAMPLE=443 UTC=2026-09-01T12:08:51+00:00 EXTERNAL_MATCH_COUNT=0
SAMPLE=444 UTC=2026-09-01T12:08:56+00:00 EXTERNAL_MATCH_COUNT=0
SAMPLE=445 UTC=2026-09-01T12:09:01+00:00 EXTERNAL_MATCH_COUNT=0
SAMPLE=446 UTC=2026-09-01T12:09:06+00:00 EXTERNAL_MATCH_COUNT=0
SAMPLE=447 UTC=2026-09-01T12:09:12+00:00 EXTERNAL_MATCH_COUNT=0
SAMPLE=448 UTC=2026-09-01T12:09:17+00:00 EXTERNAL_MATCH_COUNT=0
SAMPLE=449 UTC=2026-09-01T12:09:22+00:00 EXTERNAL_MATCH_COUNT=0
SAMPLE=450 UTC=2026-09-01T12:09:27+00:00 EXTERNAL_MATCH_COUNT=0
SAMPLE=451 UTC=2026-09-01T12:09:32+00:00 EXTERNAL_MATCH_COUNT=0
SAMPLE=452 UTC=2026-09-01T12:09:37+00:00 EXTERNAL_MATCH_COUNT=0
SAMPLE=453 UTC=2026-09-01T12:09:42+00:00 EXTERNAL_MATCH_COUNT=0
SAMPLE=454 UTC=2026-09-01T12:09:47+00:00 EXTERNAL_MATCH_COUNT=0
SAMPLE=455 UTC=2026-09-01T12:09:52+00:00 EXTERNAL_MATCH_COUNT=0
SAMPLE=456 UTC=2026-09-01T12:09:57+00:00 EXTERNAL_MATCH_COUNT=0
SAMPLE=457 UTC=2026-09-01T12:10:02+00:00 EXTERNAL_MATCH_COUNT=0
SAMPLE=458 UTC=2026-09-01T12:10:07+00:00 EXTERNAL_MATCH_COUNT=0
SAMPLE=459 UTC=2026-09-01T12:10:12+00:00 EXTERNAL_MATCH_COUNT=0
SAMPLE=460 UTC=2026-09-01T12:10:17+00:00 EXTERNAL_MATCH_COUNT=0
SAMPLE=461 UTC=2026-09-01T12:10:22+00:00 EXTERNAL_MATCH_COUNT=0
SAMPLE=462 UTC=2026-09-01T12:10:28+00:00 EXTERNAL_MATCH_COUNT=0
SAMPLE=463 UTC=2026-09-01T12:10:33+00:00 EXTERNAL_MATCH_COUNT=0
SAMPLE=464 UTC=2026-09-01T12:10:38+00:00 EXTERNAL_MATCH_COUNT=0
SAMPLE=465 UTC=2026-09-01T12:10:43+00:00 EXTERNAL_MATCH_COUNT=0
SAMPLE=466 UTC=2026-09-01T12:10:48+00:00 EXTERNAL_MATCH_COUNT=0
SAMPLE=467 UTC=2026-09-01T12:10:53+00:00 EXTERNAL_MATCH_COUNT=0
SAMPLE=468 UTC=2026-09-01T12:10:58+00:00 EXTERNAL_MATCH_COUNT=0
SAMPLE=469 UTC=2026-09-01T12:11:03+00:00 EXTERNAL_MATCH_COUNT=0
SAMPLE=470 UTC=2026-09-01T12:11:08+00:00 EXTERNAL_MATCH_COUNT=0
SAMPLE=471 UTC=2026-09-01T12:11:13+00:00 EXTERNAL_MATCH_COUNT=0
SAMPLE=472 UTC=2026-09-01T12:11:18+00:00 EXTERNAL_MATCH_COUNT=0
SAMPLE=473 UTC=2026-09-01T12:11:23+00:00 EXTERNAL_MATCH_COUNT=0
SAMPLE=474 UTC=2026-09-01T12:11:28+00:00 EXTERNAL_MATCH_COUNT=0
SAMPLE=475 UTC=2026-09-01T12:11:33+00:00 EXTERNAL_MATCH_COUNT=0
SAMPLE=476 UTC=2026-09-01T12:11:38+00:00 EXTERNAL_MATCH_COUNT=0
SAMPLE=477 UTC=2026-09-01T12:11:43+00:00 EXTERNAL_MATCH_COUNT=0
SAMPLE=478 UTC=2026-09-01T12:11:48+00:00 EXTERNAL_MATCH_COUNT=0
SAMPLE=479 UTC=2026-09-01T12:11:53+00:00 EXTERNAL_MATCH_COUNT=0
SAMPLE=480 UTC=2026-09-01T12:11:59+00:00 EXTERNAL_MATCH_COUNT=0
SAMPLE=481 UTC=2026-09-01T12:12:04+00:00 EXTERNAL_MATCH_COUNT=0
SAMPLE=482 UTC=2026-09-01T12:12:09+00:00 EXTERNAL_MATCH_COUNT=0
SAMPLE=483 UTC=2026-09-01T12:12:14+00:00 EXTERNAL_MATCH_COUNT=0
SAMPLE=484 UTC=2026-09-01T12:12:19+00:00 EXTERNAL_MATCH_COUNT=0
SAMPLE=485 UTC=2026-09-01T12:12:24+00:00 EXTERNAL_MATCH_COUNT=0
SAMPLE=486 UTC=2026-09-01T12:12:29+00:00 EXTERNAL_MATCH_COUNT=0
SAMPLE=487 UTC=2026-09-01T12:12:34+00:00 EXTERNAL_MATCH_COUNT=0
SAMPLE=488 UTC=2026-09-01T12:12:39+00:00 EXTERNAL_MATCH_COUNT=0
SAMPLE=489 UTC=2026-09-01T12:12:44+00:00 EXTERNAL_MATCH_COUNT=0
SAMPLE=490 UTC=2026-09-01T12:12:49+00:00 EXTERNAL_MATCH_COUNT=0
SAMPLE=491 UTC=2026-09-01T12:12:54+00:00 EXTERNAL_MATCH_COUNT=0
SAMPLE=492 UTC=2026-09-01T12:12:59+00:00 EXTERNAL_MATCH_COUNT=0
SAMPLE=493 UTC=2026-09-01T12:13:04+00:00 EXTERNAL_MATCH_COUNT=0
SAMPLE=494 UTC=2026-09-01T12:13:09+00:00 EXTERNAL_MATCH_COUNT=0
SAMPLE=495 UTC=2026-09-01T12:13:14+00:00 EXTERNAL_MATCH_COUNT=0
SAMPLE=496 UTC=2026-09-01T12:13:19+00:00 EXTERNAL_MATCH_COUNT=0
SAMPLE=497 UTC=2026-09-01T12:13:25+00:00 EXTERNAL_MATCH_COUNT=0
SAMPLE=498 UTC=2026-09-01T12:13:30+00:00 EXTERNAL_MATCH_COUNT=0
SAMPLE=499 UTC=2026-09-01T12:13:35+00:00 EXTERNAL_MATCH_COUNT=0
SAMPLE=500 UTC=2026-09-01T12:13:40+00:00 EXTERNAL_MATCH_COUNT=0
SAMPLE=501 UTC=2026-09-01T12:13:45+00:00 EXTERNAL_MATCH_COUNT=0
SAMPLE=502 UTC=2026-09-01T12:13:50+00:00 EXTERNAL_MATCH_COUNT=0
SAMPLE=503 UTC=2026-09-01T12:13:55+00:00 EXTERNAL_MATCH_COUNT=0
SAMPLE=504 UTC=2026-09-01T12:14:00+00:00 EXTERNAL_MATCH_COUNT=0
SAMPLE=505 UTC=2026-09-01T12:14:05+00:00 EXTERNAL_MATCH_COUNT=0
SAMPLE=506 UTC=2026-09-01T12:14:11+00:00 EXTERNAL_MATCH_COUNT=0
SAMPLE=507 UTC=2026-09-01T12:14:16+00:00 EXTERNAL_MATCH_COUNT=0
SAMPLE=508 UTC=2026-09-01T12:14:21+00:00 EXTERNAL_MATCH_COUNT=0
SAMPLE=509 UTC=2026-09-01T12:14:26+00:00 EXTERNAL_MATCH_COUNT=0
SAMPLE=510 UTC=2026-09-01T12:14:31+00:00 EXTERNAL_MATCH_COUNT=0
SAMPLE=511 UTC=2026-09-01T12:14:36+00:00 EXTERNAL_MATCH_COUNT=0
SAMPLE=512 UTC=2026-09-01T12:14:41+00:00 EXTERNAL_MATCH_COUNT=0
SAMPLE=513 UTC=2026-09-01T12:14:46+00:00 EXTERNAL_MATCH_COUNT=0
SAMPLE=514 UTC=2026-09-01T12:14:51+00:00 EXTERNAL_MATCH_COUNT=0
SAMPLE=515 UTC=2026-09-01T12:14:56+00:00 EXTERNAL_MATCH_COUNT=0
SAMPLE=516 UTC=2026-09-01T12:15:01+00:00 EXTERNAL_MATCH_COUNT=0
SAMPLE=517 UTC=2026-09-01T12:15:06+00:00 EXTERNAL_MATCH_COUNT=0
SAMPLE=518 UTC=2026-09-01T12:15:11+00:00 EXTERNAL_MATCH_COUNT=0
SAMPLE=519 UTC=2026-09-01T12:15:16+00:00 EXTERNAL_MATCH_COUNT=0
SAMPLE=520 UTC=2026-09-01T12:15:22+00:00 EXTERNAL_MATCH_COUNT=0
SAMPLE=521 UTC=2026-09-01T12:15:27+00:00 EXTERNAL_MATCH_COUNT=0
SAMPLE=522 UTC=2026-09-01T12:15:32+00:00 EXTERNAL_MATCH_COUNT=0
SAMPLE=523 UTC=2026-09-01T12:15:37+00:00 EXTERNAL_MATCH_COUNT=0
SAMPLE=524 UTC=2026-09-01T12:15:42+00:00 EXTERNAL_MATCH_COUNT=0
SAMPLE=525 UTC=2026-09-01T12:15:47+00:00 EXTERNAL_MATCH_COUNT=0
SAMPLE=526 UTC=2026-09-01T12:15:52+00:00 EXTERNAL_MATCH_COUNT=0
SAMPLE=527 UTC=2026-09-01T12:15:57+00:00 EXTERNAL_MATCH_COUNT=0
SAMPLE=528 UTC=2026-09-01T12:16:02+00:00 EXTERNAL_MATCH_COUNT=0
SAMPLE=529 UTC=2026-09-01T12:16:07+00:00 EXTERNAL_MATCH_COUNT=0
SAMPLE=530 UTC=2026-09-01T12:16:12+00:00 EXTERNAL_MATCH_COUNT=0
SAMPLE=531 UTC=2026-09-01T12:16:17+00:00 EXTERNAL_MATCH_COUNT=0
SAMPLE=532 UTC=2026-09-01T12:16:22+00:00 EXTERNAL_MATCH_COUNT=0
SAMPLE=533 UTC=2026-09-01T12:16:27+00:00 EXTERNAL_MATCH_COUNT=0
SAMPLE=534 UTC=2026-09-01T12:16:32+00:00 EXTERNAL_MATCH_COUNT=0
SAMPLE=535 UTC=2026-09-01T12:16:37+00:00 EXTERNAL_MATCH_COUNT=0
SAMPLE=536 UTC=2026-09-01T12:16:43+00:00 EXTERNAL_MATCH_COUNT=0
SAMPLE=537 UTC=2026-09-01T12:16:48+00:00 EXTERNAL_MATCH_COUNT=0
SAMPLE=538 UTC=2026-09-01T12:16:53+00:00 EXTERNAL_MATCH_COUNT=0
SAMPLE=539 UTC=2026-09-01T12:16:58+00:00 EXTERNAL_MATCH_COUNT=0
SAMPLE=540 UTC=2026-09-01T12:17:03+00:00 EXTERNAL_MATCH_COUNT=0
SAMPLE=541 UTC=2026-09-01T12:17:08+00:00 EXTERNAL_MATCH_COUNT=0
SAMPLE=542 UTC=2026-09-01T12:17:13+00:00 EXTERNAL_MATCH_COUNT=0
SAMPLE=543 UTC=2026-09-01T12:17:18+00:00 EXTERNAL_MATCH_COUNT=0
SAMPLE=544 UTC=2026-09-01T12:17:23+00:00 EXTERNAL_MATCH_COUNT=0
SAMPLE=545 UTC=2026-09-01T12:17:28+00:00 EXTERNAL_MATCH_COUNT=0
SAMPLE=546 UTC=2026-09-01T12:17:33+00:00 EXTERNAL_MATCH_COUNT=0
SAMPLE=547 UTC=2026-09-01T12:17:38+00:00 EXTERNAL_MATCH_COUNT=0
SAMPLE=548 UTC=2026-09-01T12:17:43+00:00 EXTERNAL_MATCH_COUNT=0
SAMPLE=549 UTC=2026-09-01T12:17:48+00:00 EXTERNAL_MATCH_COUNT=0
SAMPLE=550 UTC=2026-09-01T12:17:53+00:00 EXTERNAL_MATCH_COUNT=0
SAMPLE=551 UTC=2026-09-01T12:17:58+00:00 EXTERNAL_MATCH_COUNT=0
SAMPLE=552 UTC=2026-09-01T12:18:03+00:00 EXTERNAL_MATCH_COUNT=0
SAMPLE=553 UTC=2026-09-01T12:18:08+00:00 EXTERNAL_MATCH_COUNT=0
SAMPLE=554 UTC=2026-09-01T12:18:14+00:00 EXTERNAL_MATCH_COUNT=0
SAMPLE=555 UTC=2026-09-01T12:18:19+00:00 EXTERNAL_MATCH_COUNT=0
SAMPLE=556 UTC=2026-09-01T12:18:24+00:00 EXTERNAL_MATCH_COUNT=0
SAMPLE=557 UTC=2026-09-01T12:18:29+00:00 EXTERNAL_MATCH_COUNT=0
SAMPLE=558 UTC=2026-09-01T12:18:34+00:00 EXTERNAL_MATCH_COUNT=0
SAMPLE=559 UTC=2026-09-01T12:18:39+00:00 EXTERNAL_MATCH_COUNT=0
SAMPLE=560 UTC=2026-09-01T12:18:44+00:00 EXTERNAL_MATCH_COUNT=0
SAMPLE=561 UTC=2026-09-01T12:18:49+00:00 EXTERNAL_MATCH_COUNT=0
SAMPLE=562 UTC=2026-09-01T12:18:54+00:00 EXTERNAL_MATCH_COUNT=0
SAMPLE=563 UTC=2026-09-01T12:18:59+00:00 EXTERNAL_MATCH_COUNT=0
SAMPLE=564 UTC=2026-09-01T12:19:04+00:00 EXTERNAL_MATCH_COUNT=0
SAMPLE=565 UTC=2026-09-01T12:19:09+00:00 EXTERNAL_MATCH_COUNT=0
SAMPLE=566 UTC=2026-09-01T12:19:14+00:00 EXTERNAL_MATCH_COUNT=0
SAMPLE=567 UTC=2026-09-01T12:19:19+00:00 EXTERNAL_MATCH_COUNT=0
SAMPLE=568 UTC=2026-09-01T12:19:24+00:00 EXTERNAL_MATCH_COUNT=0
SAMPLE=569 UTC=2026-09-01T12:19:30+00:00 EXTERNAL_MATCH_COUNT=0
SAMPLE=570 UTC=2026-09-01T12:19:35+00:00 EXTERNAL_MATCH_COUNT=0
SAMPLE=571 UTC=2026-09-01T12:19:40+00:00 EXTERNAL_MATCH_COUNT=0
SAMPLE=572 UTC=2026-09-01T12:19:45+00:00 EXTERNAL_MATCH_COUNT=0
SAMPLE=573 UTC=2026-09-01T12:19:50+00:00 EXTERNAL_MATCH_COUNT=0
SAMPLE=574 UTC=2026-09-01T12:19:55+00:00 EXTERNAL_MATCH_COUNT=0
SAMPLE=575 UTC=2026-09-01T12:20:00+00:00 EXTERNAL_MATCH_COUNT=0
SAMPLE=576 UTC=2026-09-01T12:20:05+00:00 EXTERNAL_MATCH_COUNT=0
SAMPLE=577 UTC=2026-09-01T12:20:10+00:00 EXTERNAL_MATCH_COUNT=0
SAMPLE=578 UTC=2026-09-01T12:20:15+00:00 EXTERNAL_MATCH_COUNT=0
SAMPLE=579 UTC=2026-09-01T12:20:20+00:00 EXTERNAL_MATCH_COUNT=0
SAMPLE=580 UTC=2026-09-01T12:20:25+00:00 EXTERNAL_MATCH_COUNT=0
SAMPLE=581 UTC=2026-09-01T12:20:30+00:00 EXTERNAL_MATCH_COUNT=0
SAMPLE=582 UTC=2026-09-01T12:20:35+00:00 EXTERNAL_MATCH_COUNT=0
SAMPLE=583 UTC=2026-09-01T12:20:40+00:00 EXTERNAL_MATCH_COUNT=0
SAMPLE=584 UTC=2026-09-01T12:20:46+00:00 EXTERNAL_MATCH_COUNT=0
SAMPLE=585 UTC=2026-09-01T12:20:51+00:00 EXTERNAL_MATCH_COUNT=0
SAMPLE=586 UTC=2026-09-01T12:20:56+00:00 EXTERNAL_MATCH_COUNT=0
SAMPLE=587 UTC=2026-09-01T12:21:01+00:00 EXTERNAL_MATCH_COUNT=0
SAMPLE=588 UTC=2026-09-01T12:21:06+00:00 EXTERNAL_MATCH_COUNT=0
SAMPLE=589 UTC=2026-09-01T12:21:11+00:00 EXTERNAL_MATCH_COUNT=0
SAMPLE=590 UTC=2026-09-01T12:21:16+00:00 EXTERNAL_MATCH_COUNT=0
SAMPLE=591 UTC=2026-09-01T12:21:21+00:00 EXTERNAL_MATCH_COUNT=0
SAMPLE=592 UTC=2026-09-01T12:21:26+00:00 EXTERNAL_MATCH_COUNT=0
SAMPLE=593 UTC=2026-09-01T12:21:31+00:00 EXTERNAL_MATCH_COUNT=0
SAMPLE=594 UTC=2026-09-01T12:21:37+00:00 EXTERNAL_MATCH_COUNT=0
SAMPLE=595 UTC=2026-09-01T12:21:42+00:00 EXTERNAL_MATCH_COUNT=0
SAMPLE=596 UTC=2026-09-01T12:21:47+00:00 EXTERNAL_MATCH_COUNT=0
SAMPLE=597 UTC=2026-09-01T12:21:52+00:00 EXTERNAL_MATCH_COUNT=0
SAMPLE=598 UTC=2026-09-01T12:21:57+00:00 EXTERNAL_MATCH_COUNT=0
SAMPLE=599 UTC=2026-09-01T12:22:02+00:00 EXTERNAL_MATCH_COUNT=0
SAMPLE=600 UTC=2026-09-01T12:22:07+00:00 EXTERNAL_MATCH_COUNT=0
SAMPLE=601 UTC=2026-09-01T12:22:12+00:00 EXTERNAL_MATCH_COUNT=0
SAMPLE=602 UTC=2026-09-01T12:22:17+00:00 EXTERNAL_MATCH_COUNT=0
SAMPLE=603 UTC=2026-09-01T12:22:22+00:00 EXTERNAL_MATCH_COUNT=0
SAMPLE=604 UTC=2026-09-01T12:22:27+00:00 EXTERNAL_MATCH_COUNT=0
SAMPLE=605 UTC=2026-09-01T12:22:32+00:00 EXTERNAL_MATCH_COUNT=0
SAMPLE=606 UTC=2026-09-01T12:22:37+00:00 EXTERNAL_MATCH_COUNT=0
SAMPLE=607 UTC=2026-09-01T12:22:42+00:00 EXTERNAL_MATCH_COUNT=0
SAMPLE=608 UTC=2026-09-01T12:22:47+00:00 EXTERNAL_MATCH_COUNT=0
SAMPLE=609 UTC=2026-09-01T12:22:53+00:00 EXTERNAL_MATCH_COUNT=0
SAMPLE=610 UTC=2026-09-01T12:22:58+00:00 EXTERNAL_MATCH_COUNT=0
SAMPLE=611 UTC=2026-09-01T12:23:03+00:00 EXTERNAL_MATCH_COUNT=0
SAMPLE=612 UTC=2026-09-01T12:23:08+00:00 EXTERNAL_MATCH_COUNT=0
SAMPLE=613 UTC=2026-09-01T12:23:13+00:00 EXTERNAL_MATCH_COUNT=0
SAMPLE=614 UTC=2026-09-01T12:23:18+00:00 EXTERNAL_MATCH_COUNT=0
SAMPLE=615 UTC=2026-09-01T12:23:23+00:00 EXTERNAL_MATCH_COUNT=0
SAMPLE=616 UTC=2026-09-01T12:23:28+00:00 EXTERNAL_MATCH_COUNT=0
SAMPLE=617 UTC=2026-09-01T12:23:33+00:00 EXTERNAL_MATCH_COUNT=0
SAMPLE=618 UTC=2026-09-01T12:23:38+00:00 EXTERNAL_MATCH_COUNT=0
SAMPLE=619 UTC=2026-09-01T12:23:43+00:00 EXTERNAL_MATCH_COUNT=0
SAMPLE=620 UTC=2026-09-01T12:23:48+00:00 EXTERNAL_MATCH_COUNT=0
SAMPLE=621 UTC=2026-09-01T12:23:54+00:00 EXTERNAL_MATCH_COUNT=0
SAMPLE=622 UTC=2026-09-01T12:23:59+00:00 EXTERNAL_MATCH_COUNT=0
SAMPLE=623 UTC=2026-09-01T12:24:04+00:00 EXTERNAL_MATCH_COUNT=0
SAMPLE=624 UTC=2026-09-01T12:24:09+00:00 EXTERNAL_MATCH_COUNT=0
SAMPLE=625 UTC=2026-09-01T12:24:14+00:00 EXTERNAL_MATCH_COUNT=0
SAMPLE=626 UTC=2026-09-01T12:24:19+00:00 EXTERNAL_MATCH_COUNT=0
SAMPLE=627 UTC=2026-09-01T12:24:24+00:00 EXTERNAL_MATCH_COUNT=0
SAMPLE=628 UTC=2026-09-01T12:24:29+00:00 EXTERNAL_MATCH_COUNT=0
SAMPLE=629 UTC=2026-09-01T12:24:34+00:00 EXTERNAL_MATCH_COUNT=0
SAMPLE=630 UTC=2026-09-01T12:24:39+00:00 EXTERNAL_MATCH_COUNT=0
SAMPLE=631 UTC=2026-09-01T12:24:44+00:00 EXTERNAL_MATCH_COUNT=0
SAMPLE=632 UTC=2026-09-01T12:24:49+00:00 EXTERNAL_MATCH_COUNT=0
SAMPLE=633 UTC=2026-09-01T12:24:54+00:00 EXTERNAL_MATCH_COUNT=0
SAMPLE=634 UTC=2026-09-01T12:24:59+00:00 EXTERNAL_MATCH_COUNT=0
SAMPLE=635 UTC=2026-09-01T12:25:05+00:00 EXTERNAL_MATCH_COUNT=0
SAMPLE=636 UTC=2026-09-01T12:25:10+00:00 EXTERNAL_MATCH_COUNT=0
SAMPLE=637 UTC=2026-09-01T12:25:15+00:00 EXTERNAL_MATCH_COUNT=0
SAMPLE=638 UTC=2026-09-01T12:25:20+00:00 EXTERNAL_MATCH_COUNT=0
SAMPLE=639 UTC=2026-09-01T12:25:25+00:00 EXTERNAL_MATCH_COUNT=0
SAMPLE=640 UTC=2026-09-01T12:25:30+00:00 EXTERNAL_MATCH_COUNT=0
SAMPLE=641 UTC=2026-09-01T12:25:35+00:00 EXTERNAL_MATCH_COUNT=0
SAMPLE=642 UTC=2026-09-01T12:25:40+00:00 EXTERNAL_MATCH_COUNT=0
SAMPLE=643 UTC=2026-09-01T12:25:45+00:00 EXTERNAL_MATCH_COUNT=0
SAMPLE=644 UTC=2026-09-01T12:25:50+00:00 EXTERNAL_MATCH_COUNT=0
SAMPLE=645 UTC=2026-09-01T12:25:55+00:00 EXTERNAL_MATCH_COUNT=0
SAMPLE=646 UTC=2026-09-01T12:26:00+00:00 EXTERNAL_MATCH_COUNT=0
SAMPLE=647 UTC=2026-09-01T12:26:05+00:00 EXTERNAL_MATCH_COUNT=0
SAMPLE=648 UTC=2026-09-01T12:26:10+00:00 EXTERNAL_MATCH_COUNT=0
SAMPLE=649 UTC=2026-09-01T12:26:15+00:00 EXTERNAL_MATCH_COUNT=0
SAMPLE=650 UTC=2026-09-01T12:26:20+00:00 EXTERNAL_MATCH_COUNT=0
SAMPLE=651 UTC=2026-09-01T12:26:25+00:00 EXTERNAL_MATCH_COUNT=0
SAMPLE=652 UTC=2026-09-01T12:26:30+00:00 EXTERNAL_MATCH_COUNT=0
SAMPLE=653 UTC=2026-09-01T12:26:36+00:00 EXTERNAL_MATCH_COUNT=0
SAMPLE=654 UTC=2026-09-01T12:26:41+00:00 EXTERNAL_MATCH_COUNT=0
SAMPLE=655 UTC=2026-09-01T12:26:46+00:00 EXTERNAL_MATCH_COUNT=0
SAMPLE=656 UTC=2026-09-01T12:26:51+00:00 EXTERNAL_MATCH_COUNT=0
SAMPLE=657 UTC=2026-09-01T12:26:56+00:00 EXTERNAL_MATCH_COUNT=0
SAMPLE=658 UTC=2026-09-01T12:27:01+00:00 EXTERNAL_MATCH_COUNT=0
SAMPLE=659 UTC=2026-09-01T12:27:06+00:00 EXTERNAL_MATCH_COUNT=0
SAMPLE=660 UTC=2026-09-01T12:27:11+00:00 EXTERNAL_MATCH_COUNT=0
SAMPLE=661 UTC=2026-09-01T12:27:16+00:00 EXTERNAL_MATCH_COUNT=0
SAMPLE=662 UTC=2026-09-01T12:27:21+00:00 EXTERNAL_MATCH_COUNT=0
SAMPLE=663 UTC=2026-09-01T12:27:26+00:00 EXTERNAL_MATCH_COUNT=0
SAMPLE=664 UTC=2026-09-01T12:27:31+00:00 EXTERNAL_MATCH_COUNT=0
SAMPLE=665 UTC=2026-09-01T12:27:36+00:00 EXTERNAL_MATCH_COUNT=0
SAMPLE=666 UTC=2026-09-01T12:27:41+00:00 EXTERNAL_MATCH_COUNT=0
SAMPLE=667 UTC=2026-09-01T12:27:46+00:00 EXTERNAL_MATCH_COUNT=0
SAMPLE=668 UTC=2026-09-01T12:27:51+00:00 EXTERNAL_MATCH_COUNT=0
SAMPLE=669 UTC=2026-09-01T12:27:56+00:00 EXTERNAL_MATCH_COUNT=0
SAMPLE=670 UTC=2026-09-01T12:28:01+00:00 EXTERNAL_MATCH_COUNT=0
SAMPLE=671 UTC=2026-09-01T12:28:06+00:00 EXTERNAL_MATCH_COUNT=0
SAMPLE=672 UTC=2026-09-01T12:28:11+00:00 EXTERNAL_MATCH_COUNT=0
SAMPLE=673 UTC=2026-09-01T12:28:16+00:00 EXTERNAL_MATCH_COUNT=0
SAMPLE=674 UTC=2026-09-01T12:28:22+00:00 EXTERNAL_MATCH_COUNT=0
SAMPLE=675 UTC=2026-09-01T12:28:27+00:00 EXTERNAL_MATCH_COUNT=0
SAMPLE=676 UTC=2026-09-01T12:28:32+00:00 EXTERNAL_MATCH_COUNT=0
SAMPLE=677 UTC=2026-09-01T12:28:37+00:00 EXTERNAL_MATCH_COUNT=0
SAMPLE=678 UTC=2026-09-01T12:28:42+00:00 EXTERNAL_MATCH_COUNT=0
SAMPLE=679 UTC=2026-09-01T12:28:47+00:00 EXTERNAL_MATCH_COUNT=0
SAMPLE=680 UTC=2026-09-01T12:28:52+00:00 EXTERNAL_MATCH_COUNT=0
SAMPLE=681 UTC=2026-09-01T12:28:57+00:00 EXTERNAL_MATCH_COUNT=0
SAMPLE=682 UTC=2026-09-01T12:29:02+00:00 EXTERNAL_MATCH_COUNT=0
SAMPLE=683 UTC=2026-09-01T12:29:07+00:00 EXTERNAL_MATCH_COUNT=0
SAMPLE=684 UTC=2026-09-01T12:29:12+00:00 EXTERNAL_MATCH_COUNT=0
SAMPLE=685 UTC=2026-09-01T12:29:17+00:00 EXTERNAL_MATCH_COUNT=0
SAMPLE=686 UTC=2026-09-01T12:29:22+00:00 EXTERNAL_MATCH_COUNT=0
SAMPLE=687 UTC=2026-09-01T12:29:28+00:00 EXTERNAL_MATCH_COUNT=0
SAMPLE=688 UTC=2026-09-01T12:29:33+00:00 EXTERNAL_MATCH_COUNT=0
SAMPLE=689 UTC=2026-09-01T12:29:38+00:00 EXTERNAL_MATCH_COUNT=0
SAMPLE=690 UTC=2026-09-01T12:29:43+00:00 EXTERNAL_MATCH_COUNT=0
SAMPLE=691 UTC=2026-09-01T12:29:48+00:00 EXTERNAL_MATCH_COUNT=0
SAMPLE=692 UTC=2026-09-01T12:29:53+00:00 EXTERNAL_MATCH_COUNT=0
SAMPLE=693 UTC=2026-09-01T12:29:58+00:00 EXTERNAL_MATCH_COUNT=0
SAMPLE=694 UTC=2026-09-01T12:30:03+00:00 EXTERNAL_MATCH_COUNT=0
SAMPLE=695 UTC=2026-09-01T12:30:09+00:00 EXTERNAL_MATCH_COUNT=0
SAMPLE=696 UTC=2026-09-01T12:30:14+00:00 EXTERNAL_MATCH_COUNT=0
SAMPLE=697 UTC=2026-09-01T12:30:19+00:00 EXTERNAL_MATCH_COUNT=0
SAMPLE=698 UTC=2026-09-01T12:30:24+00:00 EXTERNAL_MATCH_COUNT=0
SAMPLE=699 UTC=2026-09-01T12:30:29+00:00 EXTERNAL_MATCH_COUNT=0
SAMPLE=700 UTC=2026-09-01T12:30:34+00:00 EXTERNAL_MATCH_COUNT=0
SAMPLE=701 UTC=2026-09-01T12:30:39+00:00 EXTERNAL_MATCH_COUNT=0
SAMPLE=702 UTC=2026-09-01T12:30:44+00:00 EXTERNAL_MATCH_COUNT=0
SAMPLE=703 UTC=2026-09-01T12:30:49+00:00 EXTERNAL_MATCH_COUNT=0
SAMPLE=704 UTC=2026-09-01T12:30:54+00:00 EXTERNAL_MATCH_COUNT=0
SAMPLE=705 UTC=2026-09-01T12:30:59+00:00 EXTERNAL_MATCH_COUNT=0
SAMPLE=706 UTC=2026-09-01T12:31:05+00:00 EXTERNAL_MATCH_COUNT=0
SAMPLE=707 UTC=2026-09-01T12:31:10+00:00 EXTERNAL_MATCH_COUNT=0
SAMPLE=708 UTC=2026-09-01T12:31:15+00:00 EXTERNAL_MATCH_COUNT=0
SAMPLE=709 UTC=2026-09-01T12:31:20+00:00 EXTERNAL_MATCH_COUNT=0
SAMPLE=710 UTC=2026-09-01T12:31:25+00:00 EXTERNAL_MATCH_COUNT=0
SAMPLE=711 UTC=2026-09-01T12:31:30+00:00 EXTERNAL_MATCH_COUNT=0
SAMPLE=712 UTC=2026-09-01T12:31:35+00:00 EXTERNAL_MATCH_COUNT=0
SAMPLE=713 UTC=2026-09-01T12:31:40+00:00 EXTERNAL_MATCH_COUNT=0
SAMPLE=714 UTC=2026-09-01T12:31:45+00:00 EXTERNAL_MATCH_COUNT=0
SAMPLE=715 UTC=2026-09-01T12:31:50+00:00 EXTERNAL_MATCH_COUNT=0
SAMPLE=716 UTC=2026-09-01T12:31:55+00:00 EXTERNAL_MATCH_COUNT=0
SAMPLE=717 UTC=2026-09-01T12:32:01+00:00 EXTERNAL_MATCH_COUNT=0
SAMPLE=718 UTC=2026-09-01T12:32:06+00:00 EXTERNAL_MATCH_COUNT=0
SAMPLE=719 UTC=2026-09-01T12:32:11+00:00 EXTERNAL_MATCH_COUNT=0
SAMPLE=720 UTC=2026-09-01T12:32:16+00:00 EXTERNAL_MATCH_COUNT=0
SAMPLE=721 UTC=2026-09-01T12:32:21+00:00 EXTERNAL_MATCH_COUNT=0
SAMPLE=722 UTC=2026-09-01T12:32:26+00:00 EXTERNAL_MATCH_COUNT=0
SAMPLE=723 UTC=2026-09-01T12:32:31+00:00 EXTERNAL_MATCH_COUNT=0
SAMPLE=724 UTC=2026-09-01T12:32:36+00:00 EXTERNAL_MATCH_COUNT=0
SAMPLE=725 UTC=2026-09-01T12:32:41+00:00 EXTERNAL_MATCH_COUNT=0
SAMPLE=726 UTC=2026-09-01T12:32:46+00:00 EXTERNAL_MATCH_COUNT=0
SAMPLE=727 UTC=2026-09-01T12:32:51+00:00 EXTERNAL_MATCH_COUNT=0
SAMPLE=728 UTC=2026-09-01T12:32:56+00:00 EXTERNAL_MATCH_COUNT=0
SAMPLE=729 UTC=2026-09-01T12:33:01+00:00 EXTERNAL_MATCH_COUNT=0
SAMPLE=730 UTC=2026-09-01T12:33:06+00:00 EXTERNAL_MATCH_COUNT=0
SAMPLE=731 UTC=2026-09-01T12:33:11+00:00 EXTERNAL_MATCH_COUNT=0
SAMPLE=732 UTC=2026-09-01T12:33:16+00:00 EXTERNAL_MATCH_COUNT=0
SAMPLE=733 UTC=2026-09-01T12:33:21+00:00 EXTERNAL_MATCH_COUNT=0
SAMPLE=734 UTC=2026-09-01T12:33:27+00:00 EXTERNAL_MATCH_COUNT=0
SAMPLE=735 UTC=2026-09-01T12:33:32+00:00 EXTERNAL_MATCH_COUNT=0
SAMPLE=736 UTC=2026-09-01T12:33:37+00:00 EXTERNAL_MATCH_COUNT=0
SAMPLE=737 UTC=2026-09-01T12:33:42+00:00 EXTERNAL_MATCH_COUNT=0
SAMPLE=738 UTC=2026-09-01T12:33:47+00:00 EXTERNAL_MATCH_COUNT=0
SAMPLE=739 UTC=2026-09-01T12:33:52+00:00 EXTERNAL_MATCH_COUNT=0
SAMPLE=740 UTC=2026-09-01T12:33:57+00:00 EXTERNAL_MATCH_COUNT=0
SAMPLE=741 UTC=2026-09-01T12:34:02+00:00 EXTERNAL_MATCH_COUNT=0
SAMPLE=742 UTC=2026-09-01T12:34:07+00:00 EXTERNAL_MATCH_COUNT=0
SAMPLE=743 UTC=2026-09-01T12:34:12+00:00 EXTERNAL_MATCH_COUNT=0
SAMPLE=744 UTC=2026-09-01T12:34:17+00:00 EXTERNAL_MATCH_COUNT=0
SAMPLE=745 UTC=2026-09-01T12:34:22+00:00 EXTERNAL_MATCH_COUNT=0
SAMPLE=746 UTC=2026-09-01T12:34:27+00:00 EXTERNAL_MATCH_COUNT=0
SAMPLE=747 UTC=2026-09-01T12:34:32+00:00 EXTERNAL_MATCH_COUNT=0
SAMPLE=748 UTC=2026-09-01T12:34:37+00:00 EXTERNAL_MATCH_COUNT=0
SAMPLE=749 UTC=2026-09-01T12:34:42+00:00 EXTERNAL_MATCH_COUNT=0
SAMPLE=750 UTC=2026-09-01T12:34:48+00:00 EXTERNAL_MATCH_COUNT=0
SAMPLE=751 UTC=2026-09-01T12:34:53+00:00 EXTERNAL_MATCH_COUNT=0
SAMPLE=752 UTC=2026-09-01T12:34:58+00:00 EXTERNAL_MATCH_COUNT=0
SAMPLE=753 UTC=2026-09-01T12:35:03+00:00 EXTERNAL_MATCH_COUNT=0
SAMPLE=754 UTC=2026-09-01T12:35:08+00:00 EXTERNAL_MATCH_COUNT=0
SAMPLE=755 UTC=2026-09-01T12:35:13+00:00 EXTERNAL_MATCH_COUNT=0
SAMPLE=756 UTC=2026-09-01T12:35:18+00:00 EXTERNAL_MATCH_COUNT=0
SAMPLE=757 UTC=2026-09-01T12:35:23+00:00 EXTERNAL_MATCH_COUNT=0
SAMPLE=758 UTC=2026-09-01T12:35:28+00:00 EXTERNAL_MATCH_COUNT=0
SAMPLE=759 UTC=2026-09-01T12:35:33+00:00 EXTERNAL_MATCH_COUNT=0
SAMPLE=760 UTC=2026-09-01T12:35:38+00:00 EXTERNAL_MATCH_COUNT=0
SAMPLE=761 UTC=2026-09-01T12:35:44+00:00 EXTERNAL_MATCH_COUNT=0
SAMPLE=762 UTC=2026-09-01T12:35:49+00:00 EXTERNAL_MATCH_COUNT=0
SAMPLE=763 UTC=2026-09-01T12:35:54+00:00 EXTERNAL_MATCH_COUNT=0
SAMPLE=764 UTC=2026-09-01T12:35:59+00:00 EXTERNAL_MATCH_COUNT=0
SAMPLE=765 UTC=2026-09-01T12:36:04+00:00 EXTERNAL_MATCH_COUNT=0
SAMPLE=766 UTC=2026-09-01T12:36:09+00:00 EXTERNAL_MATCH_COUNT=0
SAMPLE=767 UTC=2026-09-01T12:36:14+00:00 EXTERNAL_MATCH_COUNT=0
SAMPLE=768 UTC=2026-09-01T12:36:19+00:00 EXTERNAL_MATCH_COUNT=0
SAMPLE=769 UTC=2026-09-01T12:36:24+00:00 EXTERNAL_MATCH_COUNT=0
SAMPLE=770 UTC=2026-09-01T12:36:29+00:00 EXTERNAL_MATCH_COUNT=0
SAMPLE=771 UTC=2026-09-01T12:36:35+00:00 EXTERNAL_MATCH_COUNT=0
SAMPLE=772 UTC=2026-09-01T12:36:40+00:00 EXTERNAL_MATCH_COUNT=0
SAMPLE=773 UTC=2026-09-01T12:36:45+00:00 EXTERNAL_MATCH_COUNT=0
SAMPLE=774 UTC=2026-09-01T12:36:50+00:00 EXTERNAL_MATCH_COUNT=0
SAMPLE=775 UTC=2026-09-01T12:36:55+00:00 EXTERNAL_MATCH_COUNT=0
SAMPLE=776 UTC=2026-09-01T12:37:00+00:00 EXTERNAL_MATCH_COUNT=0
SAMPLE=777 UTC=2026-09-01T12:37:05+00:00 EXTERNAL_MATCH_COUNT=0
SAMPLE=778 UTC=2026-09-01T12:37:10+00:00 EXTERNAL_MATCH_COUNT=0
SAMPLE=779 UTC=2026-09-01T12:37:15+00:00 EXTERNAL_MATCH_COUNT=0
SAMPLE=780 UTC=2026-09-01T12:37:20+00:00 EXTERNAL_MATCH_COUNT=0
SAMPLE=781 UTC=2026-09-01T12:37:25+00:00 EXTERNAL_MATCH_COUNT=0
SAMPLE=782 UTC=2026-09-01T12:37:30+00:00 EXTERNAL_MATCH_COUNT=0
SAMPLE=783 UTC=2026-09-01T12:37:35+00:00 EXTERNAL_MATCH_COUNT=0
SAMPLE=784 UTC=2026-09-01T12:37:40+00:00 EXTERNAL_MATCH_COUNT=0
SAMPLE=785 UTC=2026-09-01T12:37:45+00:00 EXTERNAL_MATCH_COUNT=0
SAMPLE=786 UTC=2026-09-01T12:37:50+00:00 EXTERNAL_MATCH_COUNT=0
SAMPLE=787 UTC=2026-09-01T12:37:55+00:00 EXTERNAL_MATCH_COUNT=0
SAMPLE=788 UTC=2026-09-01T12:38:01+00:00 EXTERNAL_MATCH_COUNT=0
SAMPLE=789 UTC=2026-09-01T12:38:06+00:00 EXTERNAL_MATCH_COUNT=0
SAMPLE=790 UTC=2026-09-01T12:38:11+00:00 EXTERNAL_MATCH_COUNT=0
SAMPLE=791 UTC=2026-09-01T12:38:16+00:00 EXTERNAL_MATCH_COUNT=0
SAMPLE=792 UTC=2026-09-01T12:38:21+00:00 EXTERNAL_MATCH_COUNT=0
SAMPLE=793 UTC=2026-09-01T12:38:26+00:00 EXTERNAL_MATCH_COUNT=0
SAMPLE=794 UTC=2026-09-01T12:38:31+00:00 EXTERNAL_MATCH_COUNT=0
SAMPLE=795 UTC=2026-09-01T12:38:36+00:00 EXTERNAL_MATCH_COUNT=0
SAMPLE=796 UTC=2026-09-01T12:38:41+00:00 EXTERNAL_MATCH_COUNT=0
SAMPLE=797 UTC=2026-09-01T12:38:46+00:00 EXTERNAL_MATCH_COUNT=0
SAMPLE=798 UTC=2026-09-01T12:38:51+00:00 EXTERNAL_MATCH_COUNT=0
SAMPLE=799 UTC=2026-09-01T12:38:56+00:00 EXTERNAL_MATCH_COUNT=0
SAMPLE=800 UTC=2026-09-01T12:39:01+00:00 EXTERNAL_MATCH_COUNT=0
SAMPLE=801 UTC=2026-09-01T12:39:06+00:00 EXTERNAL_MATCH_COUNT=0
SAMPLE=802 UTC=2026-09-01T12:39:11+00:00 EXTERNAL_MATCH_COUNT=0
SAMPLE=803 UTC=2026-09-01T12:39:16+00:00 EXTERNAL_MATCH_COUNT=0
SAMPLE=804 UTC=2026-09-01T12:39:22+00:00 EXTERNAL_MATCH_COUNT=0
SAMPLE=805 UTC=2026-09-01T12:39:27+00:00 EXTERNAL_MATCH_COUNT=0
SAMPLE=806 UTC=2026-09-01T12:39:32+00:00 EXTERNAL_MATCH_COUNT=0
SAMPLE=807 UTC=2026-09-01T12:39:37+00:00 EXTERNAL_MATCH_COUNT=0
SAMPLE=808 UTC=2026-09-01T12:39:42+00:00 EXTERNAL_MATCH_COUNT=0
SAMPLE=809 UTC=2026-09-01T12:39:47+00:00 EXTERNAL_MATCH_COUNT=0
SAMPLE=810 UTC=2026-09-01T12:39:52+00:00 EXTERNAL_MATCH_COUNT=0
SAMPLE=811 UTC=2026-09-01T12:39:57+00:00 EXTERNAL_MATCH_COUNT=0
SAMPLE=812 UTC=2026-09-01T12:40:02+00:00 EXTERNAL_MATCH_COUNT=0
SAMPLE=813 UTC=2026-09-01T12:40:07+00:00 EXTERNAL_MATCH_COUNT=0
SAMPLE=814 UTC=2026-09-01T12:40:12+00:00 EXTERNAL_MATCH_COUNT=0
SAMPLE=815 UTC=2026-09-01T12:40:17+00:00 EXTERNAL_MATCH_COUNT=0
SAMPLE=816 UTC=2026-09-01T12:40:22+00:00 EXTERNAL_MATCH_COUNT=0
SAMPLE=817 UTC=2026-09-01T12:40:27+00:00 EXTERNAL_MATCH_COUNT=0
SAMPLE=818 UTC=2026-09-01T12:40:32+00:00 EXTERNAL_MATCH_COUNT=0
SAMPLE=819 UTC=2026-09-01T12:40:38+00:00 EXTERNAL_MATCH_COUNT=0
SAMPLE=820 UTC=2026-09-01T12:40:43+00:00 EXTERNAL_MATCH_COUNT=0
SAMPLE=821 UTC=2026-09-01T12:40:48+00:00 EXTERNAL_MATCH_COUNT=0
SAMPLE=822 UTC=2026-09-01T12:40:53+00:00 EXTERNAL_MATCH_COUNT=0
SAMPLE=823 UTC=2026-09-01T12:40:58+00:00 EXTERNAL_MATCH_COUNT=0
SAMPLE=824 UTC=2026-09-01T12:41:03+00:00 EXTERNAL_MATCH_COUNT=0
SAMPLE=825 UTC=2026-09-01T12:41:08+00:00 EXTERNAL_MATCH_COUNT=0
SAMPLE=826 UTC=2026-09-01T12:41:13+00:00 EXTERNAL_MATCH_COUNT=0
SAMPLE=827 UTC=2026-09-01T12:41:18+00:00 EXTERNAL_MATCH_COUNT=0
SAMPLE=828 UTC=2026-09-01T12:41:24+00:00 EXTERNAL_MATCH_COUNT=0
SAMPLE=829 UTC=2026-09-01T12:41:29+00:00 EXTERNAL_MATCH_COUNT=0
SAMPLE=830 UTC=2026-09-01T12:41:34+00:00 EXTERNAL_MATCH_COUNT=0
SAMPLE=831 UTC=2026-09-01T12:41:39+00:00 EXTERNAL_MATCH_COUNT=0
SAMPLE=832 UTC=2026-09-01T12:41:44+00:00 EXTERNAL_MATCH_COUNT=0
SAMPLE=833 UTC=2026-09-01T12:41:49+00:00 EXTERNAL_MATCH_COUNT=0
SAMPLE=834 UTC=2026-09-01T12:41:54+00:00 EXTERNAL_MATCH_COUNT=0
SAMPLE=835 UTC=2026-09-01T12:41:59+00:00 EXTERNAL_MATCH_COUNT=0
SAMPLE=836 UTC=2026-09-01T12:42:04+00:00 EXTERNAL_MATCH_COUNT=0
SAMPLE=837 UTC=2026-09-01T12:42:09+00:00 EXTERNAL_MATCH_COUNT=0
SAMPLE=838 UTC=2026-09-01T12:42:15+00:00 EXTERNAL_MATCH_COUNT=0
SAMPLE=839 UTC=2026-09-01T12:42:20+00:00 EXTERNAL_MATCH_COUNT=0
SAMPLE=840 UTC=2026-09-01T12:42:25+00:00 EXTERNAL_MATCH_COUNT=0
SAMPLE=841 UTC=2026-09-01T12:42:30+00:00 EXTERNAL_MATCH_COUNT=0
SAMPLE=842 UTC=2026-09-01T12:42:35+00:00 EXTERNAL_MATCH_COUNT=0
SAMPLE=843 UTC=2026-09-01T12:42:40+00:00 EXTERNAL_MATCH_COUNT=0
SAMPLE=844 UTC=2026-09-01T12:42:45+00:00 EXTERNAL_MATCH_COUNT=0
SAMPLE=845 UTC=2026-09-01T12:42:50+00:00 EXTERNAL_MATCH_COUNT=0
SAMPLE=846 UTC=2026-09-01T12:42:55+00:00 EXTERNAL_MATCH_COUNT=0
SAMPLE=847 UTC=2026-09-01T12:43:00+00:00 EXTERNAL_MATCH_COUNT=0
SAMPLE=848 UTC=2026-09-01T12:43:05+00:00 EXTERNAL_MATCH_COUNT=0
SAMPLE=849 UTC=2026-09-01T12:43:10+00:00 EXTERNAL_MATCH_COUNT=0
SAMPLE=850 UTC=2026-09-01T12:43:15+00:00 EXTERNAL_MATCH_COUNT=0
SAMPLE=851 UTC=2026-09-01T12:43:20+00:00 EXTERNAL_MATCH_COUNT=0
SAMPLE=852 UTC=2026-09-01T12:43:25+00:00 EXTERNAL_MATCH_COUNT=0
SAMPLE=853 UTC=2026-09-01T12:43:30+00:00 EXTERNAL_MATCH_COUNT=0
SAMPLE=854 UTC=2026-09-01T12:43:35+00:00 EXTERNAL_MATCH_COUNT=0
SAMPLE=855 UTC=2026-09-01T12:43:40+00:00 EXTERNAL_MATCH_COUNT=0
SAMPLE=856 UTC=2026-09-01T12:43:45+00:00 EXTERNAL_MATCH_COUNT=0
SAMPLE=857 UTC=2026-09-01T12:43:50+00:00 EXTERNAL_MATCH_COUNT=0
SAMPLE=858 UTC=2026-09-01T12:43:56+00:00 EXTERNAL_MATCH_COUNT=0
SAMPLE=859 UTC=2026-09-01T12:44:01+00:00 EXTERNAL_MATCH_COUNT=0
SAMPLE=860 UTC=2026-09-01T12:44:06+00:00 EXTERNAL_MATCH_COUNT=0
SAMPLE=861 UTC=2026-09-01T12:44:11+00:00 EXTERNAL_MATCH_COUNT=0
SAMPLE=862 UTC=2026-09-01T12:44:16+00:00 EXTERNAL_MATCH_COUNT=0
SAMPLE=863 UTC=2026-09-01T12:44:21+00:00 EXTERNAL_MATCH_COUNT=0
SAMPLE=864 UTC=2026-09-01T12:44:26+00:00 EXTERNAL_MATCH_COUNT=0
SAMPLE=865 UTC=2026-09-01T12:44:31+00:00 EXTERNAL_MATCH_COUNT=0
SAMPLE=866 UTC=2026-09-01T12:44:36+00:00 EXTERNAL_MATCH_COUNT=0
SAMPLE=867 UTC=2026-09-01T12:44:41+00:00 EXTERNAL_MATCH_COUNT=0
SAMPLE=868 UTC=2026-09-01T12:44:46+00:00 EXTERNAL_MATCH_COUNT=0
SAMPLE=869 UTC=2026-09-01T12:44:51+00:00 EXTERNAL_MATCH_COUNT=0
SAMPLE=870 UTC=2026-09-01T12:44:56+00:00 EXTERNAL_MATCH_COUNT=0
SAMPLE=871 UTC=2026-09-01T12:45:01+00:00 EXTERNAL_MATCH_COUNT=0
SAMPLE=872 UTC=2026-09-01T12:45:06+00:00 EXTERNAL_MATCH_COUNT=0
SAMPLE=873 UTC=2026-09-01T12:45:11+00:00 EXTERNAL_MATCH_COUNT=0
SAMPLE=874 UTC=2026-09-01T12:45:17+00:00 EXTERNAL_MATCH_COUNT=0
SAMPLE=875 UTC=2026-09-01T12:45:22+00:00 EXTERNAL_MATCH_COUNT=0
SAMPLE=876 UTC=2026-09-01T12:45:27+00:00 EXTERNAL_MATCH_COUNT=0
SAMPLE=877 UTC=2026-09-01T12:45:32+00:00 EXTERNAL_MATCH_COUNT=0
SAMPLE=878 UTC=2026-09-01T12:45:37+00:00 EXTERNAL_MATCH_COUNT=0
SAMPLE=879 UTC=2026-09-01T12:45:42+00:00 EXTERNAL_MATCH_COUNT=0
SAMPLE=880 UTC=2026-09-01T12:45:47+00:00 EXTERNAL_MATCH_COUNT=0
SAMPLE=881 UTC=2026-09-01T12:46:56+00:00 EXTERNAL_MATCH_COUNT=0
SAMPLE=882 UTC=2026-09-01T12:47:01+00:00 EXTERNAL_MATCH_COUNT=0
SAMPLE=883 UTC=2026-09-01T12:47:54+00:00 EXTERNAL_MATCH_COUNT=0
SAMPLE=884 UTC=2026-09-01T12:48:00+00:00 EXTERNAL_MATCH_COUNT=0
SAMPLE=885 UTC=2026-09-01T12:48:05+00:00 EXTERNAL_MATCH_COUNT=0
SAMPLE=886 UTC=2026-09-01T12:48:10+00:00 EXTERNAL_MATCH_COUNT=0
SAMPLE=887 UTC=2026-09-01T12:48:17+00:00 EXTERNAL_MATCH_COUNT=0
SAMPLE=888 UTC=2026-09-01T12:48:24+00:00 EXTERNAL_MATCH_COUNT=0
SAMPLE=889 UTC=2026-09-01T12:48:30+00:00 EXTERNAL_MATCH_COUNT=0
SAMPLE=890 UTC=2026-09-01T12:48:36+00:00 EXTERNAL_MATCH_COUNT=0
SAMPLE=891 UTC=2026-09-01T12:49:58+00:00 EXTERNAL_MATCH_COUNT=0
SAMPLE=892 UTC=2026-09-01T12:50:03+00:00 EXTERNAL_MATCH_COUNT=0
SAMPLE=893 UTC=2026-09-01T12:50:08+00:00 EXTERNAL_MATCH_COUNT=0
SAMPLE=894 UTC=2026-09-01T12:50:13+00:00 EXTERNAL_MATCH_COUNT=0
SAMPLE=895 UTC=2026-09-01T12:50:18+00:00 EXTERNAL_MATCH_COUNT=0
SAMPLE=896 UTC=2026-09-01T12:50:24+00:00 EXTERNAL_MATCH_COUNT=0
SAMPLE=897 UTC=2026-09-01T12:50:29+00:00 EXTERNAL_MATCH_COUNT=0
SAMPLE=898 UTC=2026-09-01T12:50:34+00:00 EXTERNAL_MATCH_COUNT=0
SAMPLE=899 UTC=2026-09-01T12:50:39+00:00 EXTERNAL_MATCH_COUNT=0
SAMPLE=900 UTC=2026-09-01T13:07:26+00:00 EXTERNAL_MATCH_COUNT=0
SAMPLE=901 UTC=2026-09-01T13:07:31+00:00 EXTERNAL_MATCH_COUNT=0
SAMPLE=902 UTC=2026-09-01T13:07:36+00:00 EXTERNAL_MATCH_COUNT=0
SAMPLE=903 UTC=2026-09-01T13:07:41+00:00 EXTERNAL_MATCH_COUNT=0
SAMPLE=904 UTC=2026-09-01T13:10:59+00:00 EXTERNAL_MATCH_COUNT=0
SAMPLE=905 UTC=2026-09-01T13:11:05+00:00 EXTERNAL_MATCH_COUNT=0
SAMPLE=906 UTC=2026-09-01T13:11:10+00:00 EXTERNAL_MATCH_COUNT=0
SAMPLE=907 UTC=2026-09-01T13:11:15+00:00 EXTERNAL_MATCH_COUNT=0
SAMPLE=908 UTC=2026-09-01T13:11:20+00:00 EXTERNAL_MATCH_COUNT=0
SAMPLE=909 UTC=2026-09-01T13:11:25+00:00 EXTERNAL_MATCH_COUNT=0
SAMPLE=910 UTC=2026-09-01T13:11:30+00:00 EXTERNAL_MATCH_COUNT=0
SAMPLE=911 UTC=2026-09-01T13:11:35+00:00 EXTERNAL_MATCH_COUNT=0
SAMPLE=912 UTC=2026-09-01T13:11:40+00:00 EXTERNAL_MATCH_COUNT=0
SAMPLE=913 UTC=2026-09-01T13:11:45+00:00 EXTERNAL_MATCH_COUNT=0
SAMPLE=914 UTC=2026-09-01T13:11:50+00:00 EXTERNAL_MATCH_COUNT=0
SAMPLE=915 UTC=2026-09-01T13:11:55+00:00 EXTERNAL_MATCH_COUNT=0
SAMPLE=916 UTC=2026-09-01T13:12:00+00:00 EXTERNAL_MATCH_COUNT=0
SAMPLE=917 UTC=2026-09-01T13:12:05+00:00 EXTERNAL_MATCH_COUNT=0
SAMPLE=918 UTC=2026-09-01T13:12:10+00:00 EXTERNAL_MATCH_COUNT=0
SAMPLE=919 UTC=2026-09-01T13:12:16+00:00 EXTERNAL_MATCH_COUNT=0
SAMPLE=920 UTC=2026-09-01T13:12:21+00:00 EXTERNAL_MATCH_COUNT=0
SAMPLE=921 UTC=2026-09-01T13:12:26+00:00 EXTERNAL_MATCH_COUNT=0
SAMPLE=922 UTC=2026-09-01T13:12:31+00:00 EXTERNAL_MATCH_COUNT=0
SAMPLE=923 UTC=2026-09-01T13:12:36+00:00 EXTERNAL_MATCH_COUNT=0
SAMPLE=924 UTC=2026-09-01T13:12:41+00:00 EXTERNAL_MATCH_COUNT=0
SAMPLE=925 UTC=2026-09-01T13:12:46+00:00 EXTERNAL_MATCH_COUNT=0
SAMPLE=926 UTC=2026-09-01T13:12:51+00:00 EXTERNAL_MATCH_COUNT=0
SAMPLE=927 UTC=2026-09-01T13:12:56+00:00 EXTERNAL_MATCH_COUNT=0
SAMPLE=928 UTC=2026-09-01T13:13:01+00:00 EXTERNAL_MATCH_COUNT=0
SAMPLE=929 UTC=2026-09-01T13:13:06+00:00 EXTERNAL_MATCH_COUNT=0
SAMPLE=930 UTC=2026-09-01T13:13:11+00:00 EXTERNAL_MATCH_COUNT=0
SAMPLE=931 UTC=2026-09-01T13:13:16+00:00 EXTERNAL_MATCH_COUNT=0
SAMPLE=932 UTC=2026-09-01T13:13:21+00:00 EXTERNAL_MATCH_COUNT=0
SAMPLE=933 UTC=2026-09-01T13:13:26+00:00 EXTERNAL_MATCH_COUNT=0
SAMPLE=934 UTC=2026-09-01T13:13:31+00:00 EXTERNAL_MATCH_COUNT=0
SAMPLE=935 UTC=2026-09-01T13:13:37+00:00 EXTERNAL_MATCH_COUNT=0
SAMPLE=936 UTC=2026-09-01T13:13:42+00:00 EXTERNAL_MATCH_COUNT=0
SAMPLE=937 UTC=2026-09-01T13:13:47+00:00 EXTERNAL_MATCH_COUNT=0
SAMPLE=938 UTC=2026-09-01T13:13:52+00:00 EXTERNAL_MATCH_COUNT=0
SAMPLE=939 UTC=2026-09-01T13:13:57+00:00 EXTERNAL_MATCH_COUNT=0
SAMPLE=940 UTC=2026-09-01T13:14:02+00:00 EXTERNAL_MATCH_COUNT=0
SAMPLE=941 UTC=2026-09-01T13:14:07+00:00 EXTERNAL_MATCH_COUNT=0
SAMPLE=942 UTC=2026-09-01T13:14:12+00:00 EXTERNAL_MATCH_COUNT=0
SAMPLE=943 UTC=2026-09-01T13:14:17+00:00 EXTERNAL_MATCH_COUNT=0
SAMPLE=944 UTC=2026-09-01T13:14:22+00:00 EXTERNAL_MATCH_COUNT=0
SAMPLE=945 UTC=2026-09-01T13:14:27+00:00 EXTERNAL_MATCH_COUNT=0
SAMPLE=946 UTC=2026-09-01T13:14:32+00:00 EXTERNAL_MATCH_COUNT=0
SAMPLE=947 UTC=2026-09-01T13:14:38+00:00 EXTERNAL_MATCH_COUNT=0
SAMPLE=948 UTC=2026-09-01T13:14:43+00:00 EXTERNAL_MATCH_COUNT=0
SAMPLE=949 UTC=2026-09-01T13:14:48+00:00 EXTERNAL_MATCH_COUNT=0
SAMPLE=950 UTC=2026-09-01T13:14:53+00:00 EXTERNAL_MATCH_COUNT=0
SAMPLE=951 UTC=2026-09-01T13:14:58+00:00 EXTERNAL_MATCH_COUNT=0
SAMPLE=952 UTC=2026-09-01T13:15:03+00:00 EXTERNAL_MATCH_COUNT=0
SAMPLE=953 UTC=2026-09-01T13:15:08+00:00 EXTERNAL_MATCH_COUNT=0
MONITOR_END_UTC=2026-09-01T13:15:08+00:00
MONITOR_SAMPLE_COUNT=953
MONITOR_UNIQUE_EXTERNAL_MATCH_COUNT=0
