MONITOR_START_UTC=2026-08-30T15:30:44+00:00
ALLOWED_ROOT_PID=9432
INTERVAL_SECONDS=5.0
SAMPLE=1 UTC=2026-08-30T15:30:44+00:00 EXTERNAL_MATCH_COUNT=0
SAMPLE=2 UTC=2026-08-30T15:30:49+00:00 EXTERNAL_MATCH_COUNT=0
SAMPLE=3 UTC=2026-08-30T15:30:55+00:00 EXTERNAL_MATCH_COUNT=0
SAMPLE=4 UTC=2026-08-30T15:31:00+00:00 EXTERNAL_MATCH_COUNT=0
SAMPLE=5 UTC=2026-08-30T15:31:05+00:00 EXTERNAL_MATCH_COUNT=0
SAMPLE=6 UTC=2026-08-30T15:31:10+00:00 EXTERNAL_MATCH_COUNT=0
SAMPLE=7 UTC=2026-08-30T15:31:15+00:00 EXTERNAL_MATCH_COUNT=0
SAMPLE=8 UTC=2026-08-30T15:31:20+00:00 EXTERNAL_MATCH_COUNT=0
SAMPLE=9 UTC=2026-08-30T15:31:25+00:00 EXTERNAL_MATCH_COUNT=0
SAMPLE=10 UTC=2026-08-30T15:31:30+00:00 EXTERNAL_MATCH_COUNT=0
SAMPLE=11 UTC=2026-08-30T15:31:35+00:00 EXTERNAL_MATCH_COUNT=0
SAMPLE=12 UTC=2026-08-30T15:31:40+00:00 EXTERNAL_MATCH_COUNT=0
SAMPLE=13 UTC=2026-08-30T15:31:45+00:00 EXTERNAL_MATCH_COUNT=0
SAMPLE=14 UTC=2026-08-30T15:31:50+00:00 EXTERNAL_MATCH_COUNT=0
SAMPLE=15 UTC=2026-08-30T15:31:56+00:00 EXTERNAL_MATCH_COUNT=0
SAMPLE=16 UTC=2026-08-30T15:32:01+00:00 EXTERNAL_MATCH_COUNT=0
SAMPLE=17 UTC=2026-08-30T15:32:06+00:00 EXTERNAL_MATCH_COUNT=0
SAMPLE=18 UTC=2026-08-30T15:32:11+00:00 EXTERNAL_MATCH_COUNT=0
SAMPLE=19 UTC=2026-08-30T15:32:16+00:00 EXTERNAL_MATCH_COUNT=0
SAMPLE=20 UTC=2026-08-30T15:32:21+00:00 EXTERNAL_MATCH_COUNT=0
SAMPLE=21 UTC=2026-08-30T15:32:26+00:00 EXTERNAL_MATCH_COUNT=0
SAMPLE=22 UTC=2026-08-30T15:32:31+00:00 EXTERNAL_MATCH_COUNT=0
SAMPLE=23 UTC=2026-08-30T15:32:36+00:00 EXTERNAL_MATCH_COUNT=0
SAMPLE=24 UTC=2026-08-30T15:32:42+00:00 EXTERNAL_MATCH_COUNT=0
SAMPLE=25 UTC=2026-08-30T15:32:47+00:00 EXTERNAL_MATCH_COUNT=0
SAMPLE=26 UTC=2026-08-30T15:32:52+00:00 EXTERNAL_MATCH_COUNT=0
SAMPLE=27 UTC=2026-08-30T15:32:57+00:00 EXTERNAL_MATCH_COUNT=0
SAMPLE=28 UTC=2026-08-30T15:33:02+00:00 EXTERNAL_MATCH_COUNT=0
SAMPLE=29 UTC=2026-08-30T15:33:07+00:00 EXTERNAL_MATCH_COUNT=0
SAMPLE=30 UTC=2026-08-30T15:33:12+00:00 EXTERNAL_MATCH_COUNT=0
SAMPLE=31 UTC=2026-08-30T15:33:17+00:00 EXTERNAL_MATCH_COUNT=0
SAMPLE=32 UTC=2026-08-30T15:33:22+00:00 EXTERNAL_MATCH_COUNT=0
SAMPLE=33 UTC=2026-08-30T15:33:27+00:00 EXTERNAL_MATCH_COUNT=0
SAMPLE=34 UTC=2026-08-30T15:33:32+00:00 EXTERNAL_MATCH_COUNT=0
SAMPLE=35 UTC=2026-08-30T15:33:37+00:00 EXTERNAL_MATCH_COUNT=0
SAMPLE=36 UTC=2026-08-30T15:33:42+00:00 EXTERNAL_MATCH_COUNT=0
SAMPLE=37 UTC=2026-08-30T15:33:47+00:00 EXTERNAL_MATCH_COUNT=0
SAMPLE=38 UTC=2026-08-30T15:33:53+00:00 EXTERNAL_MATCH_COUNT=0
SAMPLE=39 UTC=2026-08-30T15:33:58+00:00 EXTERNAL_MATCH_COUNT=0
SAMPLE=40 UTC=2026-08-30T15:34:03+00:00 EXTERNAL_MATCH_COUNT=0
SAMPLE=41 UTC=2026-08-30T15:34:08+00:00 EXTERNAL_MATCH_COUNT=0
SAMPLE=42 UTC=2026-08-30T15:34:13+00:00 EXTERNAL_MATCH_COUNT=0
SAMPLE=43 UTC=2026-08-30T15:34:18+00:00 EXTERNAL_MATCH_COUNT=0
SAMPLE=44 UTC=2026-08-30T15:34:23+00:00 EXTERNAL_MATCH_COUNT=0
SAMPLE=45 UTC=2026-08-30T15:34:28+00:00 EXTERNAL_MATCH_COUNT=0
SAMPLE=46 UTC=2026-08-30T15:34:33+00:00 EXTERNAL_MATCH_COUNT=0
SAMPLE=47 UTC=2026-08-30T15:34:38+00:00 EXTERNAL_MATCH_COUNT=0
SAMPLE=48 UTC=2026-08-30T15:34:43+00:00 EXTERNAL_MATCH_COUNT=0
SAMPLE=49 UTC=2026-08-30T15:34:49+00:00 EXTERNAL_MATCH_COUNT=0
SAMPLE=50 UTC=2026-08-30T15:34:54+00:00 EXTERNAL_MATCH_COUNT=0
SAMPLE=51 UTC=2026-08-30T15:34:59+00:00 EXTERNAL_MATCH_COUNT=0
SAMPLE=52 UTC=2026-08-30T15:35:04+00:00 EXTERNAL_MATCH_COUNT=0
SAMPLE=53 UTC=2026-08-30T15:35:09+00:00 EXTERNAL_MATCH_COUNT=0
SAMPLE=54 UTC=2026-08-30T15:35:14+00:00 EXTERNAL_MATCH_COUNT=0
SAMPLE=55 UTC=2026-08-30T15:35:19+00:00 EXTERNAL_MATCH_COUNT=0
SAMPLE=56 UTC=2026-08-30T15:35:24+00:00 EXTERNAL_MATCH_COUNT=0
SAMPLE=57 UTC=2026-08-30T15:35:29+00:00 EXTERNAL_MATCH_COUNT=0
SAMPLE=58 UTC=2026-08-30T15:35:34+00:00 EXTERNAL_MATCH_COUNT=0
SAMPLE=59 UTC=2026-08-30T15:35:39+00:00 EXTERNAL_MATCH_COUNT=0
SAMPLE=60 UTC=2026-08-30T15:35:44+00:00 EXTERNAL_MATCH_COUNT=0
SAMPLE=61 UTC=2026-08-30T15:35:50+00:00 EXTERNAL_MATCH_COUNT=0
SAMPLE=62 UTC=2026-08-30T15:35:55+00:00 EXTERNAL_MATCH_COUNT=0
SAMPLE=63 UTC=2026-08-30T15:36:00+00:00 EXTERNAL_MATCH_COUNT=0
SAMPLE=64 UTC=2026-08-30T15:36:05+00:00 EXTERNAL_MATCH_COUNT=0
SAMPLE=65 UTC=2026-08-30T15:36:10+00:00 EXTERNAL_MATCH_COUNT=0
SAMPLE=66 UTC=2026-08-30T15:36:15+00:00 EXTERNAL_MATCH_COUNT=0
SAMPLE=67 UTC=2026-08-30T15:36:20+00:00 EXTERNAL_MATCH_COUNT=0
SAMPLE=68 UTC=2026-08-30T15:36:25+00:00 EXTERNAL_MATCH_COUNT=0
SAMPLE=69 UTC=2026-08-30T15:36:30+00:00 EXTERNAL_MATCH_COUNT=0
SAMPLE=70 UTC=2026-08-30T15:36:35+00:00 EXTERNAL_MATCH_COUNT=0
SAMPLE=71 UTC=2026-08-30T15:36:41+00:00 EXTERNAL_MATCH_COUNT=0
SAMPLE=72 UTC=2026-08-30T15:36:46+00:00 EXTERNAL_MATCH_COUNT=0
SAMPLE=73 UTC=2026-08-30T15:36:51+00:00 EXTERNAL_MATCH_COUNT=0
SAMPLE=74 UTC=2026-08-30T15:36:56+00:00 EXTERNAL_MATCH_COUNT=0
SAMPLE=75 UTC=2026-08-30T15:37:01+00:00 EXTERNAL_MATCH_COUNT=0
SAMPLE=76 UTC=2026-08-30T15:37:06+00:00 EXTERNAL_MATCH_COUNT=0
SAMPLE=77 UTC=2026-08-30T15:37:11+00:00 EXTERNAL_MATCH_COUNT=0
SAMPLE=78 UTC=2026-08-30T15:37:16+00:00 EXTERNAL_MATCH_COUNT=0
SAMPLE=79 UTC=2026-08-30T15:37:21+00:00 EXTERNAL_MATCH_COUNT=0
SAMPLE=80 UTC=2026-08-30T15:37:26+00:00 EXTERNAL_MATCH_COUNT=0
SAMPLE=81 UTC=2026-08-30T15:37:32+00:00 EXTERNAL_MATCH_COUNT=0
SAMPLE=82 UTC=2026-08-30T15:37:37+00:00 EXTERNAL_MATCH_COUNT=0
SAMPLE=83 UTC=2026-08-30T15:37:42+00:00 EXTERNAL_MATCH_COUNT=0
SAMPLE=84 UTC=2026-08-30T15:37:47+00:00 EXTERNAL_MATCH_COUNT=0
SAMPLE=85 UTC=2026-08-30T15:37:52+00:00 EXTERNAL_MATCH_COUNT=0
SAMPLE=86 UTC=2026-08-30T15:37:57+00:00 EXTERNAL_MATCH_COUNT=0
SAMPLE=87 UTC=2026-08-30T15:38:02+00:00 EXTERNAL_MATCH_COUNT=0
SAMPLE=88 UTC=2026-08-30T15:38:07+00:00 EXTERNAL_MATCH_COUNT=0
SAMPLE=89 UTC=2026-08-30T15:38:12+00:00 EXTERNAL_MATCH_COUNT=0
SAMPLE=90 UTC=2026-08-30T15:38:17+00:00 EXTERNAL_MATCH_COUNT=0
SAMPLE=91 UTC=2026-08-30T15:38:22+00:00 EXTERNAL_MATCH_COUNT=0
SAMPLE=92 UTC=2026-08-30T15:38:27+00:00 EXTERNAL_MATCH_COUNT=0
SAMPLE=93 UTC=2026-08-30T15:38:32+00:00 EXTERNAL_MATCH_COUNT=0
SAMPLE=94 UTC=2026-08-30T15:38:38+00:00 EXTERNAL_MATCH_COUNT=0
SAMPLE=95 UTC=2026-08-30T15:38:43+00:00 EXTERNAL_MATCH_COUNT=0
SAMPLE=96 UTC=2026-08-30T15:38:48+00:00 EXTERNAL_MATCH_COUNT=0
SAMPLE=97 UTC=2026-08-30T15:38:53+00:00 EXTERNAL_MATCH_COUNT=0
SAMPLE=98 UTC=2026-08-30T15:38:58+00:00 EXTERNAL_MATCH_COUNT=0
SAMPLE=99 UTC=2026-08-30T15:39:03+00:00 EXTERNAL_MATCH_COUNT=0
SAMPLE=100 UTC=2026-08-30T15:39:08+00:00 EXTERNAL_MATCH_COUNT=0
SAMPLE=101 UTC=2026-08-30T15:39:13+00:00 EXTERNAL_MATCH_COUNT=0
SAMPLE=102 UTC=2026-08-30T15:39:18+00:00 EXTERNAL_MATCH_COUNT=0
SAMPLE=103 UTC=2026-08-30T15:39:23+00:00 EXTERNAL_MATCH_COUNT=0
SAMPLE=104 UTC=2026-08-30T15:39:28+00:00 EXTERNAL_MATCH_COUNT=0
SAMPLE=105 UTC=2026-08-30T15:39:33+00:00 EXTERNAL_MATCH_COUNT=0
SAMPLE=106 UTC=2026-08-30T15:39:38+00:00 EXTERNAL_MATCH_COUNT=0
SAMPLE=107 UTC=2026-08-30T15:39:43+00:00 EXTERNAL_MATCH_COUNT=0
SAMPLE=108 UTC=2026-08-30T15:39:49+00:00 EXTERNAL_MATCH_COUNT=0
SAMPLE=109 UTC=2026-08-30T15:39:54+00:00 EXTERNAL_MATCH_COUNT=0
SAMPLE=110 UTC=2026-08-30T15:39:59+00:00 EXTERNAL_MATCH_COUNT=0
SAMPLE=111 UTC=2026-08-30T15:40:04+00:00 EXTERNAL_MATCH_COUNT=0
SAMPLE=112 UTC=2026-08-30T15:40:09+00:00 EXTERNAL_MATCH_COUNT=0
SAMPLE=113 UTC=2026-08-30T15:40:14+00:00 EXTERNAL_MATCH_COUNT=0
SAMPLE=114 UTC=2026-08-30T15:40:19+00:00 EXTERNAL_MATCH_COUNT=0
SAMPLE=115 UTC=2026-08-30T15:40:25+00:00 EXTERNAL_MATCH_COUNT=0
SAMPLE=116 UTC=2026-08-30T15:40:30+00:00 EXTERNAL_MATCH_COUNT=0
SAMPLE=117 UTC=2026-08-30T15:40:35+00:00 EXTERNAL_MATCH_COUNT=0
SAMPLE=118 UTC=2026-08-30T15:40:40+00:00 EXTERNAL_MATCH_COUNT=0
SAMPLE=119 UTC=2026-08-30T15:40:45+00:00 EXTERNAL_MATCH_COUNT=0
SAMPLE=120 UTC=2026-08-30T15:40:50+00:00 EXTERNAL_MATCH_COUNT=0
SAMPLE=121 UTC=2026-08-30T15:40:55+00:00 EXTERNAL_MATCH_COUNT=0
SAMPLE=122 UTC=2026-08-30T15:41:00+00:00 EXTERNAL_MATCH_COUNT=0
SAMPLE=123 UTC=2026-08-30T15:41:05+00:00 EXTERNAL_MATCH_COUNT=0
SAMPLE=124 UTC=2026-08-30T15:41:10+00:00 EXTERNAL_MATCH_COUNT=0
SAMPLE=125 UTC=2026-08-30T15:41:15+00:00 EXTERNAL_MATCH_COUNT=0
SAMPLE=126 UTC=2026-08-30T15:41:20+00:00 EXTERNAL_MATCH_COUNT=0
SAMPLE=127 UTC=2026-08-30T15:41:25+00:00 EXTERNAL_MATCH_COUNT=0
SAMPLE=128 UTC=2026-08-30T15:41:30+00:00 EXTERNAL_MATCH_COUNT=0
SAMPLE=129 UTC=2026-08-30T15:41:36+00:00 EXTERNAL_MATCH_COUNT=0
SAMPLE=130 UTC=2026-08-30T15:41:41+00:00 EXTERNAL_MATCH_COUNT=0
SAMPLE=131 UTC=2026-08-30T15:41:46+00:00 EXTERNAL_MATCH_COUNT=0
SAMPLE=132 UTC=2026-08-30T15:41:51+00:00 EXTERNAL_MATCH_COUNT=0
SAMPLE=133 UTC=2026-08-30T15:41:56+00:00 EXTERNAL_MATCH_COUNT=0
SAMPLE=134 UTC=2026-08-30T15:42:01+00:00 EXTERNAL_MATCH_COUNT=0
SAMPLE=135 UTC=2026-08-30T15:42:06+00:00 EXTERNAL_MATCH_COUNT=0
SAMPLE=136 UTC=2026-08-30T15:42:11+00:00 EXTERNAL_MATCH_COUNT=0
SAMPLE=137 UTC=2026-08-30T15:42:16+00:00 EXTERNAL_MATCH_COUNT=0
SAMPLE=138 UTC=2026-08-30T15:42:21+00:00 EXTERNAL_MATCH_COUNT=0
SAMPLE=139 UTC=2026-08-30T15:42:26+00:00 EXTERNAL_MATCH_COUNT=0
SAMPLE=140 UTC=2026-08-30T15:42:31+00:00 EXTERNAL_MATCH_COUNT=0
SAMPLE=141 UTC=2026-08-30T15:42:37+00:00 EXTERNAL_MATCH_COUNT=0
SAMPLE=142 UTC=2026-08-30T15:42:42+00:00 EXTERNAL_MATCH_COUNT=0
SAMPLE=143 UTC=2026-08-30T15:42:47+00:00 EXTERNAL_MATCH_COUNT=0
SAMPLE=144 UTC=2026-08-30T15:42:52+00:00 EXTERNAL_MATCH_COUNT=0
SAMPLE=145 UTC=2026-08-30T15:42:57+00:00 EXTERNAL_MATCH_COUNT=0
SAMPLE=146 UTC=2026-08-30T15:43:02+00:00 EXTERNAL_MATCH_COUNT=0
SAMPLE=147 UTC=2026-08-30T15:43:07+00:00 EXTERNAL_MATCH_COUNT=0
SAMPLE=148 UTC=2026-08-30T15:43:12+00:00 EXTERNAL_MATCH_COUNT=0
MONITOR_END_UTC=2026-08-30T15:43:12+00:00
MONITOR_SAMPLE_COUNT=148
MONITOR_UNIQUE_EXTERNAL_MATCH_COUNT=0
