UTC=2026-08-30T15:29:55Z
BEIJING=2026-08-30T23:29:55+0800
HEAD=fe46a4f604791e7bf71275efdf3e33e2d3011edf
THREE_CONTRACT_OLD_LITERAL_BEGIN
THREE_CONTRACT_OLD_LITERAL_END
THREE_CONTRACT_OLD_LITERAL_EXIT=1
BUS_GAIN_VALUE_ASSIGN_BEGIN
BUS_GAIN_VALUE_ASSIGN_END
BUS_GAIN_VALUE_ASSIGN_EXIT=1
BUS_GAIN_AUTOMATION_WRITES_BEGIN
146:    this.busGain.gain.setValueAtTime(0, ctx.currentTime); // 默认 OFF：未开钮/未还原记忆前恒 0（禁项③）
286:    this.busGain.gain.setTargetAtTime(target, this.ctx.currentTime, tau);
BUS_GAIN_AUTOMATION_WRITES_END
BUS_GAIN_AUTOMATION_WRITES_EXIT=0
BUS_GAIN_SET_VALUE_COUNT=1
BUS_GAIN_SET_TARGET_COUNT=1
TRANSITION_ANIMATION_DECL_BEGIN
TRANSITION_ANIMATION_DECL_END
TRANSITION_ANIMATION_DECL_EXIT=1
THREE_CONTRACT_OLD_LITERAL_HITS=0
BUS_GAIN_VALUE_ASSIGN_HITS=0
BUS_GAIN_AUTOMATION_ONLY=1
TRANSITION_ANIMATION_DECL_HITS=0
STATIC_PROOF_EXIT=0
