MONITOR_START_UTC=2026-09-01T13:40:31+00:00
ALLOWED_ROOT_PID=21409
INTERVAL_SECONDS=5.0
SAMPLE=1 UTC=2026-09-01T13:40:31+00:00 EXTERNAL_MATCH_COUNT=0
SAMPLE=2 UTC=2026-09-01T13:40:37+00:00 EXTERNAL_MATCH_COUNT=0
SAMPLE=3 UTC=2026-09-01T13:40:42+00:00 EXTERNAL_MATCH_COUNT=0
SAMPLE=4 UTC=2026-09-01T13:40:47+00:00 EXTERNAL_MATCH_COUNT=0
SAMPLE=5 UTC=2026-09-01T13:40:52+00:00 EXTERNAL_MATCH_COUNT=0
SAMPLE=6 UTC=2026-09-01T13:40:57+00:00 EXTERNAL_MATCH_COUNT=0
SAMPLE=7 UTC=2026-09-01T13:41:02+00:00 EXTERNAL_MATCH_COUNT=0
SAMPLE=8 UTC=2026-09-01T13:41:07+00:00 EXTERNAL_MATCH_COUNT=0
SAMPLE=9 UTC=2026-09-01T13:41:12+00:00 EXTERNAL_MATCH_COUNT=0
SAMPLE=10 UTC=2026-09-01T13:41:17+00:00 EXTERNAL_MATCH_COUNT=0
SAMPLE=11 UTC=2026-09-01T13:41:23+00:00 EXTERNAL_MATCH_COUNT=0
SAMPLE=12 UTC=2026-09-01T13:41:28+00:00 EXTERNAL_MATCH_COUNT=0
SAMPLE=13 UTC=2026-09-01T13:41:33+00:00 EXTERNAL_MATCH_COUNT=0
SAMPLE=14 UTC=2026-09-01T13:41:38+00:00 EXTERNAL_MATCH_COUNT=0
SAMPLE=15 UTC=2026-09-01T13:41:43+00:00 EXTERNAL_MATCH_COUNT=0
SAMPLE=16 UTC=2026-09-01T13:41:48+00:00 EXTERNAL_MATCH_COUNT=0
SAMPLE=17 UTC=2026-09-01T13:41:53+00:00 EXTERNAL_MATCH_COUNT=0
SAMPLE=18 UTC=2026-09-01T13:41:58+00:00 EXTERNAL_MATCH_COUNT=0
SAMPLE=19 UTC=2026-09-01T13:42:03+00:00 EXTERNAL_MATCH_COUNT=0
SAMPLE=20 UTC=2026-09-01T13:42:08+00:00 EXTERNAL_MATCH_COUNT=0
SAMPLE=21 UTC=2026-09-01T13:42:13+00:00 EXTERNAL_MATCH_COUNT=0
SAMPLE=22 UTC=2026-09-01T13:42:18+00:00 EXTERNAL_MATCH_COUNT=0
SAMPLE=23 UTC=2026-09-01T13:42:24+00:00 EXTERNAL_MATCH_COUNT=0
SAMPLE=24 UTC=2026-09-01T13:42:29+00:00 EXTERNAL_MATCH_COUNT=0
SAMPLE=25 UTC=2026-09-01T13:42:34+00:00 EXTERNAL_MATCH_COUNT=0
SAMPLE=26 UTC=2026-09-01T13:42:39+00:00 EXTERNAL_MATCH_COUNT=0
SAMPLE=27 UTC=2026-09-01T13:42:44+00:00 EXTERNAL_MATCH_COUNT=0
SAMPLE=28 UTC=2026-09-01T13:42:49+00:00 EXTERNAL_MATCH_COUNT=0
SAMPLE=29 UTC=2026-09-01T13:42:54+00:00 EXTERNAL_MATCH_COUNT=0
SAMPLE=30 UTC=2026-09-01T13:42:59+00:00 EXTERNAL_MATCH_COUNT=0
SAMPLE=31 UTC=2026-09-01T13:43:04+00:00 EXTERNAL_MATCH_COUNT=0
SAMPLE=32 UTC=2026-09-01T13:43:09+00:00 EXTERNAL_MATCH_COUNT=0
SAMPLE=33 UTC=2026-09-01T13:43:14+00:00 EXTERNAL_MATCH_COUNT=0
SAMPLE=34 UTC=2026-09-01T13:43:19+00:00 EXTERNAL_MATCH_COUNT=0
SAMPLE=35 UTC=2026-09-01T13:43:24+00:00 EXTERNAL_MATCH_COUNT=0
SAMPLE=36 UTC=2026-09-01T13:43:29+00:00 EXTERNAL_MATCH_COUNT=0
SAMPLE=37 UTC=2026-09-01T13:43:34+00:00 EXTERNAL_MATCH_COUNT=0
SAMPLE=38 UTC=2026-09-01T13:43:40+00:00 EXTERNAL_MATCH_COUNT=0
SAMPLE=39 UTC=2026-09-01T13:43:45+00:00 EXTERNAL_MATCH_COUNT=0
SAMPLE=40 UTC=2026-09-01T13:43:50+00:00 EXTERNAL_MATCH_COUNT=0
SAMPLE=41 UTC=2026-09-01T13:43:55+00:00 EXTERNAL_MATCH_COUNT=0
SAMPLE=42 UTC=2026-09-01T13:44:00+00:00 EXTERNAL_MATCH_COUNT=0
SAMPLE=43 UTC=2026-09-01T13:44:05+00:00 EXTERNAL_MATCH_COUNT=0
SAMPLE=44 UTC=2026-09-01T13:44:10+00:00 EXTERNAL_MATCH_COUNT=0
SAMPLE=45 UTC=2026-09-01T13:44:15+00:00 EXTERNAL_MATCH_COUNT=0
SAMPLE=46 UTC=2026-09-01T13:44:20+00:00 EXTERNAL_MATCH_COUNT=0
SAMPLE=47 UTC=2026-09-01T13:44:25+00:00 EXTERNAL_MATCH_COUNT=0
SAMPLE=48 UTC=2026-09-01T13:44:30+00:00 EXTERNAL_MATCH_COUNT=0
SAMPLE=49 UTC=2026-09-01T13:44:36+00:00 EXTERNAL_MATCH_COUNT=0
SAMPLE=50 UTC=2026-09-01T13:44:41+00:00 EXTERNAL_MATCH_COUNT=0
SAMPLE=51 UTC=2026-09-01T13:44:46+00:00 EXTERNAL_MATCH_COUNT=0
SAMPLE=52 UTC=2026-09-01T13:44:51+00:00 EXTERNAL_MATCH_COUNT=0
SAMPLE=53 UTC=2026-09-01T13:44:57+00:00 EXTERNAL_MATCH_COUNT=0
SAMPLE=54 UTC=2026-09-01T13:45:02+00:00 EXTERNAL_MATCH_COUNT=0
SAMPLE=55 UTC=2026-09-01T13:45:07+00:00 EXTERNAL_MATCH_COUNT=0
SAMPLE=56 UTC=2026-09-01T13:45:12+00:00 EXTERNAL_MATCH_COUNT=0
SAMPLE=57 UTC=2026-09-01T13:45:17+00:00 EXTERNAL_MATCH_COUNT=0
SAMPLE=58 UTC=2026-09-01T13:45:22+00:00 EXTERNAL_MATCH_COUNT=0
SAMPLE=59 UTC=2026-09-01T13:45:27+00:00 EXTERNAL_MATCH_COUNT=0
SAMPLE=60 UTC=2026-09-01T13:45:32+00:00 EXTERNAL_MATCH_COUNT=0
SAMPLE=61 UTC=2026-09-01T13:45:37+00:00 EXTERNAL_MATCH_COUNT=0
SAMPLE=62 UTC=2026-09-01T13:45:42+00:00 EXTERNAL_MATCH_COUNT=0
SAMPLE=63 UTC=2026-09-01T13:45:47+00:00 EXTERNAL_MATCH_COUNT=0
SAMPLE=64 UTC=2026-09-01T13:45:52+00:00 EXTERNAL_MATCH_COUNT=0
SAMPLE=65 UTC=2026-09-01T13:45:57+00:00 EXTERNAL_MATCH_COUNT=0
SAMPLE=66 UTC=2026-09-01T13:46:02+00:00 EXTERNAL_MATCH_COUNT=0
SAMPLE=67 UTC=2026-09-01T13:46:08+00:00 EXTERNAL_MATCH_COUNT=0
SAMPLE=68 UTC=2026-09-01T13:46:13+00:00 EXTERNAL_MATCH_COUNT=0
SAMPLE=69 UTC=2026-09-01T13:46:18+00:00 EXTERNAL_MATCH_COUNT=0
SAMPLE=70 UTC=2026-09-01T13:46:23+00:00 EXTERNAL_MATCH_COUNT=0
SAMPLE=71 UTC=2026-09-01T13:46:28+00:00 EXTERNAL_MATCH_COUNT=0
SAMPLE=72 UTC=2026-09-01T13:46:33+00:00 EXTERNAL_MATCH_COUNT=0
SAMPLE=73 UTC=2026-09-01T13:46:38+00:00 EXTERNAL_MATCH_COUNT=0
SAMPLE=74 UTC=2026-09-01T13:46:43+00:00 EXTERNAL_MATCH_COUNT=0
SAMPLE=75 UTC=2026-09-01T13:46:49+00:00 EXTERNAL_MATCH_COUNT=0
SAMPLE=76 UTC=2026-09-01T13:46:54+00:00 EXTERNAL_MATCH_COUNT=0
SAMPLE=77 UTC=2026-09-01T13:46:59+00:00 EXTERNAL_MATCH_COUNT=0
SAMPLE=78 UTC=2026-09-01T13:47:04+00:00 EXTERNAL_MATCH_COUNT=0
SAMPLE=79 UTC=2026-09-01T13:47:09+00:00 EXTERNAL_MATCH_COUNT=0
SAMPLE=80 UTC=2026-09-01T13:47:14+00:00 EXTERNAL_MATCH_COUNT=0
SAMPLE=81 UTC=2026-09-01T13:47:19+00:00 EXTERNAL_MATCH_COUNT=0
SAMPLE=82 UTC=2026-09-01T13:47:24+00:00 EXTERNAL_MATCH_COUNT=0
SAMPLE=83 UTC=2026-09-01T13:47:29+00:00 EXTERNAL_MATCH_COUNT=0
SAMPLE=84 UTC=2026-09-01T13:47:34+00:00 EXTERNAL_MATCH_COUNT=0
SAMPLE=85 UTC=2026-09-01T13:47:39+00:00 EXTERNAL_MATCH_COUNT=0
SAMPLE=86 UTC=2026-09-01T13:47:45+00:00 EXTERNAL_MATCH_COUNT=0
SAMPLE=87 UTC=2026-09-01T13:47:50+00:00 EXTERNAL_MATCH_COUNT=0
SAMPLE=88 UTC=2026-09-01T13:47:55+00:00 EXTERNAL_MATCH_COUNT=0
SAMPLE=89 UTC=2026-09-01T13:48:00+00:00 EXTERNAL_MATCH_COUNT=0
SAMPLE=90 UTC=2026-09-01T13:48:05+00:00 EXTERNAL_MATCH_COUNT=0
SAMPLE=91 UTC=2026-09-01T13:48:10+00:00 EXTERNAL_MATCH_COUNT=0
SAMPLE=92 UTC=2026-09-01T13:48:15+00:00 EXTERNAL_MATCH_COUNT=0
SAMPLE=93 UTC=2026-09-01T13:48:20+00:00 EXTERNAL_MATCH_COUNT=0
SAMPLE=94 UTC=2026-09-01T13:48:25+00:00 EXTERNAL_MATCH_COUNT=0
SAMPLE=95 UTC=2026-09-01T13:48:30+00:00 EXTERNAL_MATCH_COUNT=0
SAMPLE=96 UTC=2026-09-01T13:48:35+00:00 EXTERNAL_MATCH_COUNT=0
SAMPLE=97 UTC=2026-09-01T13:48:40+00:00 EXTERNAL_MATCH_COUNT=0
SAMPLE=98 UTC=2026-09-01T13:48:45+00:00 EXTERNAL_MATCH_COUNT=0
SAMPLE=99 UTC=2026-09-01T13:48:50+00:00 EXTERNAL_MATCH_COUNT=0
SAMPLE=100 UTC=2026-09-01T13:48:56+00:00 EXTERNAL_MATCH_COUNT=0
SAMPLE=101 UTC=2026-09-01T13:49:01+00:00 EXTERNAL_MATCH_COUNT=0
SAMPLE=102 UTC=2026-09-01T13:49:06+00:00 EXTERNAL_MATCH_COUNT=0
SAMPLE=103 UTC=2026-09-01T13:49:11+00:00 EXTERNAL_MATCH_COUNT=0
SAMPLE=104 UTC=2026-09-01T13:49:17+00:00 EXTERNAL_MATCH_COUNT=0
SAMPLE=105 UTC=2026-09-01T13:49:22+00:00 EXTERNAL_MATCH_COUNT=0
SAMPLE=106 UTC=2026-09-01T13:49:27+00:00 EXTERNAL_MATCH_COUNT=0
SAMPLE=107 UTC=2026-09-01T13:49:32+00:00 EXTERNAL_MATCH_COUNT=0
SAMPLE=108 UTC=2026-09-01T13:49:37+00:00 EXTERNAL_MATCH_COUNT=0
SAMPLE=109 UTC=2026-09-01T13:49:42+00:00 EXTERNAL_MATCH_COUNT=0
SAMPLE=110 UTC=2026-09-01T13:49:47+00:00 EXTERNAL_MATCH_COUNT=0
SAMPLE=111 UTC=2026-09-01T13:49:52+00:00 EXTERNAL_MATCH_COUNT=0
SAMPLE=112 UTC=2026-09-01T13:49:57+00:00 EXTERNAL_MATCH_COUNT=0
SAMPLE=113 UTC=2026-09-01T13:50:03+00:00 EXTERNAL_MATCH_COUNT=0
SAMPLE=114 UTC=2026-09-01T13:50:08+00:00 EXTERNAL_MATCH_COUNT=0
SAMPLE=115 UTC=2026-09-01T13:50:13+00:00 EXTERNAL_MATCH_COUNT=0
SAMPLE=116 UTC=2026-09-01T13:50:18+00:00 EXTERNAL_MATCH_COUNT=0
SAMPLE=117 UTC=2026-09-01T13:50:23+00:00 EXTERNAL_MATCH_COUNT=0
SAMPLE=118 UTC=2026-09-01T13:50:28+00:00 EXTERNAL_MATCH_COUNT=0
SAMPLE=119 UTC=2026-09-01T13:50:34+00:00 EXTERNAL_MATCH_COUNT=0
SAMPLE=120 UTC=2026-09-01T13:50:39+00:00 EXTERNAL_MATCH_COUNT=0
SAMPLE=121 UTC=2026-09-01T13:50:44+00:00 EXTERNAL_MATCH_COUNT=0
SAMPLE=122 UTC=2026-09-01T13:50:49+00:00 EXTERNAL_MATCH_COUNT=0
SAMPLE=123 UTC=2026-09-01T13:50:54+00:00 EXTERNAL_MATCH_COUNT=0
SAMPLE=124 UTC=2026-09-01T13:51:00+00:00 EXTERNAL_MATCH_COUNT=0
SAMPLE=125 UTC=2026-09-01T13:51:05+00:00 EXTERNAL_MATCH_COUNT=0
SAMPLE=126 UTC=2026-09-01T13:51:10+00:00 EXTERNAL_MATCH_COUNT=0
SAMPLE=127 UTC=2026-09-01T13:51:15+00:00 EXTERNAL_MATCH_COUNT=0
SAMPLE=128 UTC=2026-09-01T13:51:21+00:00 EXTERNAL_MATCH_COUNT=0
SAMPLE=129 UTC=2026-09-01T13:51:26+00:00 EXTERNAL_MATCH_COUNT=0
SAMPLE=130 UTC=2026-09-01T13:51:31+00:00 EXTERNAL_MATCH_COUNT=0
SAMPLE=131 UTC=2026-09-01T13:51:36+00:00 EXTERNAL_MATCH_COUNT=0
SAMPLE=132 UTC=2026-09-01T13:51:41+00:00 EXTERNAL_MATCH_COUNT=0
SAMPLE=133 UTC=2026-09-01T13:51:46+00:00 EXTERNAL_MATCH_COUNT=0
SAMPLE=134 UTC=2026-09-01T13:51:51+00:00 EXTERNAL_MATCH_COUNT=0
SAMPLE=135 UTC=2026-09-01T13:51:56+00:00 EXTERNAL_MATCH_COUNT=0
SAMPLE=136 UTC=2026-09-01T13:52:01+00:00 EXTERNAL_MATCH_COUNT=0
SAMPLE=137 UTC=2026-09-01T13:52:06+00:00 EXTERNAL_MATCH_COUNT=0
SAMPLE=138 UTC=2026-09-01T13:52:11+00:00 EXTERNAL_MATCH_COUNT=0
SAMPLE=139 UTC=2026-09-01T13:52:16+00:00 EXTERNAL_MATCH_COUNT=0
SAMPLE=140 UTC=2026-09-01T13:52:21+00:00 EXTERNAL_MATCH_COUNT=0
SAMPLE=141 UTC=2026-09-01T13:52:27+00:00 EXTERNAL_MATCH_COUNT=0
SAMPLE=142 UTC=2026-09-01T13:52:32+00:00 EXTERNAL_MATCH_COUNT=0
SAMPLE=143 UTC=2026-09-01T13:52:37+00:00 EXTERNAL_MATCH_COUNT=0
SAMPLE=144 UTC=2026-09-01T13:52:42+00:00 EXTERNAL_MATCH_COUNT=0
SAMPLE=145 UTC=2026-09-01T13:52:47+00:00 EXTERNAL_MATCH_COUNT=0
SAMPLE=146 UTC=2026-09-01T13:52:52+00:00 EXTERNAL_MATCH_COUNT=0
SAMPLE=147 UTC=2026-09-01T13:52:57+00:00 EXTERNAL_MATCH_COUNT=0
SAMPLE=148 UTC=2026-09-01T13:53:03+00:00 EXTERNAL_MATCH_COUNT=0
SAMPLE=149 UTC=2026-09-01T13:53:08+00:00 EXTERNAL_MATCH_COUNT=0
SAMPLE=150 UTC=2026-09-01T13:53:13+00:00 EXTERNAL_MATCH_COUNT=0
SAMPLE=151 UTC=2026-09-01T13:53:19+00:00 EXTERNAL_MATCH_COUNT=0
SAMPLE=152 UTC=2026-09-01T13:53:26+00:00 EXTERNAL_MATCH_COUNT=0
SAMPLE=153 UTC=2026-09-01T13:53:32+00:00 EXTERNAL_MATCH_COUNT=0
SAMPLE=154 UTC=2026-09-01T13:53:37+00:00 EXTERNAL_MATCH_COUNT=0
SAMPLE=155 UTC=2026-09-01T13:53:43+00:00 EXTERNAL_MATCH_COUNT=0
SAMPLE=156 UTC=2026-09-01T13:53:48+00:00 EXTERNAL_MATCH_COUNT=0
SAMPLE=157 UTC=2026-09-01T13:53:53+00:00 EXTERNAL_MATCH_COUNT=0
SAMPLE=158 UTC=2026-09-01T13:53:59+00:00 EXTERNAL_MATCH_COUNT=0
SAMPLE=159 UTC=2026-09-01T13:54:04+00:00 EXTERNAL_MATCH_COUNT=0
SAMPLE=160 UTC=2026-09-01T13:54:09+00:00 EXTERNAL_MATCH_COUNT=0
SAMPLE=161 UTC=2026-09-01T13:54:14+00:00 EXTERNAL_MATCH_COUNT=0
SAMPLE=162 UTC=2026-09-01T13:54:20+00:00 EXTERNAL_MATCH_COUNT=0
SAMPLE=163 UTC=2026-09-01T13:54:25+00:00 EXTERNAL_MATCH_COUNT=0
SAMPLE=164 UTC=2026-09-01T13:54:30+00:00 EXTERNAL_MATCH_COUNT=0
SAMPLE=165 UTC=2026-09-01T13:54:36+00:00 EXTERNAL_MATCH_COUNT=0
SAMPLE=166 UTC=2026-09-01T13:54:41+00:00 EXTERNAL_MATCH_COUNT=0
SAMPLE=167 UTC=2026-09-01T13:54:46+00:00 EXTERNAL_MATCH_COUNT=0
SAMPLE=168 UTC=2026-09-01T13:54:51+00:00 EXTERNAL_MATCH_COUNT=0
SAMPLE=169 UTC=2026-09-01T13:54:57+00:00 EXTERNAL_MATCH_COUNT=0
SAMPLE=170 UTC=2026-09-01T13:55:02+00:00 EXTERNAL_MATCH_COUNT=0
SAMPLE=171 UTC=2026-09-01T13:55:07+00:00 EXTERNAL_MATCH_COUNT=0
SAMPLE=172 UTC=2026-09-01T13:55:12+00:00 EXTERNAL_MATCH_COUNT=0
SAMPLE=173 UTC=2026-09-01T13:55:17+00:00 EXTERNAL_MATCH_COUNT=0
SAMPLE=174 UTC=2026-09-01T13:55:22+00:00 EXTERNAL_MATCH_COUNT=0
SAMPLE=175 UTC=2026-09-01T13:55:27+00:00 EXTERNAL_MATCH_COUNT=0
SAMPLE=176 UTC=2026-09-01T13:55:32+00:00 EXTERNAL_MATCH_COUNT=0
SAMPLE=177 UTC=2026-09-01T13:55:37+00:00 EXTERNAL_MATCH_COUNT=0
SAMPLE=178 UTC=2026-09-01T13:55:43+00:00 EXTERNAL_MATCH_COUNT=0
SAMPLE=179 UTC=2026-09-01T13:55:48+00:00 EXTERNAL_MATCH_COUNT=0
SAMPLE=180 UTC=2026-09-01T13:55:53+00:00 EXTERNAL_MATCH_COUNT=0
SAMPLE=181 UTC=2026-09-01T13:55:58+00:00 EXTERNAL_MATCH_COUNT=0
SAMPLE=182 UTC=2026-09-01T13:56:03+00:00 EXTERNAL_MATCH_COUNT=0
SAMPLE=183 UTC=2026-09-01T13:56:08+00:00 EXTERNAL_MATCH_COUNT=0
SAMPLE=184 UTC=2026-09-01T13:56:13+00:00 EXTERNAL_MATCH_COUNT=0
SAMPLE=185 UTC=2026-09-01T13:56:19+00:00 EXTERNAL_MATCH_COUNT=0
SAMPLE=186 UTC=2026-09-01T13:56:24+00:00 EXTERNAL_MATCH_COUNT=0
SAMPLE=187 UTC=2026-09-01T13:56:29+00:00 EXTERNAL_MATCH_COUNT=0
SAMPLE=188 UTC=2026-09-01T13:56:34+00:00 EXTERNAL_MATCH_COUNT=0
SAMPLE=189 UTC=2026-09-01T13:56:39+00:00 EXTERNAL_MATCH_COUNT=0
SAMPLE=190 UTC=2026-09-01T13:56:44+00:00 EXTERNAL_MATCH_COUNT=0
SAMPLE=191 UTC=2026-09-01T13:56:49+00:00 EXTERNAL_MATCH_COUNT=0
SAMPLE=192 UTC=2026-09-01T13:56:54+00:00 EXTERNAL_MATCH_COUNT=0
SAMPLE=193 UTC=2026-09-01T13:57:00+00:00 EXTERNAL_MATCH_COUNT=0
SAMPLE=194 UTC=2026-09-01T13:57:05+00:00 EXTERNAL_MATCH_COUNT=0
SAMPLE=195 UTC=2026-09-01T13:57:10+00:00 EXTERNAL_MATCH_COUNT=0
SAMPLE=196 UTC=2026-09-01T13:57:15+00:00 EXTERNAL_MATCH_COUNT=0
SAMPLE=197 UTC=2026-09-01T13:57:20+00:00 EXTERNAL_MATCH_COUNT=0
SAMPLE=198 UTC=2026-09-01T13:57:26+00:00 EXTERNAL_MATCH_COUNT=0
SAMPLE=199 UTC=2026-09-01T13:57:31+00:00 EXTERNAL_MATCH_COUNT=0
SAMPLE=200 UTC=2026-09-01T13:57:36+00:00 EXTERNAL_MATCH_COUNT=0
SAMPLE=201 UTC=2026-09-01T13:57:41+00:00 EXTERNAL_MATCH_COUNT=0
SAMPLE=202 UTC=2026-09-01T13:57:46+00:00 EXTERNAL_MATCH_COUNT=0
SAMPLE=203 UTC=2026-09-01T13:57:51+00:00 EXTERNAL_MATCH_COUNT=0
SAMPLE=204 UTC=2026-09-01T13:57:56+00:00 EXTERNAL_MATCH_COUNT=0
SAMPLE=205 UTC=2026-09-01T13:58:01+00:00 EXTERNAL_MATCH_COUNT=0
SAMPLE=206 UTC=2026-09-01T13:58:06+00:00 EXTERNAL_MATCH_COUNT=0
SAMPLE=207 UTC=2026-09-01T13:58:11+00:00 EXTERNAL_MATCH_COUNT=0
SAMPLE=208 UTC=2026-09-01T13:58:17+00:00 EXTERNAL_MATCH_COUNT=0
SAMPLE=209 UTC=2026-09-01T13:58:22+00:00 EXTERNAL_MATCH_COUNT=0
SAMPLE=210 UTC=2026-09-01T13:58:27+00:00 EXTERNAL_MATCH_COUNT=0
SAMPLE=211 UTC=2026-09-01T13:58:32+00:00 EXTERNAL_MATCH_COUNT=0
SAMPLE=212 UTC=2026-09-01T13:58:37+00:00 EXTERNAL_MATCH_COUNT=0
SAMPLE=213 UTC=2026-09-01T13:58:42+00:00 EXTERNAL_MATCH_COUNT=0
SAMPLE=214 UTC=2026-09-01T13:58:47+00:00 EXTERNAL_MATCH_COUNT=0
SAMPLE=215 UTC=2026-09-01T13:58:52+00:00 EXTERNAL_MATCH_COUNT=0
SAMPLE=216 UTC=2026-09-01T13:58:58+00:00 EXTERNAL_MATCH_COUNT=0
SAMPLE=217 UTC=2026-09-01T13:59:03+00:00 EXTERNAL_MATCH_COUNT=0
SAMPLE=218 UTC=2026-09-01T13:59:08+00:00 EXTERNAL_MATCH_COUNT=0
SAMPLE=219 UTC=2026-09-01T13:59:13+00:00 EXTERNAL_MATCH_COUNT=0
SAMPLE=220 UTC=2026-09-01T13:59:18+00:00 EXTERNAL_MATCH_COUNT=0
SAMPLE=221 UTC=2026-09-01T13:59:23+00:00 EXTERNAL_MATCH_COUNT=0
SAMPLE=222 UTC=2026-09-01T13:59:28+00:00 EXTERNAL_MATCH_COUNT=0
SAMPLE=223 UTC=2026-09-01T13:59:33+00:00 EXTERNAL_MATCH_COUNT=0
SAMPLE=224 UTC=2026-09-01T13:59:38+00:00 EXTERNAL_MATCH_COUNT=0
SAMPLE=225 UTC=2026-09-01T13:59:43+00:00 EXTERNAL_MATCH_COUNT=0
SAMPLE=226 UTC=2026-09-01T13:59:49+00:00 EXTERNAL_MATCH_COUNT=0
SAMPLE=227 UTC=2026-09-01T13:59:54+00:00 EXTERNAL_MATCH_COUNT=0
SAMPLE=228 UTC=2026-09-01T13:59:59+00:00 EXTERNAL_MATCH_COUNT=0
SAMPLE=229 UTC=2026-09-01T14:00:04+00:00 EXTERNAL_MATCH_COUNT=0
SAMPLE=230 UTC=2026-09-01T14:00:09+00:00 EXTERNAL_MATCH_COUNT=0
SAMPLE=231 UTC=2026-09-01T14:00:14+00:00 EXTERNAL_MATCH_COUNT=0
SAMPLE=232 UTC=2026-09-01T14:00:19+00:00 EXTERNAL_MATCH_COUNT=0
SAMPLE=233 UTC=2026-09-01T14:00:24+00:00 EXTERNAL_MATCH_COUNT=0
SAMPLE=234 UTC=2026-09-01T14:00:29+00:00 EXTERNAL_MATCH_COUNT=0
SAMPLE=235 UTC=2026-09-01T14:00:34+00:00 EXTERNAL_MATCH_COUNT=0
SAMPLE=236 UTC=2026-09-01T14:00:39+00:00 EXTERNAL_MATCH_COUNT=0
SAMPLE=237 UTC=2026-09-01T14:00:44+00:00 EXTERNAL_MATCH_COUNT=0
SAMPLE=238 UTC=2026-09-01T14:00:49+00:00 EXTERNAL_MATCH_COUNT=0
SAMPLE=239 UTC=2026-09-01T14:00:54+00:00 EXTERNAL_MATCH_COUNT=0
SAMPLE=240 UTC=2026-09-01T14:00:59+00:00 EXTERNAL_MATCH_COUNT=0
SAMPLE=241 UTC=2026-09-01T14:01:05+00:00 EXTERNAL_MATCH_COUNT=0
SAMPLE=242 UTC=2026-09-01T14:01:10+00:00 EXTERNAL_MATCH_COUNT=0
SAMPLE=243 UTC=2026-09-01T14:01:15+00:00 EXTERNAL_MATCH_COUNT=0
SAMPLE=244 UTC=2026-09-01T14:01:20+00:00 EXTERNAL_MATCH_COUNT=0
SAMPLE=245 UTC=2026-09-01T14:01:25+00:00 EXTERNAL_MATCH_COUNT=0
SAMPLE=246 UTC=2026-09-01T14:01:30+00:00 EXTERNAL_MATCH_COUNT=0
SAMPLE=247 UTC=2026-09-01T14:01:35+00:00 EXTERNAL_MATCH_COUNT=0
SAMPLE=248 UTC=2026-09-01T14:01:40+00:00 EXTERNAL_MATCH_COUNT=0
SAMPLE=249 UTC=2026-09-01T14:01:45+00:00 EXTERNAL_MATCH_COUNT=0
SAMPLE=250 UTC=2026-09-01T14:01:50+00:00 EXTERNAL_MATCH_COUNT=0
SAMPLE=251 UTC=2026-09-01T14:01:55+00:00 EXTERNAL_MATCH_COUNT=0
SAMPLE=252 UTC=2026-09-01T14:02:00+00:00 EXTERNAL_MATCH_COUNT=0
SAMPLE=253 UTC=2026-09-01T14:02:05+00:00 EXTERNAL_MATCH_COUNT=0
SAMPLE=254 UTC=2026-09-01T14:02:10+00:00 EXTERNAL_MATCH_COUNT=0
SAMPLE=255 UTC=2026-09-01T14:02:15+00:00 EXTERNAL_MATCH_COUNT=0
SAMPLE=256 UTC=2026-09-01T14:02:20+00:00 EXTERNAL_MATCH_COUNT=0
SAMPLE=257 UTC=2026-09-01T14:02:25+00:00 EXTERNAL_MATCH_COUNT=0
SAMPLE=258 UTC=2026-09-01T14:02:30+00:00 EXTERNAL_MATCH_COUNT=0
SAMPLE=259 UTC=2026-09-01T14:02:36+00:00 EXTERNAL_MATCH_COUNT=0
SAMPLE=260 UTC=2026-09-01T14:02:41+00:00 EXTERNAL_MATCH_COUNT=0
SAMPLE=261 UTC=2026-09-01T14:02:46+00:00 EXTERNAL_MATCH_COUNT=0
SAMPLE=262 UTC=2026-09-01T14:02:51+00:00 EXTERNAL_MATCH_COUNT=0
SAMPLE=263 UTC=2026-09-01T14:02:56+00:00 EXTERNAL_MATCH_COUNT=0
SAMPLE=264 UTC=2026-09-01T14:03:01+00:00 EXTERNAL_MATCH_COUNT=0
SAMPLE=265 UTC=2026-09-01T14:03:06+00:00 EXTERNAL_MATCH_COUNT=0
SAMPLE=266 UTC=2026-09-01T14:03:11+00:00 EXTERNAL_MATCH_COUNT=0
SAMPLE=267 UTC=2026-09-01T14:03:16+00:00 EXTERNAL_MATCH_COUNT=0
SAMPLE=268 UTC=2026-09-01T14:03:21+00:00 EXTERNAL_MATCH_COUNT=0
SAMPLE=269 UTC=2026-09-01T14:03:26+00:00 EXTERNAL_MATCH_COUNT=0
SAMPLE=270 UTC=2026-09-01T14:03:31+00:00 EXTERNAL_MATCH_COUNT=0
SAMPLE=271 UTC=2026-09-01T14:03:36+00:00 EXTERNAL_MATCH_COUNT=0
SAMPLE=272 UTC=2026-09-01T14:03:41+00:00 EXTERNAL_MATCH_COUNT=0
SAMPLE=273 UTC=2026-09-01T14:03:46+00:00 EXTERNAL_MATCH_COUNT=0
SAMPLE=274 UTC=2026-09-01T14:03:51+00:00 EXTERNAL_MATCH_COUNT=0
SAMPLE=275 UTC=2026-09-01T14:03:57+00:00 EXTERNAL_MATCH_COUNT=0
SAMPLE=276 UTC=2026-09-01T14:04:02+00:00 EXTERNAL_MATCH_COUNT=0
SAMPLE=277 UTC=2026-09-01T14:04:07+00:00 EXTERNAL_MATCH_COUNT=0
SAMPLE=278 UTC=2026-09-01T14:04:12+00:00 EXTERNAL_MATCH_COUNT=0
SAMPLE=279 UTC=2026-09-01T14:04:17+00:00 EXTERNAL_MATCH_COUNT=0
SAMPLE=280 UTC=2026-09-01T14:04:22+00:00 EXTERNAL_MATCH_COUNT=0
SAMPLE=281 UTC=2026-09-01T14:04:27+00:00 EXTERNAL_MATCH_COUNT=0
SAMPLE=282 UTC=2026-09-01T14:04:32+00:00 EXTERNAL_MATCH_COUNT=0
SAMPLE=283 UTC=2026-09-01T14:04:37+00:00 EXTERNAL_MATCH_COUNT=0
SAMPLE=284 UTC=2026-09-01T14:04:42+00:00 EXTERNAL_MATCH_COUNT=0
SAMPLE=285 UTC=2026-09-01T14:04:48+00:00 EXTERNAL_MATCH_COUNT=0
SAMPLE=286 UTC=2026-09-01T14:04:53+00:00 EXTERNAL_MATCH_COUNT=0
SAMPLE=287 UTC=2026-09-01T14:04:58+00:00 EXTERNAL_MATCH_COUNT=0
SAMPLE=288 UTC=2026-09-01T14:05:03+00:00 EXTERNAL_MATCH_COUNT=0
SAMPLE=289 UTC=2026-09-01T14:05:08+00:00 EXTERNAL_MATCH_COUNT=0
SAMPLE=290 UTC=2026-09-01T14:05:13+00:00 EXTERNAL_MATCH_COUNT=0
SAMPLE=291 UTC=2026-09-01T14:05:18+00:00 EXTERNAL_MATCH_COUNT=0
SAMPLE=292 UTC=2026-09-01T14:05:23+00:00 EXTERNAL_MATCH_COUNT=0
SAMPLE=293 UTC=2026-09-01T14:05:28+00:00 EXTERNAL_MATCH_COUNT=0
SAMPLE=294 UTC=2026-09-01T14:05:33+00:00 EXTERNAL_MATCH_COUNT=0
SAMPLE=295 UTC=2026-09-01T14:05:38+00:00 EXTERNAL_MATCH_COUNT=0
SAMPLE=296 UTC=2026-09-01T14:05:43+00:00 EXTERNAL_MATCH_COUNT=0
SAMPLE=297 UTC=2026-09-01T14:05:48+00:00 EXTERNAL_MATCH_COUNT=0
SAMPLE=298 UTC=2026-09-01T14:05:54+00:00 EXTERNAL_MATCH_COUNT=0
SAMPLE=299 UTC=2026-09-01T14:05:59+00:00 EXTERNAL_MATCH_COUNT=0
SAMPLE=300 UTC=2026-09-01T14:06:04+00:00 EXTERNAL_MATCH_COUNT=0
SAMPLE=301 UTC=2026-09-01T14:06:09+00:00 EXTERNAL_MATCH_COUNT=0
SAMPLE=302 UTC=2026-09-01T14:06:14+00:00 EXTERNAL_MATCH_COUNT=0
SAMPLE=303 UTC=2026-09-01T14:06:19+00:00 EXTERNAL_MATCH_COUNT=0
SAMPLE=304 UTC=2026-09-01T14:06:24+00:00 EXTERNAL_MATCH_COUNT=0
SAMPLE=305 UTC=2026-09-01T14:06:29+00:00 EXTERNAL_MATCH_COUNT=0
SAMPLE=306 UTC=2026-09-01T14:06:34+00:00 EXTERNAL_MATCH_COUNT=0
SAMPLE=307 UTC=2026-09-01T14:06:39+00:00 EXTERNAL_MATCH_COUNT=0
SAMPLE=308 UTC=2026-09-01T14:06:44+00:00 EXTERNAL_MATCH_COUNT=0
SAMPLE=309 UTC=2026-09-01T14:06:49+00:00 EXTERNAL_MATCH_COUNT=0
SAMPLE=310 UTC=2026-09-01T14:06:54+00:00 EXTERNAL_MATCH_COUNT=0
SAMPLE=311 UTC=2026-09-01T14:07:00+00:00 EXTERNAL_MATCH_COUNT=0
SAMPLE=312 UTC=2026-09-01T14:07:05+00:00 EXTERNAL_MATCH_COUNT=0
SAMPLE=313 UTC=2026-09-01T14:07:10+00:00 EXTERNAL_MATCH_COUNT=0
SAMPLE=314 UTC=2026-09-01T14:07:15+00:00 EXTERNAL_MATCH_COUNT=0
SAMPLE=315 UTC=2026-09-01T14:07:20+00:00 EXTERNAL_MATCH_COUNT=0
SAMPLE=316 UTC=2026-09-01T14:07:25+00:00 EXTERNAL_MATCH_COUNT=0
SAMPLE=317 UTC=2026-09-01T14:07:30+00:00 EXTERNAL_MATCH_COUNT=0
SAMPLE=318 UTC=2026-09-01T14:07:35+00:00 EXTERNAL_MATCH_COUNT=0
SAMPLE=319 UTC=2026-09-01T14:07:40+00:00 EXTERNAL_MATCH_COUNT=0
SAMPLE=320 UTC=2026-09-01T14:07:45+00:00 EXTERNAL_MATCH_COUNT=0
SAMPLE=321 UTC=2026-09-01T14:07:50+00:00 EXTERNAL_MATCH_COUNT=0
SAMPLE=322 UTC=2026-09-01T14:07:55+00:00 EXTERNAL_MATCH_COUNT=0
SAMPLE=323 UTC=2026-09-01T14:08:00+00:00 EXTERNAL_MATCH_COUNT=0
SAMPLE=324 UTC=2026-09-01T14:08:06+00:00 EXTERNAL_MATCH_COUNT=0
SAMPLE=325 UTC=2026-09-01T14:08:11+00:00 EXTERNAL_MATCH_COUNT=0
SAMPLE=326 UTC=2026-09-01T14:08:16+00:00 EXTERNAL_MATCH_COUNT=0
SAMPLE=327 UTC=2026-09-01T14:08:21+00:00 EXTERNAL_MATCH_COUNT=0
SAMPLE=328 UTC=2026-09-01T14:08:26+00:00 EXTERNAL_MATCH_COUNT=0
SAMPLE=329 UTC=2026-09-01T14:08:31+00:00 EXTERNAL_MATCH_COUNT=0
SAMPLE=330 UTC=2026-09-01T14:08:36+00:00 EXTERNAL_MATCH_COUNT=0
SAMPLE=331 UTC=2026-09-01T14:08:41+00:00 EXTERNAL_MATCH_COUNT=0
SAMPLE=332 UTC=2026-09-01T14:08:46+00:00 EXTERNAL_MATCH_COUNT=0
SAMPLE=333 UTC=2026-09-01T14:08:51+00:00 EXTERNAL_MATCH_COUNT=0
SAMPLE=334 UTC=2026-09-01T14:08:57+00:00 EXTERNAL_MATCH_COUNT=0
SAMPLE=335 UTC=2026-09-01T14:09:02+00:00 EXTERNAL_MATCH_COUNT=0
SAMPLE=336 UTC=2026-09-01T14:09:07+00:00 EXTERNAL_MATCH_COUNT=0
SAMPLE=337 UTC=2026-09-01T14:09:12+00:00 EXTERNAL_MATCH_COUNT=0
SAMPLE=338 UTC=2026-09-01T14:09:17+00:00 EXTERNAL_MATCH_COUNT=0
SAMPLE=339 UTC=2026-09-01T14:09:22+00:00 EXTERNAL_MATCH_COUNT=0
SAMPLE=340 UTC=2026-09-01T14:09:27+00:00 EXTERNAL_MATCH_COUNT=0
SAMPLE=341 UTC=2026-09-01T14:09:32+00:00 EXTERNAL_MATCH_COUNT=0
SAMPLE=342 UTC=2026-09-01T14:09:37+00:00 EXTERNAL_MATCH_COUNT=0
SAMPLE=343 UTC=2026-09-01T14:09:43+00:00 EXTERNAL_MATCH_COUNT=0
SAMPLE=344 UTC=2026-09-01T14:09:48+00:00 EXTERNAL_MATCH_COUNT=0
SAMPLE=345 UTC=2026-09-01T14:09:53+00:00 EXTERNAL_MATCH_COUNT=0
SAMPLE=346 UTC=2026-09-01T14:09:58+00:00 EXTERNAL_MATCH_COUNT=0
SAMPLE=347 UTC=2026-09-01T14:10:03+00:00 EXTERNAL_MATCH_COUNT=0
SAMPLE=348 UTC=2026-09-01T14:10:08+00:00 EXTERNAL_MATCH_COUNT=0
SAMPLE=349 UTC=2026-09-01T14:10:13+00:00 EXTERNAL_MATCH_COUNT=0
SAMPLE=350 UTC=2026-09-01T14:10:18+00:00 EXTERNAL_MATCH_COUNT=0
SAMPLE=351 UTC=2026-09-01T14:10:23+00:00 EXTERNAL_MATCH_COUNT=0
SAMPLE=352 UTC=2026-09-01T14:10:28+00:00 EXTERNAL_MATCH_COUNT=0
SAMPLE=353 UTC=2026-09-01T14:10:33+00:00 EXTERNAL_MATCH_COUNT=0
SAMPLE=354 UTC=2026-09-01T14:10:39+00:00 EXTERNAL_MATCH_COUNT=0
SAMPLE=355 UTC=2026-09-01T14:10:44+00:00 EXTERNAL_MATCH_COUNT=0
SAMPLE=356 UTC=2026-09-01T14:10:49+00:00 EXTERNAL_MATCH_COUNT=0
SAMPLE=357 UTC=2026-09-01T14:10:54+00:00 EXTERNAL_MATCH_COUNT=0
SAMPLE=358 UTC=2026-09-01T14:10:59+00:00 EXTERNAL_MATCH_COUNT=0
SAMPLE=359 UTC=2026-09-01T14:11:04+00:00 EXTERNAL_MATCH_COUNT=0
SAMPLE=360 UTC=2026-09-01T14:11:09+00:00 EXTERNAL_MATCH_COUNT=0
SAMPLE=361 UTC=2026-09-01T14:11:14+00:00 EXTERNAL_MATCH_COUNT=0
SAMPLE=362 UTC=2026-09-01T14:11:19+00:00 EXTERNAL_MATCH_COUNT=0
SAMPLE=363 UTC=2026-09-01T14:11:24+00:00 EXTERNAL_MATCH_COUNT=0
SAMPLE=364 UTC=2026-09-01T14:11:29+00:00 EXTERNAL_MATCH_COUNT=0
SAMPLE=365 UTC=2026-09-01T14:11:34+00:00 EXTERNAL_MATCH_COUNT=0
SAMPLE=366 UTC=2026-09-01T14:11:39+00:00 EXTERNAL_MATCH_COUNT=0
SAMPLE=367 UTC=2026-09-01T14:11:44+00:00 EXTERNAL_MATCH_COUNT=0
SAMPLE=368 UTC=2026-09-01T14:11:50+00:00 EXTERNAL_MATCH_COUNT=0
SAMPLE=369 UTC=2026-09-01T14:11:55+00:00 EXTERNAL_MATCH_COUNT=0
SAMPLE=370 UTC=2026-09-01T14:12:00+00:00 EXTERNAL_MATCH_COUNT=0
SAMPLE=371 UTC=2026-09-01T14:12:05+00:00 EXTERNAL_MATCH_COUNT=0
SAMPLE=372 UTC=2026-09-01T14:12:10+00:00 EXTERNAL_MATCH_COUNT=0
SAMPLE=373 UTC=2026-09-01T14:12:15+00:00 EXTERNAL_MATCH_COUNT=0
SAMPLE=374 UTC=2026-09-01T14:12:20+00:00 EXTERNAL_MATCH_COUNT=0
SAMPLE=375 UTC=2026-09-01T14:12:25+00:00 EXTERNAL_MATCH_COUNT=0
SAMPLE=376 UTC=2026-09-01T14:12:30+00:00 EXTERNAL_MATCH_COUNT=0
SAMPLE=377 UTC=2026-09-01T14:12:35+00:00 EXTERNAL_MATCH_COUNT=0
SAMPLE=378 UTC=2026-09-01T14:12:40+00:00 EXTERNAL_MATCH_COUNT=0
SAMPLE=379 UTC=2026-09-01T14:12:45+00:00 EXTERNAL_MATCH_COUNT=0
SAMPLE=380 UTC=2026-09-01T14:12:50+00:00 EXTERNAL_MATCH_COUNT=0
SAMPLE=381 UTC=2026-09-01T14:12:56+00:00 EXTERNAL_MATCH_COUNT=0
SAMPLE=382 UTC=2026-09-01T14:13:01+00:00 EXTERNAL_MATCH_COUNT=0
SAMPLE=383 UTC=2026-09-01T14:13:06+00:00 EXTERNAL_MATCH_COUNT=0
SAMPLE=384 UTC=2026-09-01T14:13:11+00:00 EXTERNAL_MATCH_COUNT=0
SAMPLE=385 UTC=2026-09-01T14:13:16+00:00 EXTERNAL_MATCH_COUNT=0
SAMPLE=386 UTC=2026-09-01T14:13:21+00:00 EXTERNAL_MATCH_COUNT=0
SAMPLE=387 UTC=2026-09-01T14:13:26+00:00 EXTERNAL_MATCH_COUNT=0
SAMPLE=388 UTC=2026-09-01T14:13:31+00:00 EXTERNAL_MATCH_COUNT=0
SAMPLE=389 UTC=2026-09-01T14:13:37+00:00 EXTERNAL_MATCH_COUNT=0
SAMPLE=390 UTC=2026-09-01T14:13:42+00:00 EXTERNAL_MATCH_COUNT=0
SAMPLE=391 UTC=2026-09-01T14:13:47+00:00 EXTERNAL_MATCH_COUNT=0
SAMPLE=392 UTC=2026-09-01T14:13:52+00:00 EXTERNAL_MATCH_COUNT=0
SAMPLE=393 UTC=2026-09-01T14:13:57+00:00 EXTERNAL_MATCH_COUNT=0
SAMPLE=394 UTC=2026-09-01T14:14:03+00:00 EXTERNAL_MATCH_COUNT=0
SAMPLE=395 UTC=2026-09-01T14:14:08+00:00 EXTERNAL_MATCH_COUNT=0
SAMPLE=396 UTC=2026-09-01T14:14:13+00:00 EXTERNAL_MATCH_COUNT=0
SAMPLE=397 UTC=2026-09-01T14:14:18+00:00 EXTERNAL_MATCH_COUNT=0
SAMPLE=398 UTC=2026-09-01T14:14:24+00:00 EXTERNAL_MATCH_COUNT=0
SAMPLE=399 UTC=2026-09-01T14:14:29+00:00 EXTERNAL_MATCH_COUNT=0
SAMPLE=400 UTC=2026-09-01T14:14:34+00:00 EXTERNAL_MATCH_COUNT=0
SAMPLE=401 UTC=2026-09-01T14:14:39+00:00 EXTERNAL_MATCH_COUNT=0
SAMPLE=402 UTC=2026-09-01T14:14:44+00:00 EXTERNAL_MATCH_COUNT=0
SAMPLE=403 UTC=2026-09-01T14:14:50+00:00 EXTERNAL_MATCH_COUNT=0
SAMPLE=404 UTC=2026-09-01T14:14:55+00:00 EXTERNAL_MATCH_COUNT=0
SAMPLE=405 UTC=2026-09-01T14:15:01+00:00 EXTERNAL_MATCH_COUNT=0
SAMPLE=406 UTC=2026-09-01T14:15:06+00:00 EXTERNAL_MATCH_COUNT=0
SAMPLE=407 UTC=2026-09-01T14:15:11+00:00 EXTERNAL_MATCH_COUNT=0
SAMPLE=408 UTC=2026-09-01T14:15:16+00:00 EXTERNAL_MATCH_COUNT=0
SAMPLE=409 UTC=2026-09-01T14:15:21+00:00 EXTERNAL_MATCH_COUNT=0
SAMPLE=410 UTC=2026-09-01T14:15:26+00:00 EXTERNAL_MATCH_COUNT=0
SAMPLE=411 UTC=2026-09-01T14:15:31+00:00 EXTERNAL_MATCH_COUNT=0
SAMPLE=412 UTC=2026-09-01T14:15:37+00:00 EXTERNAL_MATCH_COUNT=0
SAMPLE=413 UTC=2026-09-01T14:15:42+00:00 EXTERNAL_MATCH_COUNT=0
SAMPLE=414 UTC=2026-09-01T14:15:47+00:00 EXTERNAL_MATCH_COUNT=0
SAMPLE=415 UTC=2026-09-01T14:15:52+00:00 EXTERNAL_MATCH_COUNT=0
SAMPLE=416 UTC=2026-09-01T14:15:57+00:00 EXTERNAL_MATCH_COUNT=0
SAMPLE=417 UTC=2026-09-01T14:16:02+00:00 EXTERNAL_MATCH_COUNT=0
SAMPLE=418 UTC=2026-09-01T14:16:07+00:00 EXTERNAL_MATCH_COUNT=0
SAMPLE=419 UTC=2026-09-01T14:16:12+00:00 EXTERNAL_MATCH_COUNT=0
SAMPLE=420 UTC=2026-09-01T14:16:18+00:00 EXTERNAL_MATCH_COUNT=0
SAMPLE=421 UTC=2026-09-01T14:16:23+00:00 EXTERNAL_MATCH_COUNT=0
SAMPLE=422 UTC=2026-09-01T14:16:28+00:00 EXTERNAL_MATCH_COUNT=0
SAMPLE=423 UTC=2026-09-01T14:16:33+00:00 EXTERNAL_MATCH_COUNT=0
SAMPLE=424 UTC=2026-09-01T14:16:38+00:00 EXTERNAL_MATCH_COUNT=0
SAMPLE=425 UTC=2026-09-01T14:16:43+00:00 EXTERNAL_MATCH_COUNT=0
SAMPLE=426 UTC=2026-09-01T14:16:48+00:00 EXTERNAL_MATCH_COUNT=0
SAMPLE=427 UTC=2026-09-01T14:16:53+00:00 EXTERNAL_MATCH_COUNT=0
SAMPLE=428 UTC=2026-09-01T14:16:58+00:00 EXTERNAL_MATCH_COUNT=0
SAMPLE=429 UTC=2026-09-01T14:17:03+00:00 EXTERNAL_MATCH_COUNT=0
SAMPLE=430 UTC=2026-09-01T14:17:08+00:00 EXTERNAL_MATCH_COUNT=0
SAMPLE=431 UTC=2026-09-01T14:17:13+00:00 EXTERNAL_MATCH_COUNT=0
SAMPLE=432 UTC=2026-09-01T14:17:18+00:00 EXTERNAL_MATCH_COUNT=0
SAMPLE=433 UTC=2026-09-01T14:17:24+00:00 EXTERNAL_MATCH_COUNT=0
SAMPLE=434 UTC=2026-09-01T14:17:29+00:00 EXTERNAL_MATCH_COUNT=0
SAMPLE=435 UTC=2026-09-01T14:17:34+00:00 EXTERNAL_MATCH_COUNT=0
SAMPLE=436 UTC=2026-09-01T14:17:39+00:00 EXTERNAL_MATCH_COUNT=0
SAMPLE=437 UTC=2026-09-01T14:17:44+00:00 EXTERNAL_MATCH_COUNT=0
SAMPLE=438 UTC=2026-09-01T14:17:49+00:00 EXTERNAL_MATCH_COUNT=0
SAMPLE=439 UTC=2026-09-01T14:17:54+00:00 EXTERNAL_MATCH_COUNT=0
SAMPLE=440 UTC=2026-09-01T14:17:59+00:00 EXTERNAL_MATCH_COUNT=0
SAMPLE=441 UTC=2026-09-01T14:18:04+00:00 EXTERNAL_MATCH_COUNT=0
SAMPLE=442 UTC=2026-09-01T14:18:09+00:00 EXTERNAL_MATCH_COUNT=0
SAMPLE=443 UTC=2026-09-01T14:18:14+00:00 EXTERNAL_MATCH_COUNT=0
SAMPLE=444 UTC=2026-09-01T14:18:19+00:00 EXTERNAL_MATCH_COUNT=0
SAMPLE=445 UTC=2026-09-01T14:18:24+00:00 EXTERNAL_MATCH_COUNT=0
SAMPLE=446 UTC=2026-09-01T14:18:30+00:00 EXTERNAL_MATCH_COUNT=0
SAMPLE=447 UTC=2026-09-01T14:18:35+00:00 EXTERNAL_MATCH_COUNT=0
SAMPLE=448 UTC=2026-09-01T14:18:40+00:00 EXTERNAL_MATCH_COUNT=0
SAMPLE=449 UTC=2026-09-01T14:18:45+00:00 EXTERNAL_MATCH_COUNT=0
SAMPLE=450 UTC=2026-09-01T14:18:50+00:00 EXTERNAL_MATCH_COUNT=0
SAMPLE=451 UTC=2026-09-01T14:18:55+00:00 EXTERNAL_MATCH_COUNT=0
SAMPLE=452 UTC=2026-09-01T14:19:00+00:00 EXTERNAL_MATCH_COUNT=0
SAMPLE=453 UTC=2026-09-01T14:19:05+00:00 EXTERNAL_MATCH_COUNT=0
SAMPLE=454 UTC=2026-09-01T14:19:10+00:00 EXTERNAL_MATCH_COUNT=0
SAMPLE=455 UTC=2026-09-01T14:19:15+00:00 EXTERNAL_MATCH_COUNT=0
SAMPLE=456 UTC=2026-09-01T14:19:20+00:00 EXTERNAL_MATCH_COUNT=0
SAMPLE=457 UTC=2026-09-01T14:19:25+00:00 EXTERNAL_MATCH_COUNT=0
SAMPLE=458 UTC=2026-09-01T14:19:30+00:00 EXTERNAL_MATCH_COUNT=0
SAMPLE=459 UTC=2026-09-01T14:19:35+00:00 EXTERNAL_MATCH_COUNT=0
SAMPLE=460 UTC=2026-09-01T14:19:41+00:00 EXTERNAL_MATCH_COUNT=0
SAMPLE=461 UTC=2026-09-01T14:19:46+00:00 EXTERNAL_MATCH_COUNT=0
SAMPLE=462 UTC=2026-09-01T14:19:51+00:00 EXTERNAL_MATCH_COUNT=0
SAMPLE=463 UTC=2026-09-01T14:19:56+00:00 EXTERNAL_MATCH_COUNT=0
SAMPLE=464 UTC=2026-09-01T14:20:01+00:00 EXTERNAL_MATCH_COUNT=0
SAMPLE=465 UTC=2026-09-01T14:20:06+00:00 EXTERNAL_MATCH_COUNT=0
SAMPLE=466 UTC=2026-09-01T14:20:11+00:00 EXTERNAL_MATCH_COUNT=0
SAMPLE=467 UTC=2026-09-01T14:20:17+00:00 EXTERNAL_MATCH_COUNT=0
SAMPLE=468 UTC=2026-09-01T14:20:22+00:00 EXTERNAL_MATCH_COUNT=0
SAMPLE=469 UTC=2026-09-01T14:20:27+00:00 EXTERNAL_MATCH_COUNT=0
SAMPLE=470 UTC=2026-09-01T14:20:32+00:00 EXTERNAL_MATCH_COUNT=0
SAMPLE=471 UTC=2026-09-01T14:20:37+00:00 EXTERNAL_MATCH_COUNT=0
SAMPLE=472 UTC=2026-09-01T14:20:42+00:00 EXTERNAL_MATCH_COUNT=0
SAMPLE=473 UTC=2026-09-01T14:20:48+00:00 EXTERNAL_MATCH_COUNT=0
SAMPLE=474 UTC=2026-09-01T14:20:53+00:00 EXTERNAL_MATCH_COUNT=0
SAMPLE=475 UTC=2026-09-01T14:20:58+00:00 EXTERNAL_MATCH_COUNT=0
SAMPLE=476 UTC=2026-09-01T14:21:03+00:00 EXTERNAL_MATCH_COUNT=0
SAMPLE=477 UTC=2026-09-01T14:21:08+00:00 EXTERNAL_MATCH_COUNT=0
SAMPLE=478 UTC=2026-09-01T14:21:13+00:00 EXTERNAL_MATCH_COUNT=0
SAMPLE=479 UTC=2026-09-01T14:21:18+00:00 EXTERNAL_MATCH_COUNT=0
SAMPLE=480 UTC=2026-09-01T14:21:23+00:00 EXTERNAL_MATCH_COUNT=0
SAMPLE=481 UTC=2026-09-01T14:21:28+00:00 EXTERNAL_MATCH_COUNT=0
SAMPLE=482 UTC=2026-09-01T14:21:33+00:00 EXTERNAL_MATCH_COUNT=0
SAMPLE=483 UTC=2026-09-01T14:21:38+00:00 EXTERNAL_MATCH_COUNT=0
SAMPLE=484 UTC=2026-09-01T14:21:43+00:00 EXTERNAL_MATCH_COUNT=0
SAMPLE=485 UTC=2026-09-01T14:21:49+00:00 EXTERNAL_MATCH_COUNT=0
SAMPLE=486 UTC=2026-09-01T14:21:54+00:00 EXTERNAL_MATCH_COUNT=0
SAMPLE=487 UTC=2026-09-01T14:21:59+00:00 EXTERNAL_MATCH_COUNT=0
SAMPLE=488 UTC=2026-09-01T14:22:04+00:00 EXTERNAL_MATCH_COUNT=0
SAMPLE=489 UTC=2026-09-01T14:22:09+00:00 EXTERNAL_MATCH_COUNT=0
SAMPLE=490 UTC=2026-09-01T14:22:14+00:00 EXTERNAL_MATCH_COUNT=0
SAMPLE=491 UTC=2026-09-01T14:22:19+00:00 EXTERNAL_MATCH_COUNT=0
SAMPLE=492 UTC=2026-09-01T14:22:24+00:00 EXTERNAL_MATCH_COUNT=0
SAMPLE=493 UTC=2026-09-01T14:22:29+00:00 EXTERNAL_MATCH_COUNT=0
SAMPLE=494 UTC=2026-09-01T14:22:34+00:00 EXTERNAL_MATCH_COUNT=0
SAMPLE=495 UTC=2026-09-01T14:22:39+00:00 EXTERNAL_MATCH_COUNT=0
SAMPLE=496 UTC=2026-09-01T14:22:44+00:00 EXTERNAL_MATCH_COUNT=0
SAMPLE=497 UTC=2026-09-01T14:22:50+00:00 EXTERNAL_MATCH_COUNT=0
SAMPLE=498 UTC=2026-09-01T14:22:55+00:00 EXTERNAL_MATCH_COUNT=0
SAMPLE=499 UTC=2026-09-01T14:23:00+00:00 EXTERNAL_MATCH_COUNT=0
SAMPLE=500 UTC=2026-09-01T14:23:05+00:00 EXTERNAL_MATCH_COUNT=0
SAMPLE=501 UTC=2026-09-01T14:23:10+00:00 EXTERNAL_MATCH_COUNT=0
SAMPLE=502 UTC=2026-09-01T14:23:15+00:00 EXTERNAL_MATCH_COUNT=0
SAMPLE=503 UTC=2026-09-01T14:23:20+00:00 EXTERNAL_MATCH_COUNT=0
SAMPLE=504 UTC=2026-09-01T14:23:25+00:00 EXTERNAL_MATCH_COUNT=0
SAMPLE=505 UTC=2026-09-01T14:23:30+00:00 EXTERNAL_MATCH_COUNT=0
SAMPLE=506 UTC=2026-09-01T14:23:35+00:00 EXTERNAL_MATCH_COUNT=0
SAMPLE=507 UTC=2026-09-01T14:23:40+00:00 EXTERNAL_MATCH_COUNT=0
SAMPLE=508 UTC=2026-09-01T14:23:45+00:00 EXTERNAL_MATCH_COUNT=0
SAMPLE=509 UTC=2026-09-01T14:23:50+00:00 EXTERNAL_MATCH_COUNT=0
SAMPLE=510 UTC=2026-09-01T14:23:55+00:00 EXTERNAL_MATCH_COUNT=0
SAMPLE=511 UTC=2026-09-01T14:24:01+00:00 EXTERNAL_MATCH_COUNT=0
SAMPLE=512 UTC=2026-09-01T14:24:06+00:00 EXTERNAL_MATCH_COUNT=0
SAMPLE=513 UTC=2026-09-01T14:24:11+00:00 EXTERNAL_MATCH_COUNT=0
SAMPLE=514 UTC=2026-09-01T14:24:16+00:00 EXTERNAL_MATCH_COUNT=0
SAMPLE=515 UTC=2026-09-01T14:24:21+00:00 EXTERNAL_MATCH_COUNT=0
SAMPLE=516 UTC=2026-09-01T14:24:26+00:00 EXTERNAL_MATCH_COUNT=0
SAMPLE=517 UTC=2026-09-01T14:24:31+00:00 EXTERNAL_MATCH_COUNT=0
SAMPLE=518 UTC=2026-09-01T14:24:36+00:00 EXTERNAL_MATCH_COUNT=0
SAMPLE=519 UTC=2026-09-01T14:24:41+00:00 EXTERNAL_MATCH_COUNT=0
SAMPLE=520 UTC=2026-09-01T14:24:46+00:00 EXTERNAL_MATCH_COUNT=0
SAMPLE=521 UTC=2026-09-01T14:24:51+00:00 EXTERNAL_MATCH_COUNT=0
SAMPLE=522 UTC=2026-09-01T14:24:57+00:00 EXTERNAL_MATCH_COUNT=0
SAMPLE=523 UTC=2026-09-01T14:25:02+00:00 EXTERNAL_MATCH_COUNT=0
SAMPLE=524 UTC=2026-09-01T14:25:07+00:00 EXTERNAL_MATCH_COUNT=0
SAMPLE=525 UTC=2026-09-01T14:25:12+00:00 EXTERNAL_MATCH_COUNT=0
SAMPLE=526 UTC=2026-09-01T14:25:17+00:00 EXTERNAL_MATCH_COUNT=0
SAMPLE=527 UTC=2026-09-01T14:25:22+00:00 EXTERNAL_MATCH_COUNT=0
SAMPLE=528 UTC=2026-09-01T14:25:27+00:00 EXTERNAL_MATCH_COUNT=0
SAMPLE=529 UTC=2026-09-01T14:25:32+00:00 EXTERNAL_MATCH_COUNT=0
SAMPLE=530 UTC=2026-09-01T14:25:37+00:00 EXTERNAL_MATCH_COUNT=0
SAMPLE=531 UTC=2026-09-01T14:25:43+00:00 EXTERNAL_MATCH_COUNT=0
SAMPLE=532 UTC=2026-09-01T14:25:48+00:00 EXTERNAL_MATCH_COUNT=0
SAMPLE=533 UTC=2026-09-01T14:25:53+00:00 EXTERNAL_MATCH_COUNT=0
SAMPLE=534 UTC=2026-09-01T14:25:58+00:00 EXTERNAL_MATCH_COUNT=0
SAMPLE=535 UTC=2026-09-01T14:26:03+00:00 EXTERNAL_MATCH_COUNT=0
SAMPLE=536 UTC=2026-09-01T14:26:08+00:00 EXTERNAL_MATCH_COUNT=0
SAMPLE=537 UTC=2026-09-01T14:26:13+00:00 EXTERNAL_MATCH_COUNT=0
SAMPLE=538 UTC=2026-09-01T14:26:18+00:00 EXTERNAL_MATCH_COUNT=0
SAMPLE=539 UTC=2026-09-01T14:26:23+00:00 EXTERNAL_MATCH_COUNT=0
SAMPLE=540 UTC=2026-09-01T14:26:28+00:00 EXTERNAL_MATCH_COUNT=0
SAMPLE=541 UTC=2026-09-01T14:26:33+00:00 EXTERNAL_MATCH_COUNT=0
SAMPLE=542 UTC=2026-09-01T14:26:38+00:00 EXTERNAL_MATCH_COUNT=0
SAMPLE=543 UTC=2026-09-01T14:26:43+00:00 EXTERNAL_MATCH_COUNT=0
SAMPLE=544 UTC=2026-09-01T14:26:49+00:00 EXTERNAL_MATCH_COUNT=0
SAMPLE=545 UTC=2026-09-01T14:26:54+00:00 EXTERNAL_MATCH_COUNT=0
SAMPLE=546 UTC=2026-09-01T14:26:59+00:00 EXTERNAL_MATCH_COUNT=0
SAMPLE=547 UTC=2026-09-01T14:27:04+00:00 EXTERNAL_MATCH_COUNT=0
SAMPLE=548 UTC=2026-09-01T14:27:09+00:00 EXTERNAL_MATCH_COUNT=0
SAMPLE=549 UTC=2026-09-01T14:27:14+00:00 EXTERNAL_MATCH_COUNT=0
SAMPLE=550 UTC=2026-09-01T14:27:19+00:00 EXTERNAL_MATCH_COUNT=0
SAMPLE=551 UTC=2026-09-01T14:27:24+00:00 EXTERNAL_MATCH_COUNT=0
SAMPLE=552 UTC=2026-09-01T14:27:29+00:00 EXTERNAL_MATCH_COUNT=0
SAMPLE=553 UTC=2026-09-01T14:27:34+00:00 EXTERNAL_MATCH_COUNT=0
SAMPLE=554 UTC=2026-09-01T14:27:39+00:00 EXTERNAL_MATCH_COUNT=0
SAMPLE=555 UTC=2026-09-01T14:27:44+00:00 EXTERNAL_MATCH_COUNT=0
SAMPLE=556 UTC=2026-09-01T14:27:50+00:00 EXTERNAL_MATCH_COUNT=0
SAMPLE=557 UTC=2026-09-01T14:27:55+00:00 EXTERNAL_MATCH_COUNT=0
SAMPLE=558 UTC=2026-09-01T14:28:00+00:00 EXTERNAL_MATCH_COUNT=0
SAMPLE=559 UTC=2026-09-01T14:28:05+00:00 EXTERNAL_MATCH_COUNT=0
SAMPLE=560 UTC=2026-09-01T14:28:10+00:00 EXTERNAL_MATCH_COUNT=0
SAMPLE=561 UTC=2026-09-01T14:28:15+00:00 EXTERNAL_MATCH_COUNT=0
SAMPLE=562 UTC=2026-09-01T14:28:20+00:00 EXTERNAL_MATCH_COUNT=0
SAMPLE=563 UTC=2026-09-01T14:28:25+00:00 EXTERNAL_MATCH_COUNT=0
SAMPLE=564 UTC=2026-09-01T14:28:30+00:00 EXTERNAL_MATCH_COUNT=0
SAMPLE=565 UTC=2026-09-01T14:28:35+00:00 EXTERNAL_MATCH_COUNT=0
SAMPLE=566 UTC=2026-09-01T14:28:40+00:00 EXTERNAL_MATCH_COUNT=0
SAMPLE=567 UTC=2026-09-01T14:28:46+00:00 EXTERNAL_MATCH_COUNT=0
SAMPLE=568 UTC=2026-09-01T14:28:51+00:00 EXTERNAL_MATCH_COUNT=0
SAMPLE=569 UTC=2026-09-01T14:28:56+00:00 EXTERNAL_MATCH_COUNT=0
SAMPLE=570 UTC=2026-09-01T14:29:01+00:00 EXTERNAL_MATCH_COUNT=0
SAMPLE=571 UTC=2026-09-01T14:29:06+00:00 EXTERNAL_MATCH_COUNT=0
SAMPLE=572 UTC=2026-09-01T14:29:11+00:00 EXTERNAL_MATCH_COUNT=0
SAMPLE=573 UTC=2026-09-01T14:29:16+00:00 EXTERNAL_MATCH_COUNT=0
SAMPLE=574 UTC=2026-09-01T14:29:21+00:00 EXTERNAL_MATCH_COUNT=0
SAMPLE=575 UTC=2026-09-01T14:29:26+00:00 EXTERNAL_MATCH_COUNT=0
SAMPLE=576 UTC=2026-09-01T14:29:31+00:00 EXTERNAL_MATCH_COUNT=0
SAMPLE=577 UTC=2026-09-01T14:29:37+00:00 EXTERNAL_MATCH_COUNT=0
SAMPLE=578 UTC=2026-09-01T14:29:42+00:00 EXTERNAL_MATCH_COUNT=0
SAMPLE=579 UTC=2026-09-01T14:29:47+00:00 EXTERNAL_MATCH_COUNT=0
SAMPLE=580 UTC=2026-09-01T14:29:52+00:00 EXTERNAL_MATCH_COUNT=0
SAMPLE=581 UTC=2026-09-01T14:29:57+00:00 EXTERNAL_MATCH_COUNT=0
SAMPLE=582 UTC=2026-09-01T14:30:02+00:00 EXTERNAL_MATCH_COUNT=0
SAMPLE=583 UTC=2026-09-01T14:30:07+00:00 EXTERNAL_MATCH_COUNT=0
SAMPLE=584 UTC=2026-09-01T14:30:12+00:00 EXTERNAL_MATCH_COUNT=0
SAMPLE=585 UTC=2026-09-01T14:30:17+00:00 EXTERNAL_MATCH_COUNT=0
SAMPLE=586 UTC=2026-09-01T14:30:22+00:00 EXTERNAL_MATCH_COUNT=0
SAMPLE=587 UTC=2026-09-01T14:30:27+00:00 EXTERNAL_MATCH_COUNT=0
SAMPLE=588 UTC=2026-09-01T14:30:32+00:00 EXTERNAL_MATCH_COUNT=0
SAMPLE=589 UTC=2026-09-01T14:30:37+00:00 EXTERNAL_MATCH_COUNT=0
SAMPLE=590 UTC=2026-09-01T14:30:42+00:00 EXTERNAL_MATCH_COUNT=0
SAMPLE=591 UTC=2026-09-01T14:30:48+00:00 EXTERNAL_MATCH_COUNT=0
SAMPLE=592 UTC=2026-09-01T14:30:53+00:00 EXTERNAL_MATCH_COUNT=0
SAMPLE=593 UTC=2026-09-01T14:30:58+00:00 EXTERNAL_MATCH_COUNT=0
SAMPLE=594 UTC=2026-09-01T14:31:04+00:00 EXTERNAL_MATCH_COUNT=0
SAMPLE=595 UTC=2026-09-01T14:31:09+00:00 EXTERNAL_MATCH_COUNT=0
SAMPLE=596 UTC=2026-09-01T14:31:14+00:00 EXTERNAL_MATCH_COUNT=0
SAMPLE=597 UTC=2026-09-01T14:31:19+00:00 EXTERNAL_MATCH_COUNT=0
SAMPLE=598 UTC=2026-09-01T14:31:24+00:00 EXTERNAL_MATCH_COUNT=0
SAMPLE=599 UTC=2026-09-01T14:31:29+00:00 EXTERNAL_MATCH_COUNT=0
SAMPLE=600 UTC=2026-09-01T14:31:34+00:00 EXTERNAL_MATCH_COUNT=0
SAMPLE=601 UTC=2026-09-01T14:31:39+00:00 EXTERNAL_MATCH_COUNT=0
SAMPLE=602 UTC=2026-09-01T14:31:44+00:00 EXTERNAL_MATCH_COUNT=0
SAMPLE=603 UTC=2026-09-01T14:31:49+00:00 EXTERNAL_MATCH_COUNT=0
SAMPLE=604 UTC=2026-09-01T14:31:54+00:00 EXTERNAL_MATCH_COUNT=0
SAMPLE=605 UTC=2026-09-01T14:31:59+00:00 EXTERNAL_MATCH_COUNT=0
SAMPLE=606 UTC=2026-09-01T14:32:04+00:00 EXTERNAL_MATCH_COUNT=0
SAMPLE=607 UTC=2026-09-01T14:32:10+00:00 EXTERNAL_MATCH_COUNT=0
SAMPLE=608 UTC=2026-09-01T14:32:15+00:00 EXTERNAL_MATCH_COUNT=0
SAMPLE=609 UTC=2026-09-01T14:32:20+00:00 EXTERNAL_MATCH_COUNT=0
SAMPLE=610 UTC=2026-09-01T14:32:25+00:00 EXTERNAL_MATCH_COUNT=0
SAMPLE=611 UTC=2026-09-01T14:32:30+00:00 EXTERNAL_MATCH_COUNT=0
SAMPLE=612 UTC=2026-09-01T14:32:35+00:00 EXTERNAL_MATCH_COUNT=0
SAMPLE=613 UTC=2026-09-01T14:32:40+00:00 EXTERNAL_MATCH_COUNT=0
SAMPLE=614 UTC=2026-09-01T14:32:45+00:00 EXTERNAL_MATCH_COUNT=0
SAMPLE=615 UTC=2026-09-01T14:32:50+00:00 EXTERNAL_MATCH_COUNT=0
SAMPLE=616 UTC=2026-09-01T14:32:55+00:00 EXTERNAL_MATCH_COUNT=0
SAMPLE=617 UTC=2026-09-01T14:33:00+00:00 EXTERNAL_MATCH_COUNT=0
SAMPLE=618 UTC=2026-09-01T14:33:05+00:00 EXTERNAL_MATCH_COUNT=0
SAMPLE=619 UTC=2026-09-01T14:33:10+00:00 EXTERNAL_MATCH_COUNT=0
SAMPLE=620 UTC=2026-09-01T14:33:15+00:00 EXTERNAL_MATCH_COUNT=0
SAMPLE=621 UTC=2026-09-01T14:33:21+00:00 EXTERNAL_MATCH_COUNT=0
SAMPLE=622 UTC=2026-09-01T14:33:26+00:00 EXTERNAL_MATCH_COUNT=0
SAMPLE=623 UTC=2026-09-01T14:33:31+00:00 EXTERNAL_MATCH_COUNT=0
SAMPLE=624 UTC=2026-09-01T14:33:36+00:00 EXTERNAL_MATCH_COUNT=0
SAMPLE=625 UTC=2026-09-01T14:33:41+00:00 EXTERNAL_MATCH_COUNT=0
SAMPLE=626 UTC=2026-09-01T14:33:46+00:00 EXTERNAL_MATCH_COUNT=0
SAMPLE=627 UTC=2026-09-01T14:33:51+00:00 EXTERNAL_MATCH_COUNT=0
SAMPLE=628 UTC=2026-09-01T14:33:56+00:00 EXTERNAL_MATCH_COUNT=0
SAMPLE=629 UTC=2026-09-01T14:34:01+00:00 EXTERNAL_MATCH_COUNT=0
SAMPLE=630 UTC=2026-09-01T14:34:06+00:00 EXTERNAL_MATCH_COUNT=0
SAMPLE=631 UTC=2026-09-01T14:34:11+00:00 EXTERNAL_MATCH_COUNT=0
SAMPLE=632 UTC=2026-09-01T14:34:16+00:00 EXTERNAL_MATCH_COUNT=0
SAMPLE=633 UTC=2026-09-01T14:34:22+00:00 EXTERNAL_MATCH_COUNT=0
SAMPLE=634 UTC=2026-09-01T14:34:27+00:00 EXTERNAL_MATCH_COUNT=0
SAMPLE=635 UTC=2026-09-01T14:34:32+00:00 EXTERNAL_MATCH_COUNT=0
SAMPLE=636 UTC=2026-09-01T14:34:37+00:00 EXTERNAL_MATCH_COUNT=0
SAMPLE=637 UTC=2026-09-01T14:34:42+00:00 EXTERNAL_MATCH_COUNT=0
SAMPLE=638 UTC=2026-09-01T14:34:47+00:00 EXTERNAL_MATCH_COUNT=0
SAMPLE=639 UTC=2026-09-01T14:34:53+00:00 EXTERNAL_MATCH_COUNT=0
SAMPLE=640 UTC=2026-09-01T14:34:58+00:00 EXTERNAL_MATCH_COUNT=0
SAMPLE=641 UTC=2026-09-01T14:35:03+00:00 EXTERNAL_MATCH_COUNT=0
SAMPLE=642 UTC=2026-09-01T14:35:08+00:00 EXTERNAL_MATCH_COUNT=0
SAMPLE=643 UTC=2026-09-01T14:35:13+00:00 EXTERNAL_MATCH_COUNT=0
SAMPLE=644 UTC=2026-09-01T14:35:18+00:00 EXTERNAL_MATCH_COUNT=0
SAMPLE=645 UTC=2026-09-01T14:35:23+00:00 EXTERNAL_MATCH_COUNT=0
SAMPLE=646 UTC=2026-09-01T14:35:28+00:00 EXTERNAL_MATCH_COUNT=0
SAMPLE=647 UTC=2026-09-01T14:35:33+00:00 EXTERNAL_MATCH_COUNT=0
SAMPLE=648 UTC=2026-09-01T14:35:38+00:00 EXTERNAL_MATCH_COUNT=0
SAMPLE=649 UTC=2026-09-01T14:35:43+00:00 EXTERNAL_MATCH_COUNT=0
SAMPLE=650 UTC=2026-09-01T14:35:48+00:00 EXTERNAL_MATCH_COUNT=0
SAMPLE=651 UTC=2026-09-01T14:35:53+00:00 EXTERNAL_MATCH_COUNT=0
SAMPLE=652 UTC=2026-09-01T14:35:58+00:00 EXTERNAL_MATCH_COUNT=0
SAMPLE=653 UTC=2026-09-01T14:36:03+00:00 EXTERNAL_MATCH_COUNT=0
SAMPLE=654 UTC=2026-09-01T14:36:08+00:00 EXTERNAL_MATCH_COUNT=0
SAMPLE=655 UTC=2026-09-01T14:36:14+00:00 EXTERNAL_MATCH_COUNT=0
SAMPLE=656 UTC=2026-09-01T14:36:19+00:00 EXTERNAL_MATCH_COUNT=0
SAMPLE=657 UTC=2026-09-01T14:36:24+00:00 EXTERNAL_MATCH_COUNT=0
SAMPLE=658 UTC=2026-09-01T14:36:29+00:00 EXTERNAL_MATCH_COUNT=0
SAMPLE=659 UTC=2026-09-01T14:36:34+00:00 EXTERNAL_MATCH_COUNT=0
SAMPLE=660 UTC=2026-09-01T14:36:39+00:00 EXTERNAL_MATCH_COUNT=0
SAMPLE=661 UTC=2026-09-01T14:36:44+00:00 EXTERNAL_MATCH_COUNT=0
SAMPLE=662 UTC=2026-09-01T14:36:49+00:00 EXTERNAL_MATCH_COUNT=0
SAMPLE=663 UTC=2026-09-01T14:36:54+00:00 EXTERNAL_MATCH_COUNT=0
SAMPLE=664 UTC=2026-09-01T14:36:59+00:00 EXTERNAL_MATCH_COUNT=0
SAMPLE=665 UTC=2026-09-01T14:37:04+00:00 EXTERNAL_MATCH_COUNT=0
SAMPLE=666 UTC=2026-09-01T14:37:09+00:00 EXTERNAL_MATCH_COUNT=0
SAMPLE=667 UTC=2026-09-01T14:37:14+00:00 EXTERNAL_MATCH_COUNT=0
SAMPLE=668 UTC=2026-09-01T14:37:20+00:00 EXTERNAL_MATCH_COUNT=0
SAMPLE=669 UTC=2026-09-01T14:37:25+00:00 EXTERNAL_MATCH_COUNT=0
SAMPLE=670 UTC=2026-09-01T14:37:30+00:00 EXTERNAL_MATCH_COUNT=0
SAMPLE=671 UTC=2026-09-01T14:37:35+00:00 EXTERNAL_MATCH_COUNT=0
SAMPLE=672 UTC=2026-09-01T14:37:40+00:00 EXTERNAL_MATCH_COUNT=0
SAMPLE=673 UTC=2026-09-01T14:37:45+00:00 EXTERNAL_MATCH_COUNT=0
SAMPLE=674 UTC=2026-09-01T14:37:50+00:00 EXTERNAL_MATCH_COUNT=0
SAMPLE=675 UTC=2026-09-01T14:37:55+00:00 EXTERNAL_MATCH_COUNT=0
SAMPLE=676 UTC=2026-09-01T14:38:01+00:00 EXTERNAL_MATCH_COUNT=0
SAMPLE=677 UTC=2026-09-01T14:38:06+00:00 EXTERNAL_MATCH_COUNT=0
SAMPLE=678 UTC=2026-09-01T14:38:11+00:00 EXTERNAL_MATCH_COUNT=0
SAMPLE=679 UTC=2026-09-01T14:38:16+00:00 EXTERNAL_MATCH_COUNT=0
SAMPLE=680 UTC=2026-09-01T14:38:21+00:00 EXTERNAL_MATCH_COUNT=0
SAMPLE=681 UTC=2026-09-01T14:38:26+00:00 EXTERNAL_MATCH_COUNT=0
SAMPLE=682 UTC=2026-09-01T14:38:31+00:00 EXTERNAL_MATCH_COUNT=0
SAMPLE=683 UTC=2026-09-01T14:38:36+00:00 EXTERNAL_MATCH_COUNT=0
SAMPLE=684 UTC=2026-09-01T14:38:41+00:00 EXTERNAL_MATCH_COUNT=0
SAMPLE=685 UTC=2026-09-01T14:38:46+00:00 EXTERNAL_MATCH_COUNT=0
SAMPLE=686 UTC=2026-09-01T14:38:51+00:00 EXTERNAL_MATCH_COUNT=0
SAMPLE=687 UTC=2026-09-01T14:38:56+00:00 EXTERNAL_MATCH_COUNT=0
SAMPLE=688 UTC=2026-09-01T14:39:01+00:00 EXTERNAL_MATCH_COUNT=0
SAMPLE=689 UTC=2026-09-01T14:39:06+00:00 EXTERNAL_MATCH_COUNT=0
SAMPLE=690 UTC=2026-09-01T14:39:12+00:00 EXTERNAL_MATCH_COUNT=0
SAMPLE=691 UTC=2026-09-01T14:39:17+00:00 EXTERNAL_MATCH_COUNT=0
SAMPLE=692 UTC=2026-09-01T14:39:22+00:00 EXTERNAL_MATCH_COUNT=0
SAMPLE=693 UTC=2026-09-01T14:39:27+00:00 EXTERNAL_MATCH_COUNT=0
SAMPLE=694 UTC=2026-09-01T14:39:32+00:00 EXTERNAL_MATCH_COUNT=0
SAMPLE=695 UTC=2026-09-01T14:39:37+00:00 EXTERNAL_MATCH_COUNT=0
SAMPLE=696 UTC=2026-09-01T14:39:42+00:00 EXTERNAL_MATCH_COUNT=0
SAMPLE=697 UTC=2026-09-01T14:39:47+00:00 EXTERNAL_MATCH_COUNT=0
SAMPLE=698 UTC=2026-09-01T14:39:52+00:00 EXTERNAL_MATCH_COUNT=0
SAMPLE=699 UTC=2026-09-01T14:39:57+00:00 EXTERNAL_MATCH_COUNT=0
SAMPLE=700 UTC=2026-09-01T14:40:02+00:00 EXTERNAL_MATCH_COUNT=0
SAMPLE=701 UTC=2026-09-01T14:40:08+00:00 EXTERNAL_MATCH_COUNT=0
SAMPLE=702 UTC=2026-09-01T14:40:13+00:00 EXTERNAL_MATCH_COUNT=0
SAMPLE=703 UTC=2026-09-01T14:40:18+00:00 EXTERNAL_MATCH_COUNT=0
SAMPLE=704 UTC=2026-09-01T14:40:23+00:00 EXTERNAL_MATCH_COUNT=0
SAMPLE=705 UTC=2026-09-01T14:40:28+00:00 EXTERNAL_MATCH_COUNT=0
SAMPLE=706 UTC=2026-09-01T14:40:33+00:00 EXTERNAL_MATCH_COUNT=0
SAMPLE=707 UTC=2026-09-01T14:40:38+00:00 EXTERNAL_MATCH_COUNT=0
SAMPLE=708 UTC=2026-09-01T14:40:43+00:00 EXTERNAL_MATCH_COUNT=0
SAMPLE=709 UTC=2026-09-01T14:40:48+00:00 EXTERNAL_MATCH_COUNT=0
SAMPLE=710 UTC=2026-09-01T14:40:53+00:00 EXTERNAL_MATCH_COUNT=0
SAMPLE=711 UTC=2026-09-01T14:40:58+00:00 EXTERNAL_MATCH_COUNT=0
SAMPLE=712 UTC=2026-09-01T14:41:03+00:00 EXTERNAL_MATCH_COUNT=0
SAMPLE=713 UTC=2026-09-01T14:41:08+00:00 EXTERNAL_MATCH_COUNT=0
SAMPLE=714 UTC=2026-09-01T14:41:13+00:00 EXTERNAL_MATCH_COUNT=0
SAMPLE=715 UTC=2026-09-01T14:41:18+00:00 EXTERNAL_MATCH_COUNT=0
SAMPLE=716 UTC=2026-09-01T14:41:24+00:00 EXTERNAL_MATCH_COUNT=0
SAMPLE=717 UTC=2026-09-01T14:41:29+00:00 EXTERNAL_MATCH_COUNT=0
SAMPLE=718 UTC=2026-09-01T14:41:34+00:00 EXTERNAL_MATCH_COUNT=0
SAMPLE=719 UTC=2026-09-01T14:41:39+00:00 EXTERNAL_MATCH_COUNT=0
SAMPLE=720 UTC=2026-09-01T14:41:44+00:00 EXTERNAL_MATCH_COUNT=0
SAMPLE=721 UTC=2026-09-01T14:41:49+00:00 EXTERNAL_MATCH_COUNT=0
SAMPLE=722 UTC=2026-09-01T14:41:54+00:00 EXTERNAL_MATCH_COUNT=0
SAMPLE=723 UTC=2026-09-01T14:41:59+00:00 EXTERNAL_MATCH_COUNT=0
SAMPLE=724 UTC=2026-09-01T14:42:04+00:00 EXTERNAL_MATCH_COUNT=0
SAMPLE=725 UTC=2026-09-01T14:42:09+00:00 EXTERNAL_MATCH_COUNT=0
SAMPLE=726 UTC=2026-09-01T14:42:15+00:00 EXTERNAL_MATCH_COUNT=0
SAMPLE=727 UTC=2026-09-01T14:42:20+00:00 EXTERNAL_MATCH_COUNT=0
SAMPLE=728 UTC=2026-09-01T14:42:25+00:00 EXTERNAL_MATCH_COUNT=0
SAMPLE=729 UTC=2026-09-01T14:42:30+00:00 EXTERNAL_MATCH_COUNT=0
SAMPLE=730 UTC=2026-09-01T14:42:35+00:00 EXTERNAL_MATCH_COUNT=0
SAMPLE=731 UTC=2026-09-01T14:42:40+00:00 EXTERNAL_MATCH_COUNT=0
SAMPLE=732 UTC=2026-09-01T14:42:45+00:00 EXTERNAL_MATCH_COUNT=0
SAMPLE=733 UTC=2026-09-01T14:42:50+00:00 EXTERNAL_MATCH_COUNT=0
SAMPLE=734 UTC=2026-09-01T14:42:55+00:00 EXTERNAL_MATCH_COUNT=0
SAMPLE=735 UTC=2026-09-01T14:43:00+00:00 EXTERNAL_MATCH_COUNT=0
SAMPLE=736 UTC=2026-09-01T14:43:06+00:00 EXTERNAL_MATCH_COUNT=0
SAMPLE=737 UTC=2026-09-01T14:43:11+00:00 EXTERNAL_MATCH_COUNT=0
SAMPLE=738 UTC=2026-09-01T14:43:16+00:00 EXTERNAL_MATCH_COUNT=0
SAMPLE=739 UTC=2026-09-01T14:43:21+00:00 EXTERNAL_MATCH_COUNT=0
SAMPLE=740 UTC=2026-09-01T14:43:26+00:00 EXTERNAL_MATCH_COUNT=0
SAMPLE=741 UTC=2026-09-01T14:43:31+00:00 EXTERNAL_MATCH_COUNT=0
SAMPLE=742 UTC=2026-09-01T14:43:36+00:00 EXTERNAL_MATCH_COUNT=0
SAMPLE=743 UTC=2026-09-01T14:43:41+00:00 EXTERNAL_MATCH_COUNT=0
SAMPLE=744 UTC=2026-09-01T14:43:46+00:00 EXTERNAL_MATCH_COUNT=0
SAMPLE=745 UTC=2026-09-01T14:43:52+00:00 EXTERNAL_MATCH_COUNT=0
SAMPLE=746 UTC=2026-09-01T14:43:57+00:00 EXTERNAL_MATCH_COUNT=0
SAMPLE=747 UTC=2026-09-01T14:44:02+00:00 EXTERNAL_MATCH_COUNT=0
SAMPLE=748 UTC=2026-09-01T14:44:07+00:00 EXTERNAL_MATCH_COUNT=0
SAMPLE=749 UTC=2026-09-01T14:44:12+00:00 EXTERNAL_MATCH_COUNT=0
SAMPLE=750 UTC=2026-09-01T14:44:17+00:00 EXTERNAL_MATCH_COUNT=0
SAMPLE=751 UTC=2026-09-01T14:44:22+00:00 EXTERNAL_MATCH_COUNT=0
SAMPLE=752 UTC=2026-09-01T14:44:27+00:00 EXTERNAL_MATCH_COUNT=0
SAMPLE=753 UTC=2026-09-01T14:44:33+00:00 EXTERNAL_MATCH_COUNT=0
SAMPLE=754 UTC=2026-09-01T14:44:38+00:00 EXTERNAL_MATCH_COUNT=0
SAMPLE=755 UTC=2026-09-01T14:44:43+00:00 EXTERNAL_MATCH_COUNT=0
SAMPLE=756 UTC=2026-09-01T14:44:48+00:00 EXTERNAL_MATCH_COUNT=0
SAMPLE=757 UTC=2026-09-01T14:44:53+00:00 EXTERNAL_MATCH_COUNT=0
SAMPLE=758 UTC=2026-09-01T14:44:59+00:00 EXTERNAL_MATCH_COUNT=0
SAMPLE=759 UTC=2026-09-01T14:45:04+00:00 EXTERNAL_MATCH_COUNT=0
SAMPLE=760 UTC=2026-09-01T14:45:09+00:00 EXTERNAL_MATCH_COUNT=0
SAMPLE=761 UTC=2026-09-01T14:45:14+00:00 EXTERNAL_MATCH_COUNT=0
SAMPLE=762 UTC=2026-09-01T14:45:19+00:00 EXTERNAL_MATCH_COUNT=0
SAMPLE=763 UTC=2026-09-01T14:45:24+00:00 EXTERNAL_MATCH_COUNT=0
SAMPLE=764 UTC=2026-09-01T14:45:29+00:00 EXTERNAL_MATCH_COUNT=0
SAMPLE=765 UTC=2026-09-01T14:45:34+00:00 EXTERNAL_MATCH_COUNT=0
SAMPLE=766 UTC=2026-09-01T14:45:39+00:00 EXTERNAL_MATCH_COUNT=0
SAMPLE=767 UTC=2026-09-01T14:45:44+00:00 EXTERNAL_MATCH_COUNT=0
SAMPLE=768 UTC=2026-09-01T14:45:50+00:00 EXTERNAL_MATCH_COUNT=0
SAMPLE=769 UTC=2026-09-01T14:45:55+00:00 EXTERNAL_MATCH_COUNT=0
SAMPLE=770 UTC=2026-09-01T14:46:00+00:00 EXTERNAL_MATCH_COUNT=0
SAMPLE=771 UTC=2026-09-01T14:46:05+00:00 EXTERNAL_MATCH_COUNT=0
SAMPLE=772 UTC=2026-09-01T14:46:10+00:00 EXTERNAL_MATCH_COUNT=0
SAMPLE=773 UTC=2026-09-01T14:46:15+00:00 EXTERNAL_MATCH_COUNT=0
SAMPLE=774 UTC=2026-09-01T14:46:20+00:00 EXTERNAL_MATCH_COUNT=0
SAMPLE=775 UTC=2026-09-01T14:46:25+00:00 EXTERNAL_MATCH_COUNT=0
SAMPLE=776 UTC=2026-09-01T14:46:30+00:00 EXTERNAL_MATCH_COUNT=0
SAMPLE=777 UTC=2026-09-01T14:46:36+00:00 EXTERNAL_MATCH_COUNT=0
SAMPLE=778 UTC=2026-09-01T14:46:41+00:00 EXTERNAL_MATCH_COUNT=0
SAMPLE=779 UTC=2026-09-01T14:46:46+00:00 EXTERNAL_MATCH_COUNT=0
SAMPLE=780 UTC=2026-09-01T14:46:51+00:00 EXTERNAL_MATCH_COUNT=0
SAMPLE=781 UTC=2026-09-01T14:46:56+00:00 EXTERNAL_MATCH_COUNT=0
SAMPLE=782 UTC=2026-09-01T14:47:01+00:00 EXTERNAL_MATCH_COUNT=0
SAMPLE=783 UTC=2026-09-01T14:47:06+00:00 EXTERNAL_MATCH_COUNT=0
SAMPLE=784 UTC=2026-09-01T14:47:11+00:00 EXTERNAL_MATCH_COUNT=0
SAMPLE=785 UTC=2026-09-01T14:47:16+00:00 EXTERNAL_MATCH_COUNT=0
SAMPLE=786 UTC=2026-09-01T14:47:21+00:00 EXTERNAL_MATCH_COUNT=0
SAMPLE=787 UTC=2026-09-01T14:47:27+00:00 EXTERNAL_MATCH_COUNT=0
SAMPLE=788 UTC=2026-09-01T14:47:32+00:00 EXTERNAL_MATCH_COUNT=0
SAMPLE=789 UTC=2026-09-01T14:47:37+00:00 EXTERNAL_MATCH_COUNT=0
SAMPLE=790 UTC=2026-09-01T14:47:42+00:00 EXTERNAL_MATCH_COUNT=0
SAMPLE=791 UTC=2026-09-01T14:47:47+00:00 EXTERNAL_MATCH_COUNT=0
SAMPLE=792 UTC=2026-09-01T14:47:52+00:00 EXTERNAL_MATCH_COUNT=0
SAMPLE=793 UTC=2026-09-01T14:47:57+00:00 EXTERNAL_MATCH_COUNT=0
SAMPLE=794 UTC=2026-09-01T14:48:02+00:00 EXTERNAL_MATCH_COUNT=0
SAMPLE=795 UTC=2026-09-01T14:48:07+00:00 EXTERNAL_MATCH_COUNT=0
SAMPLE=796 UTC=2026-09-01T14:48:12+00:00 EXTERNAL_MATCH_COUNT=0
SAMPLE=797 UTC=2026-09-01T14:48:17+00:00 EXTERNAL_MATCH_COUNT=0
SAMPLE=798 UTC=2026-09-01T14:48:23+00:00 EXTERNAL_MATCH_COUNT=0
SAMPLE=799 UTC=2026-09-01T14:48:28+00:00 EXTERNAL_MATCH_COUNT=0
SAMPLE=800 UTC=2026-09-01T14:48:33+00:00 EXTERNAL_MATCH_COUNT=0
SAMPLE=801 UTC=2026-09-01T14:48:38+00:00 EXTERNAL_MATCH_COUNT=0
SAMPLE=802 UTC=2026-09-01T14:48:43+00:00 EXTERNAL_MATCH_COUNT=0
SAMPLE=803 UTC=2026-09-01T14:48:48+00:00 EXTERNAL_MATCH_COUNT=0
SAMPLE=804 UTC=2026-09-01T14:48:53+00:00 EXTERNAL_MATCH_COUNT=0
SAMPLE=805 UTC=2026-09-01T14:48:58+00:00 EXTERNAL_MATCH_COUNT=0
SAMPLE=806 UTC=2026-09-01T14:49:04+00:00 EXTERNAL_MATCH_COUNT=0
SAMPLE=807 UTC=2026-09-01T14:49:09+00:00 EXTERNAL_MATCH_COUNT=0
SAMPLE=808 UTC=2026-09-01T14:49:14+00:00 EXTERNAL_MATCH_COUNT=0
SAMPLE=809 UTC=2026-09-01T14:49:19+00:00 EXTERNAL_MATCH_COUNT=0
SAMPLE=810 UTC=2026-09-01T14:49:25+00:00 EXTERNAL_MATCH_COUNT=0
SAMPLE=811 UTC=2026-09-01T14:49:30+00:00 EXTERNAL_MATCH_COUNT=0
SAMPLE=812 UTC=2026-09-01T14:49:35+00:00 EXTERNAL_MATCH_COUNT=0
SAMPLE=813 UTC=2026-09-01T14:49:40+00:00 EXTERNAL_MATCH_COUNT=0
SAMPLE=814 UTC=2026-09-01T14:49:45+00:00 EXTERNAL_MATCH_COUNT=0
SAMPLE=815 UTC=2026-09-01T14:49:50+00:00 EXTERNAL_MATCH_COUNT=0
SAMPLE=816 UTC=2026-09-01T14:49:55+00:00 EXTERNAL_MATCH_COUNT=0
SAMPLE=817 UTC=2026-09-01T14:50:01+00:00 EXTERNAL_MATCH_COUNT=0
SAMPLE=818 UTC=2026-09-01T14:50:06+00:00 EXTERNAL_MATCH_COUNT=0
SAMPLE=819 UTC=2026-09-01T14:50:11+00:00 EXTERNAL_MATCH_COUNT=0
SAMPLE=820 UTC=2026-09-01T14:50:16+00:00 EXTERNAL_MATCH_COUNT=0
SAMPLE=821 UTC=2026-09-01T14:50:21+00:00 EXTERNAL_MATCH_COUNT=0
SAMPLE=822 UTC=2026-09-01T14:50:26+00:00 EXTERNAL_MATCH_COUNT=0
SAMPLE=823 UTC=2026-09-01T14:50:31+00:00 EXTERNAL_MATCH_COUNT=0
SAMPLE=824 UTC=2026-09-01T14:50:37+00:00 EXTERNAL_MATCH_COUNT=0
SAMPLE=825 UTC=2026-09-01T14:50:42+00:00 EXTERNAL_MATCH_COUNT=0
SAMPLE=826 UTC=2026-09-01T14:50:47+00:00 EXTERNAL_MATCH_COUNT=0
SAMPLE=827 UTC=2026-09-01T14:50:52+00:00 EXTERNAL_MATCH_COUNT=0
SAMPLE=828 UTC=2026-09-01T14:50:57+00:00 EXTERNAL_MATCH_COUNT=0
SAMPLE=829 UTC=2026-09-01T14:51:02+00:00 EXTERNAL_MATCH_COUNT=0
SAMPLE=830 UTC=2026-09-01T14:51:07+00:00 EXTERNAL_MATCH_COUNT=0
SAMPLE=831 UTC=2026-09-01T14:51:12+00:00 EXTERNAL_MATCH_COUNT=0
SAMPLE=832 UTC=2026-09-01T14:51:17+00:00 EXTERNAL_MATCH_COUNT=0
SAMPLE=833 UTC=2026-09-01T14:51:22+00:00 EXTERNAL_MATCH_COUNT=0
SAMPLE=834 UTC=2026-09-01T14:51:27+00:00 EXTERNAL_MATCH_COUNT=0
SAMPLE=835 UTC=2026-09-01T14:51:32+00:00 EXTERNAL_MATCH_COUNT=0
SAMPLE=836 UTC=2026-09-01T14:51:38+00:00 EXTERNAL_MATCH_COUNT=0
SAMPLE=837 UTC=2026-09-01T14:51:43+00:00 EXTERNAL_MATCH_COUNT=0
SAMPLE=838 UTC=2026-09-01T14:51:48+00:00 EXTERNAL_MATCH_COUNT=0
SAMPLE=839 UTC=2026-09-01T14:51:53+00:00 EXTERNAL_MATCH_COUNT=0
SAMPLE=840 UTC=2026-09-01T14:51:58+00:00 EXTERNAL_MATCH_COUNT=0
SAMPLE=841 UTC=2026-09-01T14:52:03+00:00 EXTERNAL_MATCH_COUNT=0
SAMPLE=842 UTC=2026-09-01T14:52:08+00:00 EXTERNAL_MATCH_COUNT=0
SAMPLE=843 UTC=2026-09-01T14:52:14+00:00 EXTERNAL_MATCH_COUNT=0
SAMPLE=844 UTC=2026-09-01T14:52:19+00:00 EXTERNAL_MATCH_COUNT=0
SAMPLE=845 UTC=2026-09-01T14:52:24+00:00 EXTERNAL_MATCH_COUNT=0
SAMPLE=846 UTC=2026-09-01T14:52:29+00:00 EXTERNAL_MATCH_COUNT=0
SAMPLE=847 UTC=2026-09-01T14:52:34+00:00 EXTERNAL_MATCH_COUNT=0
SAMPLE=848 UTC=2026-09-01T14:52:39+00:00 EXTERNAL_MATCH_COUNT=0
SAMPLE=849 UTC=2026-09-01T14:52:44+00:00 EXTERNAL_MATCH_COUNT=0
SAMPLE=850 UTC=2026-09-01T14:52:49+00:00 EXTERNAL_MATCH_COUNT=0
SAMPLE=851 UTC=2026-09-01T14:52:54+00:00 EXTERNAL_MATCH_COUNT=0
SAMPLE=852 UTC=2026-09-01T14:52:59+00:00 EXTERNAL_MATCH_COUNT=0
SAMPLE=853 UTC=2026-09-01T14:53:04+00:00 EXTERNAL_MATCH_COUNT=0
SAMPLE=854 UTC=2026-09-01T14:53:10+00:00 EXTERNAL_MATCH_COUNT=0
SAMPLE=855 UTC=2026-09-01T14:53:15+00:00 EXTERNAL_MATCH_COUNT=0
SAMPLE=856 UTC=2026-09-01T14:53:20+00:00 EXTERNAL_MATCH_COUNT=0
SAMPLE=857 UTC=2026-09-01T14:53:25+00:00 EXTERNAL_MATCH_COUNT=0
SAMPLE=858 UTC=2026-09-01T14:53:30+00:00 EXTERNAL_MATCH_COUNT=0
SAMPLE=859 UTC=2026-09-01T14:53:35+00:00 EXTERNAL_MATCH_COUNT=0
SAMPLE=860 UTC=2026-09-01T14:53:40+00:00 EXTERNAL_MATCH_COUNT=0
SAMPLE=861 UTC=2026-09-01T14:53:45+00:00 EXTERNAL_MATCH_COUNT=0
SAMPLE=862 UTC=2026-09-01T14:53:50+00:00 EXTERNAL_MATCH_COUNT=0
SAMPLE=863 UTC=2026-09-01T14:53:55+00:00 EXTERNAL_MATCH_COUNT=0
SAMPLE=864 UTC=2026-09-01T14:54:00+00:00 EXTERNAL_MATCH_COUNT=0
SAMPLE=865 UTC=2026-09-01T14:54:05+00:00 EXTERNAL_MATCH_COUNT=0
SAMPLE=866 UTC=2026-09-01T14:54:10+00:00 EXTERNAL_MATCH_COUNT=0
SAMPLE=867 UTC=2026-09-01T14:54:15+00:00 EXTERNAL_MATCH_COUNT=0
SAMPLE=868 UTC=2026-09-01T14:54:20+00:00 EXTERNAL_MATCH_COUNT=0
SAMPLE=869 UTC=2026-09-01T14:54:26+00:00 EXTERNAL_MATCH_COUNT=0
SAMPLE=870 UTC=2026-09-01T14:54:31+00:00 EXTERNAL_MATCH_COUNT=0
SAMPLE=871 UTC=2026-09-01T14:54:36+00:00 EXTERNAL_MATCH_COUNT=0
SAMPLE=872 UTC=2026-09-01T14:54:41+00:00 EXTERNAL_MATCH_COUNT=0
SAMPLE=873 UTC=2026-09-01T14:54:46+00:00 EXTERNAL_MATCH_COUNT=0
SAMPLE=874 UTC=2026-09-01T14:54:51+00:00 EXTERNAL_MATCH_COUNT=0
SAMPLE=875 UTC=2026-09-01T14:54:56+00:00 EXTERNAL_MATCH_COUNT=0
SAMPLE=876 UTC=2026-09-01T14:55:01+00:00 EXTERNAL_MATCH_COUNT=0
SAMPLE=877 UTC=2026-09-01T14:55:07+00:00 EXTERNAL_MATCH_COUNT=0
SAMPLE=878 UTC=2026-09-01T14:55:12+00:00 EXTERNAL_MATCH_COUNT=0
SAMPLE=879 UTC=2026-09-01T14:55:17+00:00 EXTERNAL_MATCH_COUNT=0
SAMPLE=880 UTC=2026-09-01T14:55:22+00:00 EXTERNAL_MATCH_COUNT=0
SAMPLE=881 UTC=2026-09-01T14:55:27+00:00 EXTERNAL_MATCH_COUNT=0
SAMPLE=882 UTC=2026-09-01T14:55:32+00:00 EXTERNAL_MATCH_COUNT=0
SAMPLE=883 UTC=2026-09-01T14:55:37+00:00 EXTERNAL_MATCH_COUNT=0
SAMPLE=884 UTC=2026-09-01T14:55:42+00:00 EXTERNAL_MATCH_COUNT=0
SAMPLE=885 UTC=2026-09-01T14:55:47+00:00 EXTERNAL_MATCH_COUNT=0
SAMPLE=886 UTC=2026-09-01T14:55:52+00:00 EXTERNAL_MATCH_COUNT=0
SAMPLE=887 UTC=2026-09-01T14:55:58+00:00 EXTERNAL_MATCH_COUNT=0
SAMPLE=888 UTC=2026-09-01T14:56:03+00:00 EXTERNAL_MATCH_COUNT=0
SAMPLE=889 UTC=2026-09-01T14:56:08+00:00 EXTERNAL_MATCH_COUNT=0
SAMPLE=890 UTC=2026-09-01T14:56:13+00:00 EXTERNAL_MATCH_COUNT=0
SAMPLE=891 UTC=2026-09-01T14:56:19+00:00 EXTERNAL_MATCH_COUNT=0
SAMPLE=892 UTC=2026-09-01T14:56:24+00:00 EXTERNAL_MATCH_COUNT=0
SAMPLE=893 UTC=2026-09-01T14:56:29+00:00 EXTERNAL_MATCH_COUNT=0
SAMPLE=894 UTC=2026-09-01T14:56:34+00:00 EXTERNAL_MATCH_COUNT=0
SAMPLE=895 UTC=2026-09-01T14:56:39+00:00 EXTERNAL_MATCH_COUNT=0
SAMPLE=896 UTC=2026-09-01T14:56:45+00:00 EXTERNAL_MATCH_COUNT=0
SAMPLE=897 UTC=2026-09-01T14:56:50+00:00 EXTERNAL_MATCH_COUNT=0
SAMPLE=898 UTC=2026-09-01T14:56:55+00:00 EXTERNAL_MATCH_COUNT=0
SAMPLE=899 UTC=2026-09-01T14:57:00+00:00 EXTERNAL_MATCH_COUNT=0
SAMPLE=900 UTC=2026-09-01T14:57:05+00:00 EXTERNAL_MATCH_COUNT=0
SAMPLE=901 UTC=2026-09-01T14:57:10+00:00 EXTERNAL_MATCH_COUNT=0
SAMPLE=902 UTC=2026-09-01T14:57:15+00:00 EXTERNAL_MATCH_COUNT=0
SAMPLE=903 UTC=2026-09-01T14:57:20+00:00 EXTERNAL_MATCH_COUNT=0
SAMPLE=904 UTC=2026-09-01T14:57:25+00:00 EXTERNAL_MATCH_COUNT=0
SAMPLE=905 UTC=2026-09-01T14:57:30+00:00 EXTERNAL_MATCH_COUNT=0
SAMPLE=906 UTC=2026-09-01T14:57:35+00:00 EXTERNAL_MATCH_COUNT=0
SAMPLE=907 UTC=2026-09-01T14:57:40+00:00 EXTERNAL_MATCH_COUNT=0
SAMPLE=908 UTC=2026-09-01T14:57:45+00:00 EXTERNAL_MATCH_COUNT=0
SAMPLE=909 UTC=2026-09-01T14:57:50+00:00 EXTERNAL_MATCH_COUNT=0
SAMPLE=910 UTC=2026-09-01T14:57:55+00:00 EXTERNAL_MATCH_COUNT=0
SAMPLE=911 UTC=2026-09-01T14:58:00+00:00 EXTERNAL_MATCH_COUNT=0
SAMPLE=912 UTC=2026-09-01T14:58:05+00:00 EXTERNAL_MATCH_COUNT=0
SAMPLE=913 UTC=2026-09-01T14:58:10+00:00 EXTERNAL_MATCH_COUNT=0
SAMPLE=914 UTC=2026-09-01T14:58:15+00:00 EXTERNAL_MATCH_COUNT=0
SAMPLE=915 UTC=2026-09-01T14:58:21+00:00 EXTERNAL_MATCH_COUNT=0
SAMPLE=916 UTC=2026-09-01T14:58:26+00:00 EXTERNAL_MATCH_COUNT=0
SAMPLE=917 UTC=2026-09-01T14:58:31+00:00 EXTERNAL_MATCH_COUNT=0
SAMPLE=918 UTC=2026-09-01T14:58:36+00:00 EXTERNAL_MATCH_COUNT=0
SAMPLE=919 UTC=2026-09-01T14:58:41+00:00 EXTERNAL_MATCH_COUNT=0
SAMPLE=920 UTC=2026-09-01T14:58:46+00:00 EXTERNAL_MATCH_COUNT=0
SAMPLE=921 UTC=2026-09-01T14:58:51+00:00 EXTERNAL_MATCH_COUNT=0
SAMPLE=922 UTC=2026-09-01T14:58:56+00:00 EXTERNAL_MATCH_COUNT=0
SAMPLE=923 UTC=2026-09-01T14:59:01+00:00 EXTERNAL_MATCH_COUNT=0
SAMPLE=924 UTC=2026-09-01T14:59:06+00:00 EXTERNAL_MATCH_COUNT=0
SAMPLE=925 UTC=2026-09-01T14:59:11+00:00 EXTERNAL_MATCH_COUNT=0
SAMPLE=926 UTC=2026-09-01T14:59:16+00:00 EXTERNAL_MATCH_COUNT=0
SAMPLE=927 UTC=2026-09-01T14:59:21+00:00 EXTERNAL_MATCH_COUNT=0
SAMPLE=928 UTC=2026-09-01T14:59:26+00:00 EXTERNAL_MATCH_COUNT=0
SAMPLE=929 UTC=2026-09-01T14:59:31+00:00 EXTERNAL_MATCH_COUNT=0
SAMPLE=930 UTC=2026-09-01T14:59:36+00:00 EXTERNAL_MATCH_COUNT=0
SAMPLE=931 UTC=2026-09-01T14:59:41+00:00 EXTERNAL_MATCH_COUNT=0
SAMPLE=932 UTC=2026-09-01T14:59:47+00:00 EXTERNAL_MATCH_COUNT=0
SAMPLE=933 UTC=2026-09-01T14:59:52+00:00 EXTERNAL_MATCH_COUNT=0
SAMPLE=934 UTC=2026-09-01T14:59:57+00:00 EXTERNAL_MATCH_COUNT=0
SAMPLE=935 UTC=2026-09-01T15:00:02+00:00 EXTERNAL_MATCH_COUNT=0
SAMPLE=936 UTC=2026-09-01T15:00:07+00:00 EXTERNAL_MATCH_COUNT=0
SAMPLE=937 UTC=2026-09-01T15:00:12+00:00 EXTERNAL_MATCH_COUNT=0
SAMPLE=938 UTC=2026-09-01T15:00:17+00:00 EXTERNAL_MATCH_COUNT=0
SAMPLE=939 UTC=2026-09-01T15:00:22+00:00 EXTERNAL_MATCH_COUNT=0
SAMPLE=940 UTC=2026-09-01T15:00:27+00:00 EXTERNAL_MATCH_COUNT=0
SAMPLE=941 UTC=2026-09-01T15:00:32+00:00 EXTERNAL_MATCH_COUNT=0
SAMPLE=942 UTC=2026-09-01T15:00:37+00:00 EXTERNAL_MATCH_COUNT=0
SAMPLE=943 UTC=2026-09-01T15:00:42+00:00 EXTERNAL_MATCH_COUNT=0
SAMPLE=944 UTC=2026-09-01T15:00:47+00:00 EXTERNAL_MATCH_COUNT=0
SAMPLE=945 UTC=2026-09-01T15:00:52+00:00 EXTERNAL_MATCH_COUNT=0
SAMPLE=946 UTC=2026-09-01T15:00:57+00:00 EXTERNAL_MATCH_COUNT=0
SAMPLE=947 UTC=2026-09-01T15:01:02+00:00 EXTERNAL_MATCH_COUNT=0
SAMPLE=948 UTC=2026-09-01T15:01:07+00:00 EXTERNAL_MATCH_COUNT=0
SAMPLE=949 UTC=2026-09-01T15:01:12+00:00 EXTERNAL_MATCH_COUNT=0
SAMPLE=950 UTC=2026-09-01T15:01:18+00:00 EXTERNAL_MATCH_COUNT=0
SAMPLE=951 UTC=2026-09-01T15:01:23+00:00 EXTERNAL_MATCH_COUNT=0
SAMPLE=952 UTC=2026-09-01T15:01:28+00:00 EXTERNAL_MATCH_COUNT=0
SAMPLE=953 UTC=2026-09-01T15:01:33+00:00 EXTERNAL_MATCH_COUNT=0
SAMPLE=954 UTC=2026-09-01T15:01:38+00:00 EXTERNAL_MATCH_COUNT=0
SAMPLE=955 UTC=2026-09-01T15:01:43+00:00 EXTERNAL_MATCH_COUNT=0
SAMPLE=956 UTC=2026-09-01T15:01:48+00:00 EXTERNAL_MATCH_COUNT=0
SAMPLE=957 UTC=2026-09-01T15:01:53+00:00 EXTERNAL_MATCH_COUNT=0
SAMPLE=958 UTC=2026-09-01T15:01:58+00:00 EXTERNAL_MATCH_COUNT=0
SAMPLE=959 UTC=2026-09-01T15:02:03+00:00 EXTERNAL_MATCH_COUNT=0
SAMPLE=960 UTC=2026-09-01T15:02:08+00:00 EXTERNAL_MATCH_COUNT=0
SAMPLE=961 UTC=2026-09-01T15:02:14+00:00 EXTERNAL_MATCH_COUNT=0
SAMPLE=962 UTC=2026-09-01T15:02:19+00:00 EXTERNAL_MATCH_COUNT=0
SAMPLE=963 UTC=2026-09-01T15:02:24+00:00 EXTERNAL_MATCH_COUNT=0
SAMPLE=964 UTC=2026-09-01T15:02:29+00:00 EXTERNAL_MATCH_COUNT=0
SAMPLE=965 UTC=2026-09-01T15:02:34+00:00 EXTERNAL_MATCH_COUNT=0
SAMPLE=966 UTC=2026-09-01T15:02:39+00:00 EXTERNAL_MATCH_COUNT=0
SAMPLE=967 UTC=2026-09-01T15:02:44+00:00 EXTERNAL_MATCH_COUNT=0
SAMPLE=968 UTC=2026-09-01T15:02:49+00:00 EXTERNAL_MATCH_COUNT=0
SAMPLE=969 UTC=2026-09-01T15:02:54+00:00 EXTERNAL_MATCH_COUNT=0
SAMPLE=970 UTC=2026-09-01T15:03:00+00:00 EXTERNAL_MATCH_COUNT=0
SAMPLE=971 UTC=2026-09-01T15:03:05+00:00 EXTERNAL_MATCH_COUNT=0
SAMPLE=972 UTC=2026-09-01T15:03:10+00:00 EXTERNAL_MATCH_COUNT=0
SAMPLE=973 UTC=2026-09-01T15:03:15+00:00 EXTERNAL_MATCH_COUNT=0
SAMPLE=974 UTC=2026-09-01T15:03:20+00:00 EXTERNAL_MATCH_COUNT=0
SAMPLE=975 UTC=2026-09-01T15:03:25+00:00 EXTERNAL_MATCH_COUNT=0
SAMPLE=976 UTC=2026-09-01T15:03:30+00:00 EXTERNAL_MATCH_COUNT=0
SAMPLE=977 UTC=2026-09-01T15:03:35+00:00 EXTERNAL_MATCH_COUNT=0
SAMPLE=978 UTC=2026-09-01T15:03:40+00:00 EXTERNAL_MATCH_COUNT=0
SAMPLE=979 UTC=2026-09-01T15:03:45+00:00 EXTERNAL_MATCH_COUNT=0
SAMPLE=980 UTC=2026-09-01T15:03:50+00:00 EXTERNAL_MATCH_COUNT=0
SAMPLE=981 UTC=2026-09-01T15:03:55+00:00 EXTERNAL_MATCH_COUNT=0
SAMPLE=982 UTC=2026-09-01T15:04:00+00:00 EXTERNAL_MATCH_COUNT=0
SAMPLE=983 UTC=2026-09-01T15:04:05+00:00 EXTERNAL_MATCH_COUNT=0
SAMPLE=984 UTC=2026-09-01T15:04:11+00:00 EXTERNAL_MATCH_COUNT=0
SAMPLE=985 UTC=2026-09-01T15:04:16+00:00 EXTERNAL_MATCH_COUNT=0
SAMPLE=986 UTC=2026-09-01T15:04:21+00:00 EXTERNAL_MATCH_COUNT=0
SAMPLE=987 UTC=2026-09-01T15:04:26+00:00 EXTERNAL_MATCH_COUNT=0
SAMPLE=988 UTC=2026-09-01T15:04:31+00:00 EXTERNAL_MATCH_COUNT=0
SAMPLE=989 UTC=2026-09-01T15:04:36+00:00 EXTERNAL_MATCH_COUNT=0
SAMPLE=990 UTC=2026-09-01T15:04:41+00:00 EXTERNAL_MATCH_COUNT=0
SAMPLE=991 UTC=2026-09-01T15:04:47+00:00 EXTERNAL_MATCH_COUNT=0
SAMPLE=992 UTC=2026-09-01T15:04:53+00:00 EXTERNAL_MATCH_COUNT=0
SAMPLE=993 UTC=2026-09-01T15:04:58+00:00 EXTERNAL_MATCH_COUNT=0
SAMPLE=994 UTC=2026-09-01T15:05:03+00:00 EXTERNAL_MATCH_COUNT=0
SAMPLE=995 UTC=2026-09-01T15:05:08+00:00 EXTERNAL_MATCH_COUNT=0
SAMPLE=996 UTC=2026-09-01T15:05:13+00:00 EXTERNAL_MATCH_COUNT=0
SAMPLE=997 UTC=2026-09-01T15:05:19+00:00 EXTERNAL_MATCH_COUNT=0
SAMPLE=998 UTC=2026-09-01T15:05:24+00:00 EXTERNAL_MATCH_COUNT=0
SAMPLE=999 UTC=2026-09-01T15:05:29+00:00 EXTERNAL_MATCH_COUNT=0
SAMPLE=1000 UTC=2026-09-01T15:05:34+00:00 EXTERNAL_MATCH_COUNT=0
SAMPLE=1001 UTC=2026-09-01T15:05:39+00:00 EXTERNAL_MATCH_COUNT=0
SAMPLE=1002 UTC=2026-09-01T15:05:44+00:00 EXTERNAL_MATCH_COUNT=0
SAMPLE=1003 UTC=2026-09-01T15:05:49+00:00 EXTERNAL_MATCH_COUNT=0
SAMPLE=1004 UTC=2026-09-01T15:05:54+00:00 EXTERNAL_MATCH_COUNT=0
SAMPLE=1005 UTC=2026-09-01T15:06:00+00:00 EXTERNAL_MATCH_COUNT=0
SAMPLE=1006 UTC=2026-09-01T15:06:05+00:00 EXTERNAL_MATCH_COUNT=0
SAMPLE=1007 UTC=2026-09-01T15:06:10+00:00 EXTERNAL_MATCH_COUNT=0
SAMPLE=1008 UTC=2026-09-01T15:06:15+00:00 EXTERNAL_MATCH_COUNT=0
SAMPLE=1009 UTC=2026-09-01T15:06:20+00:00 EXTERNAL_MATCH_COUNT=0
SAMPLE=1010 UTC=2026-09-01T15:06:25+00:00 EXTERNAL_MATCH_COUNT=0
SAMPLE=1011 UTC=2026-09-01T15:06:30+00:00 EXTERNAL_MATCH_COUNT=0
SAMPLE=1012 UTC=2026-09-01T15:06:35+00:00 EXTERNAL_MATCH_COUNT=0
SAMPLE=1013 UTC=2026-09-01T15:06:40+00:00 EXTERNAL_MATCH_COUNT=0
SAMPLE=1014 UTC=2026-09-01T15:06:45+00:00 EXTERNAL_MATCH_COUNT=0
SAMPLE=1015 UTC=2026-09-01T15:06:50+00:00 EXTERNAL_MATCH_COUNT=0
SAMPLE=1016 UTC=2026-09-01T15:06:55+00:00 EXTERNAL_MATCH_COUNT=0
SAMPLE=1017 UTC=2026-09-01T15:07:00+00:00 EXTERNAL_MATCH_COUNT=0
SAMPLE=1018 UTC=2026-09-01T15:07:06+00:00 EXTERNAL_MATCH_COUNT=0
SAMPLE=1019 UTC=2026-09-01T15:07:11+00:00 EXTERNAL_MATCH_COUNT=0
SAMPLE=1020 UTC=2026-09-01T15:07:16+00:00 EXTERNAL_MATCH_COUNT=0
SAMPLE=1021 UTC=2026-09-01T15:07:21+00:00 EXTERNAL_MATCH_COUNT=0
SAMPLE=1022 UTC=2026-09-01T15:07:26+00:00 EXTERNAL_MATCH_COUNT=0
SAMPLE=1023 UTC=2026-09-01T15:07:31+00:00 EXTERNAL_MATCH_COUNT=0
SAMPLE=1024 UTC=2026-09-01T15:07:36+00:00 EXTERNAL_MATCH_COUNT=0
SAMPLE=1025 UTC=2026-09-01T15:07:42+00:00 EXTERNAL_MATCH_COUNT=0
SAMPLE=1026 UTC=2026-09-01T15:07:47+00:00 EXTERNAL_MATCH_COUNT=0
SAMPLE=1027 UTC=2026-09-01T15:07:52+00:00 EXTERNAL_MATCH_COUNT=0
SAMPLE=1028 UTC=2026-09-01T15:07:57+00:00 EXTERNAL_MATCH_COUNT=0
SAMPLE=1029 UTC=2026-09-01T15:08:02+00:00 EXTERNAL_MATCH_COUNT=0
SAMPLE=1030 UTC=2026-09-01T15:08:08+00:00 EXTERNAL_MATCH_COUNT=0
SAMPLE=1031 UTC=2026-09-01T15:08:13+00:00 EXTERNAL_MATCH_COUNT=0
SAMPLE=1032 UTC=2026-09-01T15:08:18+00:00 EXTERNAL_MATCH_COUNT=0
SAMPLE=1033 UTC=2026-09-01T15:08:23+00:00 EXTERNAL_MATCH_COUNT=0
SAMPLE=1034 UTC=2026-09-01T15:08:28+00:00 EXTERNAL_MATCH_COUNT=0
SAMPLE=1035 UTC=2026-09-01T15:08:33+00:00 EXTERNAL_MATCH_COUNT=0
SAMPLE=1036 UTC=2026-09-01T15:08:38+00:00 EXTERNAL_MATCH_COUNT=0
SAMPLE=1037 UTC=2026-09-01T15:08:43+00:00 EXTERNAL_MATCH_COUNT=0
SAMPLE=1038 UTC=2026-09-01T15:08:48+00:00 EXTERNAL_MATCH_COUNT=0
SAMPLE=1039 UTC=2026-09-01T15:08:53+00:00 EXTERNAL_MATCH_COUNT=0
SAMPLE=1040 UTC=2026-09-01T15:08:58+00:00 EXTERNAL_MATCH_COUNT=0
SAMPLE=1041 UTC=2026-09-01T15:09:04+00:00 EXTERNAL_MATCH_COUNT=0
SAMPLE=1042 UTC=2026-09-01T15:09:09+00:00 EXTERNAL_MATCH_COUNT=0
SAMPLE=1043 UTC=2026-09-01T15:09:14+00:00 EXTERNAL_MATCH_COUNT=0
SAMPLE=1044 UTC=2026-09-01T15:09:19+00:00 EXTERNAL_MATCH_COUNT=0
SAMPLE=1045 UTC=2026-09-01T15:09:24+00:00 EXTERNAL_MATCH_COUNT=0
SAMPLE=1046 UTC=2026-09-01T15:09:29+00:00 EXTERNAL_MATCH_COUNT=0
SAMPLE=1047 UTC=2026-09-01T15:09:34+00:00 EXTERNAL_MATCH_COUNT=0
SAMPLE=1048 UTC=2026-09-01T15:09:39+00:00 EXTERNAL_MATCH_COUNT=0
SAMPLE=1049 UTC=2026-09-01T15:09:44+00:00 EXTERNAL_MATCH_COUNT=0
SAMPLE=1050 UTC=2026-09-01T15:09:49+00:00 EXTERNAL_MATCH_COUNT=0
SAMPLE=1051 UTC=2026-09-01T15:09:54+00:00 EXTERNAL_MATCH_COUNT=0
SAMPLE=1052 UTC=2026-09-01T15:09:59+00:00 EXTERNAL_MATCH_COUNT=0
SAMPLE=1053 UTC=2026-09-01T15:10:05+00:00 EXTERNAL_MATCH_COUNT=0
SAMPLE=1054 UTC=2026-09-01T15:10:10+00:00 EXTERNAL_MATCH_COUNT=0
SAMPLE=1055 UTC=2026-09-01T15:10:15+00:00 EXTERNAL_MATCH_COUNT=0
SAMPLE=1056 UTC=2026-09-01T15:10:20+00:00 EXTERNAL_MATCH_COUNT=0
SAMPLE=1057 UTC=2026-09-01T15:10:25+00:00 EXTERNAL_MATCH_COUNT=0
SAMPLE=1058 UTC=2026-09-01T15:10:30+00:00 EXTERNAL_MATCH_COUNT=0
SAMPLE=1059 UTC=2026-09-01T15:10:35+00:00 EXTERNAL_MATCH_COUNT=0
SAMPLE=1060 UTC=2026-09-01T15:10:40+00:00 EXTERNAL_MATCH_COUNT=0
SAMPLE=1061 UTC=2026-09-01T15:10:45+00:00 EXTERNAL_MATCH_COUNT=0
SAMPLE=1062 UTC=2026-09-01T15:10:50+00:00 EXTERNAL_MATCH_COUNT=0
SAMPLE=1063 UTC=2026-09-01T15:10:55+00:00 EXTERNAL_MATCH_COUNT=0
SAMPLE=1064 UTC=2026-09-01T15:11:00+00:00 EXTERNAL_MATCH_COUNT=0
SAMPLE=1065 UTC=2026-09-01T15:11:06+00:00 EXTERNAL_MATCH_COUNT=0
SAMPLE=1066 UTC=2026-09-01T15:11:11+00:00 EXTERNAL_MATCH_COUNT=0
SAMPLE=1067 UTC=2026-09-01T15:11:16+00:00 EXTERNAL_MATCH_COUNT=0
SAMPLE=1068 UTC=2026-09-01T15:11:21+00:00 EXTERNAL_MATCH_COUNT=0
SAMPLE=1069 UTC=2026-09-01T15:11:26+00:00 EXTERNAL_MATCH_COUNT=0
SAMPLE=1070 UTC=2026-09-01T15:11:31+00:00 EXTERNAL_MATCH_COUNT=0
SAMPLE=1071 UTC=2026-09-01T15:11:36+00:00 EXTERNAL_MATCH_COUNT=0
SAMPLE=1072 UTC=2026-09-01T15:11:41+00:00 EXTERNAL_MATCH_COUNT=0
SAMPLE=1073 UTC=2026-09-01T15:11:46+00:00 EXTERNAL_MATCH_COUNT=0
SAMPLE=1074 UTC=2026-09-01T15:11:51+00:00 EXTERNAL_MATCH_COUNT=0
SAMPLE=1075 UTC=2026-09-01T15:11:56+00:00 EXTERNAL_MATCH_COUNT=0
SAMPLE=1076 UTC=2026-09-01T15:12:01+00:00 EXTERNAL_MATCH_COUNT=0
SAMPLE=1077 UTC=2026-09-01T15:12:07+00:00 EXTERNAL_MATCH_COUNT=0
SAMPLE=1078 UTC=2026-09-01T15:12:12+00:00 EXTERNAL_MATCH_COUNT=0
SAMPLE=1079 UTC=2026-09-01T15:12:17+00:00 EXTERNAL_MATCH_COUNT=0
SAMPLE=1080 UTC=2026-09-01T15:12:22+00:00 EXTERNAL_MATCH_COUNT=0
SAMPLE=1081 UTC=2026-09-01T15:12:27+00:00 EXTERNAL_MATCH_COUNT=0
SAMPLE=1082 UTC=2026-09-01T15:12:32+00:00 EXTERNAL_MATCH_COUNT=0
SAMPLE=1083 UTC=2026-09-01T15:12:37+00:00 EXTERNAL_MATCH_COUNT=0
SAMPLE=1084 UTC=2026-09-01T15:12:42+00:00 EXTERNAL_MATCH_COUNT=0
SAMPLE=1085 UTC=2026-09-01T15:12:47+00:00 EXTERNAL_MATCH_COUNT=0
SAMPLE=1086 UTC=2026-09-01T15:12:52+00:00 EXTERNAL_MATCH_COUNT=0
SAMPLE=1087 UTC=2026-09-01T15:12:57+00:00 EXTERNAL_MATCH_COUNT=0
SAMPLE=1088 UTC=2026-09-01T15:13:02+00:00 EXTERNAL_MATCH_COUNT=0
SAMPLE=1089 UTC=2026-09-01T15:13:07+00:00 EXTERNAL_MATCH_COUNT=0
SAMPLE=1090 UTC=2026-09-01T15:13:12+00:00 EXTERNAL_MATCH_COUNT=0
SAMPLE=1091 UTC=2026-09-01T15:13:17+00:00 EXTERNAL_MATCH_COUNT=0
SAMPLE=1092 UTC=2026-09-01T15:13:23+00:00 EXTERNAL_MATCH_COUNT=0
SAMPLE=1093 UTC=2026-09-01T15:13:28+00:00 EXTERNAL_MATCH_COUNT=0
SAMPLE=1094 UTC=2026-09-01T15:13:33+00:00 EXTERNAL_MATCH_COUNT=0
SAMPLE=1095 UTC=2026-09-01T15:13:38+00:00 EXTERNAL_MATCH_COUNT=0
SAMPLE=1096 UTC=2026-09-01T15:13:43+00:00 EXTERNAL_MATCH_COUNT=0
SAMPLE=1097 UTC=2026-09-01T15:13:48+00:00 EXTERNAL_MATCH_COUNT=0
SAMPLE=1098 UTC=2026-09-01T15:13:53+00:00 EXTERNAL_MATCH_COUNT=0
SAMPLE=1099 UTC=2026-09-01T15:13:58+00:00 EXTERNAL_MATCH_COUNT=0
SAMPLE=1100 UTC=2026-09-01T15:14:03+00:00 EXTERNAL_MATCH_COUNT=0
SAMPLE=1101 UTC=2026-09-01T15:14:08+00:00 EXTERNAL_MATCH_COUNT=0
SAMPLE=1102 UTC=2026-09-01T15:14:13+00:00 EXTERNAL_MATCH_COUNT=0
SAMPLE=1103 UTC=2026-09-01T15:14:18+00:00 EXTERNAL_MATCH_COUNT=0
SAMPLE=1104 UTC=2026-09-01T15:14:23+00:00 EXTERNAL_MATCH_COUNT=0
SAMPLE=1105 UTC=2026-09-01T15:14:28+00:00 EXTERNAL_MATCH_COUNT=0
SAMPLE=1106 UTC=2026-09-01T15:14:33+00:00 EXTERNAL_MATCH_COUNT=0
SAMPLE=1107 UTC=2026-09-01T15:14:39+00:00 EXTERNAL_MATCH_COUNT=0
SAMPLE=1108 UTC=2026-09-01T15:14:44+00:00 EXTERNAL_MATCH_COUNT=0
SAMPLE=1109 UTC=2026-09-01T15:14:49+00:00 EXTERNAL_MATCH_COUNT=0
SAMPLE=1110 UTC=2026-09-01T15:14:54+00:00 EXTERNAL_MATCH_COUNT=0
SAMPLE=1111 UTC=2026-09-01T15:14:59+00:00 EXTERNAL_MATCH_COUNT=0
MONITOR_END_UTC=2026-09-01T15:14:59+00:00
MONITOR_SAMPLE_COUNT=1111
MONITOR_UNIQUE_EXTERNAL_MATCH_COUNT=0
